Component: ARM Compiler 5.06 update 7 (build 960) Tool: armlink [4d3601]

==============================================================================

Section Cross References

    main.o(i.Hardware_Init) refers to misc.o(i.NVIC_PriorityGroupConfig) for NVIC_PriorityGroupConfig
    main.o(i.Hardware_Init) refers to delay.o(i.delay_init) for delay_init
    main.o(i.Hardware_Init) refers to tba.o(i.Tba_Init) for Tba_Init
    main.o(i.Hardware_Init) refers to infrared.o(i.Infrared_Init) for Infrared_Init
    main.o(i.Hardware_Init) refers to cba.o(i.Cba_Init) for Cba_Init
    main.o(i.Hardware_Init) refers to ultrasonic.o(i.Ultrasonic_Init) for Ultrasonic_Init
    main.o(i.Hardware_Init) refers to hard_can.o(i.Hard_Can_Init) for Hard_Can_Init
    main.o(i.Hardware_Init) refers to bh1750.o(i.BH1750_Configure) for BH1750_Configure
    main.o(i.Hardware_Init) refers to syn7318.o(i.SYN7318_Init) for SYN7318_Init
    main.o(i.Hardware_Init) refers to power_check.o(i.Electricity_Init) for Electricity_Init
    main.o(i.Hardware_Init) refers to can_check.o(i.Can_check_Init) for Can_check_Init
    main.o(i.Hardware_Init) refers to roadway_check.o(i.roadway_check_TimInit) for roadway_check_TimInit
    main.o(i.Hardware_Init) refers to timer.o(i.Timer_Init) for Timer_Init
    main.o(i.Hardware_Init) refers to rc522.o(i.Readcard_daivce_Init) for Readcard_daivce_Init
    main.o(i.KEY_Check) refers to fun_motor.o(i.Fun_Track) for Fun_Track
    main.o(i.KEY_Check) refers to canp_hostcom.o(i.Get_Host_UpTrack) for Get_Host_UpTrack
    main.o(i.KEY_Check) refers to printf5.o(i.__0printf$5) for __2printf
    main.o(i.KEY_Check) refers to delay.o(i.delay_ms) for delay_ms
    main.o(i.KEY_Check) refers to fun_motor.o(i.Fun_Go_Back) for Fun_Go_Back
    main.o(i.KEY_Check) refers to fun_motor.o(i.Fun_Track_Go) for Fun_Track_Go
    main.o(i.KEY_Check) refers to agv_car.o(i.AGV_Car_Rode3) for AGV_Car_Rode3
    main.o(i.KEY_Check) refers to agv_car.o(i.AGV_Car_Start) for AGV_Car_Start
    main.o(i.KEY_Check) refers to plan.o(.data) for Host_Car_Run_Flag
    main.o(i.TIM2_IRQHandler) refers to stm32f4xx_tim.o(i.TIM_GetITStatus) for TIM_GetITStatus
    main.o(i.TIM2_IRQHandler) refers to can_user.o(i.Can_ZigBeeRx_Check) for Can_ZigBeeRx_Check
    main.o(i.TIM2_IRQHandler) refers to agv_car.o(i.AGV_Car_Zigbee) for AGV_Car_Zigbee
    main.o(i.TIM2_IRQHandler) refers to stm32f4xx_tim.o(i.TIM_ClearITPendingBit) for TIM_ClearITPendingBit
    main.o(i.TIM_Mode_Config) refers to stm32f4xx_rcc.o(i.RCC_APB1PeriphClockCmd) for RCC_APB1PeriphClockCmd
    main.o(i.TIM_Mode_Config) refers to stm32f4xx_tim.o(i.TIM_TimeBaseInit) for TIM_TimeBaseInit
    main.o(i.TIM_Mode_Config) refers to stm32f4xx_tim.o(i.TIM_ClearFlag) for TIM_ClearFlag
    main.o(i.TIM_Mode_Config) refers to stm32f4xx_tim.o(i.TIM_ITConfig) for TIM_ITConfig
    main.o(i.TIM_Mode_Config) refers to stm32f4xx_tim.o(i.TIM_Cmd) for TIM_Cmd
    main.o(i.TIMx_Configuration) refers to main.o(i.TIMx_NVIC_Configuration) for TIMx_NVIC_Configuration
    main.o(i.TIMx_Configuration) refers to main.o(i.TIM_Mode_Config) for TIM_Mode_Config
    main.o(i.TIMx_NVIC_Configuration) refers to misc.o(i.NVIC_PriorityGroupConfig) for NVIC_PriorityGroupConfig
    main.o(i.TIMx_NVIC_Configuration) refers to misc.o(i.NVIC_Init) for NVIC_Init
    main.o(i.main) refers to main.o(i.Hardware_Init) for Hardware_Init
    main.o(i.main) refers to timer.o(i.gt_get) for gt_get
    main.o(i.main) refers to canp_hostcom.o(i.Send_UpMotor) for Send_UpMotor
    main.o(i.main) refers to cba.o(i.Cba_Beep) for Cba_Beep
    main.o(i.main) refers to main.o(i.KEY_Check) for KEY_Check
    main.o(i.main) refers to can_user.o(i.Can_ZigBeeRx_Check) for Can_ZigBeeRx_Check
    main.o(i.main) refers to agv_car.o(i.AGV_Car_Zigbee) for AGV_Car_Zigbee
    main.o(i.main) refers to a72.o(i.WifiRx_Check) for WifiRx_Check
    main.o(i.main) refers to roadway_check.o(i.Stop_Flag_Cheack) for Stop_Flag_Cheack
    main.o(i.main) refers to plan.o(i.plan) for plan
    main.o(i.main) refers to timer.o(i.gt_get_sub) for gt_get_sub
    main.o(i.main) refers to power_check.o(i.Power_Check) for Power_Check
    main.o(i.main) refers to rc522.o(i.Rc522_GetLinkFlag) for Rc522_GetLinkFlag
    main.o(i.main) refers to rc522.o(i.Readcard_daivce_Init) for Readcard_daivce_Init
    main.o(i.main) refers to rc522.o(i.Rc522_LinkTest) for Rc522_LinkTest
    main.o(i.main) refers to main.o(.data) for LED_twinkle_times
    main.o(i.main) refers to data_base.o(.bss) for Principal_Tab
    main.o(i.main) refers to plan.o(.data) for Host_Car_Run_Flag
    plan.o(i.plan) refers to delay.o(i.delay_ms) for delay_ms
    plan.o(i.plan) refers to fun_motor.o(i.Fun_Track_Go) for Fun_Track_Go
    plan.o(i.plan) refers to fun_motor.o(i.Fun_Track_wheel_L) for Fun_Track_wheel_L
    plan.o(i.plan) refers to fun_motor.o(i.Fun_Track) for Fun_Track
    plan.o(i.plan) refers to fun_motor.o(i.Fun_Go_Back) for Fun_Go_Back
[...]
    Che_Ku_Floor_Flag                        0x2000030e   Data           1  can_user.o(.data)
    Che_Ku_IRD_Flag                          0x2000030f   Data           1  can_user.o(.data)
    run_mode                                 0x2000031c   Data           1  can_user.o(.data)
    .data                                    0x20000320   Section        4  stdout.o(.data)
    .bss                                     0x20000324   Section      200  a72.o(.bss)
    .bss                                     0x200003ec   Section      220  uart_drv.o(.bss)
    .bss                                     0x200004c8   Section      116  data_base.o(.bss)
    RFID_Card                                0x200004c8   Data          16  data_base.o(.bss)
    .bss                                     0x2000053c   Section       16  roadway_check.o(.bss)
    RFID_Card                                0x2000053c   Data          16  roadway_check.o(.bss)
    .bss                                     0x2000054c   Section       64  data_filtering.o(.bss)
    _buff                                    0x20000564   Data          40  data_filtering.o(.bss)
    .bss                                     0x2000058c   Section       40  can_drv.o(.bss)
    TxMessage                                0x2000058c   Data          20  can_drv.o(.bss)
    RxMessage                                0x200005a0   Data          20  can_drv.o(.bss)
    .bss                                     0x200005b4   Section      524  canp_hostcom.o(.bss)
    .bss                                     0x200007c0   Section       40  hard_can.o(.bss)
    .bss                                     0x200007e8   Section      216  can_user.o(.bss)
    RFID_Card                                0x200007e8   Data          16  can_user.o(.bss)
    STACK                                    0x200008c0   Section     1024  startup_stm32f40_41xxx.o(STACK)

    Global Symbols

    Symbol Name                              Value     Ov Type        Size  Object(Section)

    BuildAttributes$$THM_ISAv4$E$P$D$K$B$S$7EM$VFPi3$EXTD16$VFPS$VFMA$PE$A:L22UL41UL21$X:L11$S22US41US21$IEEE1$IW$USESV6$~STKCKD$USESV7$~SHL$OTIME$ROPI$EBA8$MICROLIB$REQ8$PRES8$EABIv2 0x00000000   Number         0  anon$$obj.o ABSOLUTE
    __ARM_use_no_argv                        0x00000000   Number         0  main.o ABSOLUTE
    _printf_a                                0x00000000   Number         0  stubs.o ABSOLUTE
    _printf_c                                0x00000000   Number         0  stubs.o ABSOLUTE
    _printf_charcount                        0x00000000   Number         0  stubs.o ABSOLUTE
    _printf_d                                0x00000000   Number         0  stubs.o ABSOLUTE
    _printf_e                                0x00000000   Number         0  stubs.o ABSOLUTE
    _printf_f                                0x00000000   Number         0  stubs.o ABSOLUTE
    _printf_flags                            0x00000000   Number         0  stubs.o ABSOLUTE
    _printf_fp_dec                           0x00000000   Number         0  stubs.o ABSOLUTE
    _printf_fp_hex                           0x00000000   Number         0  stubs.o ABSOLUTE
    _printf_g                                0x00000000   Number         0  stubs.o ABSOLUTE
    _printf_i                                0x00000000   Number         0  stubs.o ABSOLUTE
    _printf_int_dec                          0x00000000   Number         0  stubs.o ABSOLUTE
    _printf_l                                0x00000000   Number         0  stubs.o ABSOLUTE
    _printf_lc                               0x00000000   Number         0  stubs.o ABSOLUTE
    _printf_ll                               0x00000000   Number         0  stubs.o ABSOLUTE
    _printf_lld                              0x00000000   Number         0  stubs.o ABSOLUTE
    _printf_lli                              0x00000000   Number         0  stubs.o ABSOLUTE
    _printf_llo                              0x00000000   Number         0  stubs.o ABSOLUTE
    _printf_llu                              0x00000000   Number         0  stubs.o ABSOLUTE
    _printf_llx                              0x00000000   Number         0  stubs.o ABSOLUTE
    _printf_longlong_dec                     0x00000000   Number         0  stubs.o ABSOLUTE
    _printf_longlong_hex                     0x00000000   Number         0  stubs.o ABSOLUTE
    _printf_longlong_oct                     0x00000000   Number         0  stubs.o ABSOLUTE
    _printf_ls                               0x00000000   Number         0  stubs.o ABSOLUTE
    _printf_mbtowc                           0x00000000   Number         0  stubs.o ABSOLUTE
    _printf_n                                0x00000000   Number         0  stubs.o ABSOLUTE
    _printf_o                                0x00000000   Number         0  stubs.o ABSOLUTE
    _printf_p                                0x00000000   Number         0  stubs.o ABSOLUTE
    _printf_percent                          0x00000000   Number         0  stubs.o ABSOLUTE
    _printf_pre_padding                      0x00000000   Number         0  stubs.o ABSOLUTE
    _printf_return_value                     0x00000000   Number         0  stubs.o ABSOLUTE
    _printf_s                                0x00000000   Number         0  stubs.o ABSOLUTE
    _printf_sizespec                         0x00000000   Number         0  stubs.o ABSOLUTE
    _printf_str                              0x00000000   Number         0  stubs.o ABSOLUTE
    _printf_truncate_signed                  0x00000000   Number         0  stubs.o ABSOLUTE
    _printf_truncate_unsigned                0x00000000   Number         0  stubs.o ABSOLUTE
    _printf_u                                0x00000000   Number         0  stubs.o ABSOLUTE
    _printf_wc                               0x00000000   Number         0  stubs.o ABSOLUTE
    _printf_wctomb                           0x00000000   Number         0  stubs.o ABSOLUTE
    _printf_widthprec                        0x00000000   Number         0  stubs.o ABSOLUTE
    _printf_x                                0x00000000   Number         0  stubs.o ABSOLUTE
    __arm_fini_                               - Undefined Weak Reference
    __cpp_initialize__aeabi_                  - Undefined Weak Reference
    __cxa_finalize                            - Undefined Weak Reference
    _clock_init                               - Undefined Weak Reference
    _microlib_exit                            - Undefined Weak Reference
    _scanf_longlong                           - Undefined Weak Reference
    _scanf_real                               - Undefined Weak Reference
    _scanf_string                             - Undefined Weak Reference
    __Vectors_Size                           0x00000188   Number         0  startup_stm32f40_41xxx.o ABSOLUTE
    __Vectors                                0x08000000   Data           4  startup_stm32f40_41xxx.o(RESET)
    __Vectors_End                            0x08000188   Data           0  startup_stm32f40_41xxx.o(RESET)
    __main                                   0x08000189   Thumb Code     0  entry.o(.ARM.Collect$$$$00000000)
    _main_stk                                0x08000189   Thumb Code     0  entry2.o(.ARM.Collect$$$$00000001)
    _main_scatterload                        0x0800018d   Thumb Code     0  entry5.o(.ARM.Collect$$$$00000004)
    __main_after_scatterload                 0x08000191   Thumb Code     0  entry5.o(.ARM.Collect$$$$00000004)
    _main_clock                              0x08000191   Thumb Code     0  entry7b.o(.ARM.Collect$$$$00000008)
    _main_cpp_init                           0x08000191   Thumb Code     0  entry8b.o(.ARM.Collect$$$$0000000A)
    _main_init                               0x08000191   Thumb Code     0  entry9a.o(.ARM.Collect$$$$0000000B)
    __rt_lib_shutdown_fini                   0x08000199   Thumb Code     0  entry12b.o(.ARM.Collect$$$$0000000E)
    __rt_final_cpp                           0x0800019d   Thumb Code     0  entry10a.o(.ARM.Collect$$$$0000000F)
    __rt_final_exit                          0x0800019d   Thumb Code     0  entry11a.o(.ARM.Collect$$$$00000011)
    Reset_Handler                            0x080001a1   Thumb Code     8  startup_stm32f40_41xxx.o(.text)
    NMI_Handler                              0x080001a9   Thumb Code     2  startup_stm32f40_41xxx.o(.text)
    HardFault_Handler                        0x080001ab   Thumb Code     2  startup_stm32f40_41xxx.o(.text)
    MemManage_Handler                        0x080001ad   Thumb Code     2  startup_stm32f40_41xxx.o(.text)
    BusFault_Handler                         0x080001af   Thumb Code     2  startup_stm32f40_41xxx.o(.text)
    UsageFault_Handler                       0x080001b1   Thumb Code     2  startup_stm32f40_41xxx.o(.text)
    SVC_Handler                              0x080001b3   Thumb Code     2  startup_stm32f40_41xxx.o(.text)
    DebugMon_Handler                         0x080001b5   Thumb Code     2  startup_stm32f40_41xxx.o(.text)
    PendSV_Handler                           0x080001b7   Thumb Code     2  startup_stm32f40_41xxx.o(.text)
    SysTick_Handler                          0x080001b9   Thumb Code     2  startup_stm32f40_41xxx.o(.text)
    ADC_IRQHandler                           0x080001bb   Thumb Code     0  startup_stm32f40_41xxx.o(.text)
    CAN1_RX0_IRQHandler                      0x080001bb   Thumb Code     0  startup_stm32f40_41xxx.o(.text)
    CAN1_RX1_IRQHandler                      0x080001bb   Thumb Code     0  startup_stm32f40_41xxx.o(.text)
    CAN1_SCE_IRQHandler                      0x080001bb   Thumb Code     0  startup_stm32f40_41xxx.o(.text)
    CAN1_TX_IRQHandler                       0x080001bb   Thumb Code     0  startup_stm32f40_41xxx.o(.text)
    CAN2_RX0_IRQHandler                      0x080001bb   Thumb Code     0  startup_stm32f40_41xxx.o(.text)
    CAN2_RX1_IRQHandler                      0x080001bb   Thumb Code     0  startup_stm32f40_41xxx.o(.text)
    CAN2_SCE_IRQHandler                      0x080001bb   Thumb Code     0  startup_stm32f40_41xxx.o(.text)
    CAN2_TX_IRQHandler                       0x080001bb   Thumb Code     0  startup_stm32f40_41xxx.o(.text)
    CRYP_IRQHandler                          0x080001bb   Thumb Code     0  startup_stm32f40_41xxx.o(.text)
    DCMI_IRQHandler                          0x080001bb   Thumb Code     0  startup_stm32f40_41xxx.o(.text)
    DMA1_Stream0_IRQHandler                  0x080001bb   Thumb Code     0  startup_stm32f40_41xxx.o(.text)
    DMA1_Stream1_IRQHandler                  0x080001bb   Thumb Code     0  startup_stm32f40_41xxx.o(.text)
    DMA1_Stream2_IRQHandler                  0x080001bb   Thumb Code     0  startup_stm32f40_41xxx.o(.text)
    DMA1_Stream3_IRQHandler                  0x080001bb   Thumb Code     0  startup_stm32f40_41xxx.o(.text)
    DMA1_Stream4_IRQHandler                  0x080001bb   Thumb Code     0  startup_stm32f40_41xxx.o(.text)
    DMA1_Stream5_IRQHandler                  0x080001bb   Thumb Code     0  startup_stm32f40_41xxx.o(.text)
    DMA1_Stream6_IRQHandler                  0x080001bb   Thumb Code     0  startup_stm32f40_41xxx.o(.text)
    DMA1_Stream7_IRQHandler                  0x080001bb   Thumb Code     0  startup_stm32f40_41xxx.o(.text)
    DMA2_Stream0_IRQHandler                  0x080001bb   Thumb Code     0  startup_stm32f40_41xxx.o(.text)
    DMA2_Stream1_IRQHandler                  0x080001bb   Thumb Code     0  startup_stm32f40_41xxx.o(.text)
    DMA2_Stream2_IRQHandler                  0x080001bb   Thumb Code     0  startup_stm32f40_41xxx.o(.text)
    DMA2_Stream3_IRQHandler                  0x080001bb   Thumb Code     0  startup_stm32f40_41xxx.o(.text)
    DMA2_Stream4_IRQHandler                  0x080001bb   Thumb Code     0  startup_stm32f40_41xxx.o(.text)
    DMA2_Stream5_IRQHandler                  0x080001bb   Thumb Code     0  startup_stm32f40_41xxx.o(.text)
    DMA2_Stream6_IRQHandler                  0x080001bb   Thumb Code     0  startup_stm32f40_41xxx.o(.text)
    DMA2_Stream7_IRQHandler                  0x080001bb   Thumb Code     0  startup_stm32f40_41xxx.o(.text)
    ETH_IRQHandler                           0x080001bb   Thumb Code     0  startup_stm32f40_41xxx.o(.text)
    ETH_WKUP_IRQHandler                      0x080001bb   Thumb Code     0  startup_stm32f40_41xxx.o(.text)
    EXTI0_IRQHandler                         0x080001bb   Thumb Code     0  startup_stm32f40_41xxx.o(.text)
    EXTI15_10_IRQHandler                     0x080001bb   Thumb Code     0  startup_stm32f40_41xxx.o(.text)
    EXTI1_IRQHandler                         0x080001bb   Thumb Code     0  startup_stm32f40_41xxx.o(.text)
    EXTI2_IRQHandler                         0x080001bb   Thumb Code     0  startup_stm32f40_41xxx.o(.text)
    EXTI3_IRQHandler                         0x080001bb   Thumb Code     0  startup_stm32f40_41xxx.o(.text)
    EXTI9_5_IRQHandler                       0x080001bb   Thumb Code     0  startup_stm32f40_41xxx.o(.text)
    FLASH_IRQHandler                         0x080001bb   Thumb Code     0  startup_stm32f40_41xxx.o(.text)
    FPU_IRQHandler                           0x080001bb   Thumb Code     0  startup_stm32f40_41xxx.o(.text)
    FSMC_IRQHandler                          0x080001bb   Thumb Code     0  startup_stm32f40_41xxx.o(.text)
    HASH_RNG_IRQHandler                      0x080001bb   Thumb Code     0  startup_stm32f40_41xxx.o(.text)
    I2C1_ER_IRQHandler                       0x080001bb   Thumb Code     0  startup_stm32f40_41xxx.o(.text)
    I2C1_EV_IRQHandler                       0x080001bb   Thumb Code     0  startup_stm32f40_41xxx.o(.text)
    I2C2_ER_IRQHandler                       0x080001bb   Thumb Code     0  startup_stm32f40_41xxx.o(.text)
    I2C2_EV_IRQHandler                       0x080001bb   Thumb Code     0  startup_stm32f40_41xxx.o(.text)
    I2C3_ER_IRQHandler                       0x080001bb   Thumb Code     0  startup_stm32f40_41xxx.o(.text)
    I2C3_EV_IRQHandler                       0x080001bb   Thumb Code     0  startup_stm32f40_41xxx.o(.text)
    OTG_FS_IRQHandler                        0x080001bb   Thumb Code     0  startup_stm32f40_41xxx.o(.text)
    OTG_FS_WKUP_IRQHandler                   0x080001bb   Thumb Code     0  startup_stm32f40_41xxx.o(.text)
    OTG_HS_EP1_IN_IRQHandler                 0x080001bb   Thumb Code     0  startup_stm32f40_41xxx.o(.text)
    OTG_HS_EP1_OUT_IRQHandler                0x080001bb   Thumb Code     0  startup_stm32f40_41xxx.o(.text)
    OTG_HS_IRQHandler                        0x080001bb   Thumb Code     0  startup_stm32f40_41xxx.o(.text)
    OTG_HS_WKUP_IRQHandler                   0x080001bb   Thumb Code     0  startup_stm32f40_41xxx.o(.text)
    PVD_IRQHandler                           0x080001bb   Thumb Code     0  startup_stm32f40_41xxx.o(.text)
    RCC_IRQHandler                           0x080001bb   Thumb Code     0  startup_stm32f40_41xxx.o(.text)
    RTC_Alarm_IRQHandler                     0x080001bb   Thumb Code     0  startup_stm32f40_41xxx.o(.text)
    RTC_WKUP_IRQHandler                      0x080001bb   Thumb Code     0  startup_stm32f40_41xxx.o(.text)
    SDIO_IRQHandler                          0x080001bb   Thumb Code     0  startup_stm32f40_41xxx.o(.text)
    SPI1_IRQHandler                          0x080001bb   Thumb Code     0  startup_stm32f40_41xxx.o(.text)
    SPI2_IRQHandler                          0x080001bb   Thumb Code     0  startup_stm32f40_41xxx.o(.text)
    SPI3_IRQHandler                          0x080001bb   Thumb Code     0  startup_stm32f40_41xxx.o(.text)
    TAMP_STAMP_IRQHandler                    0x080001bb   Thumb Code     0  startup_stm32f40_41xxx.o(.text)
    TIM1_CC_IRQHandler                       0x080001bb   Thumb Code     0  startup_stm32f40_41xxx.o(.text)
    TIM1_TRG_COM_TIM11_IRQHandler            0x080001bb   Thumb Code     0  startup_stm32f40_41xxx.o(.text)
    TIM3_IRQHandler                          0x080001bb   Thumb Code     0  startup_stm32f40_41xxx.o(.text)
    TIM4_IRQHandler                          0x080001bb   Thumb Code     0  startup_stm32f40_41xxx.o(.text)
    TIM5_IRQHandler                          0x080001bb   Thumb Code     0  startup_stm32f40_41xxx.o(.text)
    TIM8_BRK_TIM12_IRQHandler                0x080001bb   Thumb Code     0  startup_stm32f40_41xxx.o(.text)
    TIM8_CC_IRQHandler                       0x080001bb   Thumb Code     0  startup_stm32f40_41xxx.o(.text)
    TIM8_TRG_COM_TIM14_IRQHandler            0x080001bb   Thumb Code     0  startup_stm32f40_41xxx.o(.text)
    TIM8_UP_TIM13_IRQHandler                 0x080001bb   Thumb Code     0  startup_stm32f40_41xxx.o(.text)
    UART5_IRQHandler                         0x080001bb   Thumb Code     0  startup_stm32f40_41xxx.o(.text)
    USART3_IRQHandler                        0x080001bb   Thumb Code     0  startup_stm32f40_41xxx.o(.text)
    USART6_IRQHandler                        0x080001bb   Thumb Code     0  startup_stm32f40_41xxx.o(.text)
    WWDG_IRQHandler                          0x080001bb   Thumb Code     0  startup_stm32f40_41xxx.o(.text)
    __aeabi_memcpy                           0x080001c5   Thumb Code    36  memcpya.o(.text)
    __aeabi_memcpy4                          0x080001c5   Thumb Code     0  memcpya.o(.text)
    __aeabi_memcpy8                          0x080001c5   Thumb Code     0  memcpya.o(.text)
    __aeabi_memset                           0x080001e9   Thumb Code    14  memseta.o(.text)
    __aeabi_memset4                          0x080001e9   Thumb Code     0  memseta.o(.text)
    __aeabi_memset8                          0x080001e9   Thumb Code     0  memseta.o(.text)
    __aeabi_memclr                           0x080001f7   Thumb Code     4  memseta.o(.text)
    __aeabi_memclr4                          0x080001f7   Thumb Code     0  memseta.o(.text)
    __aeabi_memclr8                          0x080001f7   Thumb Code     0  memseta.o(.text)
    _memset$wrapper                          0x080001fb   Thumb Code    18  memseta.o(.text)
    __aeabi_dadd                             0x0800020d   Thumb Code   322  dadd.o(.text)
    __aeabi_dsub                             0x0800034f   Thumb Code     6  dadd.o(.text)
    __aeabi_drsub                            0x08000355   Thumb Code     6  dadd.o(.text)
    __aeabi_dmul                             0x0800035b   Thumb Code   228  dmul.o(.text)
    __aeabi_ddiv                             0x0800043f   Thumb Code   222  ddiv.o(.text)
    __aeabi_ui2d                             0x0800051d   Thumb Code    26  dfltui.o(.text)
    __aeabi_f2d                              0x08000537   Thumb Code    38  f2d.o(.text)
    __aeabi_d2f                              0x0800055d   Thumb Code    56  d2f.o(.text)
    __aeabi_uldivmod                         0x08000595   Thumb Code    98  uldiv.o(.text)
    __aeabi_llsl                             0x080005f7   Thumb Code    30  llshl.o(.text)
    _ll_shift_l                              0x080005f7   Thumb Code     0  llshl.o(.text)
    __aeabi_llsr                             0x08000615   Thumb Code    32  llushr.o(.text)
    _ll_ushift_r                             0x08000615   Thumb Code     0  llushr.o(.text)
    __aeabi_lasr                             0x08000635   Thumb Code    36  llsshr.o(.text)
    _ll_sshift_r                             0x08000635   Thumb Code     0  llsshr.o(.text)
    __I$use$fp                               0x08000659   Thumb Code     0  iusefp.o(.text)
    _float_round                             0x08000659   Thumb Code    18  fepilogue.o(.text)
    _float_epilogue                          0x0800066b   Thumb Code    92  fepilogue.o(.text)
    _double_round                            0x080006c7   Thumb Code    30  depilogue.o(.text)
    _double_epilogue                         0x080006e5   Thumb Code   156  depilogue.o(.text)
    __scatterload                            0x08000781   Thumb Code    28  init.o(.text)
    __scatterload_rt2                        0x08000781   Thumb Code     0  init.o(.text)
    __decompress                             0x080007a5   Thumb Code     0  __dclz77c.o(.text)
    __decompress2                            0x080007a5   Thumb Code    94  __dclz77c.o(.text)
    A72_Control_LED                          0x08000803   Thumb Code    48  tba.o(i.A72_Control_LED)
    ADC_ClearFlag                            0x08000833   Thumb Code     6  stm32f4xx_adc.o(i.ADC_ClearFlag)
    ADC_Cmd                                  0x08000839   Thumb Code    22  stm32f4xx_adc.o(i.ADC_Cmd)
    ADC_CommonInit                           0x08000851   Thumb Code    34  stm32f4xx_adc.o(i.ADC_CommonInit)
    ADC_Configure                            0x08000881   Thumb Code   132  power_check.o(i.ADC_Configure)
    ADC_GetConversionValue                   0x0800090d   Thumb Code     8  stm32f4xx_adc.o(i.ADC_GetConversionValue)
    ADC_GetFlagStatus                        0x08000915   Thumb Code    18  stm32f4xx_adc.o(i.ADC_GetFlagStatus)
    ADC_Init                                 0x08000929   Thumb Code    74  stm32f4xx_adc.o(i.ADC_Init)
    ADC_RegularChannelConfig                 0x0800097d   Thumb Code   184  stm32f4xx_adc.o(i.ADC_RegularChannelConfig)
    ADC_SoftwareStartConv                    0x08000a35   Thumb Code    10  stm32f4xx_adc.o(i.ADC_SoftwareStartConv)
    AGV_Car_Rode1                            0x08000a3f   Thumb Code    16  agv_car.o(i.AGV_Car_Rode1)
    AGV_Car_Rode3                            0x08000a4f   Thumb Code    16  agv_car.o(i.AGV_Car_Rode3)
    AGV_Car_Start                            0x08000a5f   Thumb Code    16  agv_car.o(i.AGV_Car_Start)
    AGV_Car_Zigbee                           0x08000a71   Thumb Code    74  agv_car.o(i.AGV_Car_Zigbee)
    Abnormal_data                            0x08000ad1   Thumb Code   142  a72.o(i.Abnormal_data)
    BH1750_Configure                         0x08000b6d   Thumb Code    20  bh1750.o(i.BH1750_Configure)
    BH1750_PortInit                          0x08000b85   Thumb Code    74  bh1750.o(i.BH1750_PortInit)
    BH1750_RecvACK                           0x08000bd9   Thumb Code    42  bh1750.o(i.BH1750_RecvACK)
    BH1750_SendByte                          0x08000c0d   Thumb Code    78  bh1750.o(i.BH1750_SendByte)
    BH1750_Start                             0x08000c65   Thumb Code    46  bh1750.o(i.BH1750_Start)
    BH1750_Stop                              0x08000c9d   Thumb Code    40  bh1750.o(i.BH1750_Stop)
    BitCount                                 0x08000ccd   Thumb Code    26  data_proce.o(i.BitCount)
    CAN_DeInit                               0x08000ce9   Thumb Code    50  stm32f4xx_can.o(i.CAN_DeInit)
    CAN_FilterInit                           0x08000d21   Thumb Code   258  stm32f4xx_can.o(i.CAN_FilterInit)
    CAN_ITConfig                             0x08000e29   Thumb Code    18  stm32f4xx_can.o(i.CAN_ITConfig)
    CAN_Init                                 0x08000e3b   Thumb Code   276  stm32f4xx_can.o(i.CAN_Init)
    CAN_MessagePending                       0x08000f4f   Thumb Code    30  stm32f4xx_can.o(i.CAN_MessagePending)
    CAN_Receive                              0x08000f6d   Thumb Code   240  stm32f4xx_can.o(i.CAN_Receive)
    CAN_Transmit                             0x0800105d   Thumb Code   294  stm32f4xx_can.o(i.CAN_Transmit)
    CAN_TransmitStatus                       0x08001185   Thumb Code   138  stm32f4xx_can.o(i.CAN_TransmitStatus)
    CalulateCRC                              0x08001225   Thumb Code   134  rc522.o(i.CalulateCRC)
    CanDrv_FiterUpdata                       0x080012ad   Thumb Code   616  can_drv.o(i.CanDrv_FiterUpdata)
    CanDrv_RxCheck                           0x08001581   Thumb Code    12  can_drv.o(i.CanDrv_RxCheck)
    CanDrv_RxGetMeesage                      0x08001591   Thumb Code    34  can_drv.o(i.CanDrv_RxGetMeesage)
    CanDrv_TxData                            0x080015b9   Thumb Code   106  can_drv.o(i.CanDrv_TxData)
    CanDrv_TxEmptyCheck                      0x0800162d   Thumb Code    18  can_drv.o(i.CanDrv_TxEmptyCheck)
    CanP_CanRx_Check                         0x08001645   Thumb Code    18  canp_hostcom.o(i.CanP_CanRx_Check)
    CanP_CanRx_Irq                           0x08001659   Thumb Code   146  canp_hostcom.o(i.CanP_CanRx_Irq)
    CanP_CanRx_TrackUp                       0x08001709   Thumb Code    14  canp_hostcom.o(i.CanP_CanRx_TrackUp)
    CanP_CanTx_Check_fIrq                    0x0800171d   Thumb Code   204  canp_hostcom.o(i.CanP_CanTx_Check_fIrq)
    CanP_Cmd_Check                           0x08001801   Thumb Code    36  canp_hostcom.o(i.CanP_Cmd_Check)
    CanP_Cmd_Init                            0x08001829   Thumb Code    26  canp_hostcom.o(i.CanP_Cmd_Init)
    CanP_Cmd_Send                            0x08001849   Thumb Code    66  canp_hostcom.o(i.CanP_Cmd_Send)
    CanP_Cmd_Write                           0x08001891   Thumb Code    78  canp_hostcom.o(i.CanP_Cmd_Write)
    CanP_FifoInit                            0x080018e5   Thumb Code    54  canp_hostcom.o(i.CanP_FifoInit)
    CanP_FifoInitS                           0x08001945   Thumb Code    22  canp_hostcom.o(i.CanP_FifoInitS)
    CanP_Host_Main                           0x0800195d   Thumb Code   228  canp_hostcom.o(i.CanP_Host_Main)
    CanP_Init                                0x08001a65   Thumb Code    30  canp_hostcom.o(i.CanP_Init)
    Can_ZigBeeRx_Check                       0x08001a91   Thumb Code   210  can_user.o(i.Can_ZigBeeRx_Check)
    Can_ZigBeeRx_Save                        0x08001b7d   Thumb Code    66  can_user.o(i.Can_ZigBeeRx_Save)
    Can_check_Init                           0x08001bd1   Thumb Code    92  can_check.o(i.Can_check_Init)
    Canuser_main                             0x08001c31   Thumb Code    12  can_user.o(i.Canuser_main)
    Card_Track                               0x08001c3d   Thumb Code   360  roadway_check.o(i.Card_Track)
    Cba_Beep                                 0x08001dc1   Thumb Code    54  cba.o(i.Cba_Beep)
    Cba_Init                                 0x08001e01   Thumb Code   112  cba.o(i.Cba_Init)
    Che_ku_CallBackFun                       0x08001e79   Thumb Code    86  che_ku.o(i.Che_ku_CallBackFun)
    ClearBitMask                             0x08001ed9   Thumb Code    40  rc522.o(i.ClearBitMask)
    Control                                  0x08001f01   Thumb Code    92  roadway_check.o(i.Control)
    DEBUG_LOG                                0x08001f5d   Thumb Code   226  debug.o(i.DEBUG_LOG)
    Dao_Zha_CallBackFun                      0x08002049   Thumb Code    14  dao_zha.o(i.Dao_Zha_CallBackFun)
    EXTI4_IRQHandler                         0x0800205d   Thumb Code   132  ultrasonic.o(i.EXTI4_IRQHandler)
    EXTI_ClearITPendingBit                   0x08002105   Thumb Code     6  stm32f4xx_exti.o(i.EXTI_ClearITPendingBit)
    EXTI_GetITStatus                         0x08002111   Thumb Code    20  stm32f4xx_exti.o(i.EXTI_GetITStatus)
    EXTI_Init                                0x08002129   Thumb Code   142  stm32f4xx_exti.o(i.EXTI_Init)
    Electricity_Init                         0x080021bd   Thumb Code    12  power_check.o(i.Electricity_Init)
    Feng_huo_Open                            0x080021c9   Thumb Code    14  feng_huo.o(i.Feng_huo_Open)
    FifoDrv_BufRead                          0x080021d7   Thumb Code    42  fifo_drv.o(i.FifoDrv_BufRead)
    FifoDrv_BufWrite                         0x08002201   Thumb Code    40  fifo_drv.o(i.FifoDrv_BufWrite)
    FifoDrv_CheckReadEn                      0x08002229   Thumb Code    48  fifo_drv.o(i.FifoDrv_CheckReadEn)
    FifoDrv_CheckWriteEn                     0x08002259   Thumb Code    28  fifo_drv.o(i.FifoDrv_CheckWriteEn)
    FifoDrv_Init                             0x08002275   Thumb Code    36  fifo_drv.o(i.FifoDrv_Init)
    FifoDrv_ReadOne                          0x08002299   Thumb Code    48  fifo_drv.o(i.FifoDrv_ReadOne)
    FifoDrv_StructCheck                      0x080022c9   Thumb Code    36  fifo_drv.o(i.FifoDrv_StructCheck)
    FifoDrv_WriteOne                         0x080022ed   Thumb Code    44  fifo_drv.o(i.FifoDrv_WriteOne)
    Find_Line_Track                          0x08002319   Thumb Code   176  roadway_check.o(i.Find_Line_Track)
    Fun_Go_Back                              0x080023d1   Thumb Code    60  fun_motor.o(i.Fun_Go_Back)
    Fun_RightX                               0x08002421   Thumb Code    64  fun_motor.o(i.Fun_RightX)
    Fun_Track                                0x08002471   Thumb Code    56  fun_motor.o(i.Fun_Track)
    Fun_Track_Go                             0x080024bd   Thumb Code    34  fun_motor.o(i.Fun_Track_Go)
    Fun_Track_Mp                             0x080024e5   Thumb Code    74  fun_motor.o(i.Fun_Track_Mp)
    Fun_Track_wheel_L                        0x08002549   Thumb Code    40  fun_motor.o(i.Fun_Track_wheel_L)
    Fun_Track_wheel_R                        0x0800257d   Thumb Code    42  fun_motor.o(i.Fun_Track_wheel_R)
    GPIO_Init                                0x080025b5   Thumb Code   144  stm32f4xx_gpio.o(i.GPIO_Init)
    GPIO_PinAFConfig                         0x08002645   Thumb Code    70  stm32f4xx_gpio.o(i.GPIO_PinAFConfig)
    GPIO_ReadInputDataBit                    0x0800268b   Thumb Code    18  stm32f4xx_gpio.o(i.GPIO_ReadInputDataBit)
    GPIO_ResetBits                           0x0800269d   Thumb Code     4  stm32f4xx_gpio.o(i.GPIO_ResetBits)
    GPIO_SetBits                             0x080026a1   Thumb Code     4  stm32f4xx_gpio.o(i.GPIO_SetBits)
    Get_ADC_Value                            0x080026a5   Thumb Code    38  power_check.o(i.Get_ADC_Value)
    Get_Electricity                          0x080026d1   Thumb Code    38  power_check.o(i.Get_Electricity)
    Get_Host_UpTrack                         0x080026f9   Thumb Code    48  canp_hostcom.o(i.Get_Host_UpTrack)
    Go_Back                                  0x0800272d   Thumb Code    50  fun_motor.o(i.Go_Back)
    Go_and_Back_Check                        0x08002771   Thumb Code    90  roadway_check.o(i.Go_and_Back_Check)
    Hard_Can_Init                            0x080027dd   Thumb Code   284  hard_can.o(i.Hard_Can_Init)
    Hard_Can_SpeedMode                       0x08002909   Thumb Code    30  hard_can.o(i.Hard_Can_SpeedMode)
    Hard_Can_While                           0x0800292d   Thumb Code     8  hard_can.o(i.Hard_Can_While)
    Hardware_Init                            0x08002935   Thumb Code    82  main.o(i.Hardware_Init)
    Host_Receive_UpTrack                     0x08002989   Thumb Code     8  canp_hostcom.o(i.Host_Receive_UpTrack)
    Infrared_Init                            0x08002995   Thumb Code    56  infrared.o(i.Infrared_Init)
    Infrared_Send                            0x080029d5   Thumb Code   170  infrared.o(i.Infrared_Send)
    InitRc522                                0x08002a89   Thumb Code    56  rc522.o(i.InitRc522)
    Jiao_Tong_CallBackFun                    0x08002ac5   Thumb Code    10  jiao_tong.o(i.Jiao_Tong_CallBackFun)
    KEY_Check                                0x08002ad1   Thumb Code   230  main.o(i.KEY_Check)
    Lu_Deng_Gears_1                          0x08002bd1   Thumb Code    18  lu_deng.o(i.Lu_Deng_Gears_1)
    Lu_Deng_Gears_2                          0x08002be9   Thumb Code    18  lu_deng.o(i.Lu_Deng_Gears_2)
    Lu_Deng_Gears_3                          0x08002c01   Thumb Code    18  lu_deng.o(i.Lu_Deng_Gears_3)
    M500PcdConfigISOType                     0x08002c19   Thumb Code   150  rc522.o(i.M500PcdConfigISOType)
    MLib_GetSub                              0x08002caf   Thumb Code    14  power_check.o(i.MLib_GetSub)
    NVIC_Init                                0x08002cbd   Thumb Code   106  misc.o(i.NVIC_Init)
    NVIC_PriorityGroupConfig                 0x08002d35   Thumb Code    10  misc.o(i.NVIC_PriorityGroupConfig)
    Normal_data                              0x08002d49   Thumb Code    70  a72.o(i.Normal_data)
    Parameter_Init                           0x08002d99   Thumb Code    98  power_check.o(i.Parameter_Init)
    PcdAntennaOff                            0x08002e15   Thumb Code    12  rc522.o(i.PcdAntennaOff)
    PcdAntennaOn                             0x08002e21   Thumb Code    26  rc522.o(i.PcdAntennaOn)
    PcdAnticoll                              0x08002e3b   Thumb Code   120  rc522.o(i.PcdAnticoll)
    PcdAuthState                             0x08002eb3   Thumb Code   112  rc522.o(i.PcdAuthState)
    PcdComMF522                              0x08002f23   Thumb Code   354  rc522.o(i.PcdComMF522)
    PcdRead                                  0x08003085   Thumb Code    86  rc522.o(i.PcdRead)
    PcdRequest                               0x080030db   Thumb Code    94  rc522.o(i.PcdRequest)
    PcdReset                                 0x08003139   Thumb Code   136  rc522.o(i.PcdReset)
    PcdSelect                                0x080031c1   Thumb Code   116  rc522.o(i.PcdSelect)
    Power_Check                              0x08003235   Thumb Code   336  power_check.o(i.Power_Check)
    RC522_Uart_init                          0x080033a1   Thumb Code   134  rc522.o(i.RC522_Uart_init)
    RCC_AHB1PeriphClockCmd                   0x08003435   Thumb Code    26  stm32f4xx_rcc.o(i.RCC_AHB1PeriphClockCmd)
    RCC_APB1PeriphClockCmd                   0x08003455   Thumb Code    26  stm32f4xx_rcc.o(i.RCC_APB1PeriphClockCmd)
    RCC_APB1PeriphResetCmd                   0x08003475   Thumb Code    26  stm32f4xx_rcc.o(i.RCC_APB1PeriphResetCmd)
    RCC_APB2PeriphClockCmd                   0x08003495   Thumb Code    26  stm32f4xx_rcc.o(i.RCC_APB2PeriphClockCmd)
    RCC_APB2PeriphResetCmd                   0x080034b5   Thumb Code    26  stm32f4xx_rcc.o(i.RCC_APB2PeriphResetCmd)
    RCC_GetClocksFreq                        0x080034d5   Thumb Code   214  stm32f4xx_rcc.o(i.RCC_GetClocksFreq)
    RFID_Cheack                              0x080035bd   Thumb Code    76  roadway_check.o(i.RFID_Cheack)
    Rc522_GetLinkFlag                        0x0800360d   Thumb Code     6  rc522.o(i.Rc522_GetLinkFlag)
    Rc522_LinkTest                           0x08003619   Thumb Code    10  rc522.o(i.Rc522_LinkTest)
    Rc522_OutSRst                            0x08003623   Thumb Code    58  rc522.o(i.Rc522_OutSRst)
    Rc522_ToSRst                             0x0800365d   Thumb Code     4  rc522.o(i.Rc522_ToSRst)
    ReadRawRC                                0x08003661   Thumb Code    42  rc522.o(i.ReadRawRC)
    Read_Card                                0x0800368d   Thumb Code   158  rc522.o(i.Read_Card)
    Readcard_daivce_Init                     0x0800379d   Thumb Code    24  rc522.o(i.Readcard_daivce_Init)
    Rece_data                                0x080037b5   Thumb Code    62  rc522.o(i.Rece_data)
    Roadway_Check                            0x080037fd   Thumb Code    20  roadway_check.o(i.Roadway_Check)
    Roadway_Flag_clean                       0x08003811   Thumb Code    60  roadway_check.o(i.Roadway_Flag_clean)
    Roadway_mp_Get                           0x08003885   Thumb Code    62  roadway_check.o(i.Roadway_mp_Get)
    Roadway_mp_syn                           0x080038cd   Thumb Code    12  roadway_check.o(i.Roadway_mp_syn)
    SDA_IN                                   0x080038e1   Thumb Code    28  bh1750.o(i.SDA_IN)
    SDA_OUT                                  0x08003901   Thumb Code    34  bh1750.o(i.SDA_OUT)
    SYN7318_Init                             0x08003929   Thumb Code    68  syn7318.o(i.SYN7318_Init)
    SYSCFG_EXTILineConfig                    0x08003971   Thumb Code    60  stm32f4xx_syscfg.o(i.SYSCFG_EXTILineConfig)
    Send_Electric                            0x080039b1   Thumb Code    42  canp_hostcom.o(i.Send_Electric)
    Send_InfoData_To_Fifo                    0x080039dd   Thumb Code    18  canp_hostcom.o(i.Send_InfoData_To_Fifo)
    Send_To_AGV_Car                          0x080039f5   Thumb Code    88  agv_car.o(i.Send_To_AGV_Car)
    Send_UpMotor                             0x08003a55   Thumb Code    84  canp_hostcom.o(i.Send_UpMotor)
    Send_ZigbeeData_To_Fifo                  0x08003aa9   Thumb Code    18  canp_hostcom.o(i.Send_ZigbeeData_To_Fifo)
    Send_data                                0x08003ac1   Thumb Code    32  rc522.o(i.Send_data)
    SetBitMask                               0x08003ae5   Thumb Code    40  rc522.o(i.SetBitMask)
    Set_tba_Beep                             0x08003bf9   Thumb Code    32  tba.o(i.Set_tba_Beep)
    Set_tba_WheelLED                         0x08003c1d   Thumb Code    72  tba.o(i.Set_tba_WheelLED)
    Single_Write_BH1750                      0x08003c69   Thumb Code    26  bh1750.o(i.Single_Write_BH1750)
    Smoothing_Filtering                      0x08003c85   Thumb Code    52  data_filtering.o(i.Smoothing_Filtering)
    Stop                                     0x08003cbd   Thumb Code    16  fun_motor.o(i.Stop)
    Stop_Flag_Cheack                         0x08003ccd   Thumb Code    22  roadway_check.o(i.Stop_Flag_Cheack)
    SysTick_CLKSourceConfig                  0x08003ce9   Thumb Code    40  misc.o(i.SysTick_CLKSourceConfig)
    SystemInit                               0x08003d11   Thumb Code    88  system_stm32f4xx.o(i.SystemInit)
    TIM1_BRK_TIM9_IRQHandler                 0x08003d79   Thumb Code    28  roadway_check.o(i.TIM1_BRK_TIM9_IRQHandler)
    TIM1_UP_TIM10_IRQHandler                 0x08003d99   Thumb Code    34  timer.o(i.TIM1_UP_TIM10_IRQHandler)
    TIM2_IRQHandler                          0x08003dc5   Thumb Code    30  main.o(i.TIM2_IRQHandler)
    TIM6_DAC_IRQHandler                      0x08003de5   Thumb Code    34  ultrasonic.o(i.TIM6_DAC_IRQHandler)
    TIM7_IRQHandler                          0x08003e11   Thumb Code    28  can_check.o(i.TIM7_IRQHandler)
    TIM_ClearITPendingBit                    0x08003e31   Thumb Code     6  stm32f4xx_tim.o(i.TIM_ClearITPendingBit)
    TIM_Cmd                                  0x08003e37   Thumb Code    24  stm32f4xx_tim.o(i.TIM_Cmd)
    TIM_GetITStatus                          0x08003e4f   Thumb Code    34  stm32f4xx_tim.o(i.TIM_GetITStatus)
    TIM_ITConfig                             0x08003e71   Thumb Code    18  stm32f4xx_tim.o(i.TIM_ITConfig)
    TIM_TimeBaseInit                         0x08003e85   Thumb Code   104  stm32f4xx_tim.o(i.TIM_TimeBaseInit)
    Tba_Beep_Config                          0x08003f09   Thumb Code    46  tba.o(i.Tba_Beep_Config)
    Tba_Init                                 0x08003f3d   Thumb Code    16  tba.o(i.Tba_Init)
    Tba_Photoresistance_Config               0x08003f4d   Thumb Code    38  tba.o(i.Tba_Photoresistance_Config)
    Tba_WheelLED_Config                      0x08003f79   Thumb Code    46  tba.o(i.Tba_WheelLED_Config)
    Timer_Init                               0x08003fad   Thumb Code    92  timer.o(i.Timer_Init)
    Track                                    0x0800400d   Thumb Code    38  fun_motor.o(i.Track)
    Track_Check                              0x08004045   Thumb Code   176  roadway_check.o(i.Track_Check)
    Track_Control_Back                       0x08004115   Thumb Code   432  roadway_check.o(i.Track_Control_Back)
    Track_Control_Back_Mp                    0x080042e1   Thumb Code   454  roadway_check.o(i.Track_Control_Back_Mp)
    Track_Control_Go                         0x080044d1   Thumb Code   432  roadway_check.o(i.Track_Control_Go)
    Track_Control_Go_Mp                      0x0800469d   Thumb Code   462  roadway_check.o(i.Track_Control_Go_Mp)
    Track_wheel_L                            0x0800488d   Thumb Code    30  fun_motor.o(i.Track_wheel_L)
    Track_wheel_R                            0x080048b5   Thumb Code    32  fun_motor.o(i.Track_wheel_R)
    U8ToU16                                  0x080048dd   Thumb Code    16  my_lib.o(i.U8ToU16)
    U8ToU16_Big                              0x080048ed   Thumb Code    16  my_lib.o(i.U8ToU16_Big)
    UART4_IRQHandler                         0x080048fd   Thumb Code    10  uart_a72.o(i.UART4_IRQHandler)
    USART1_IRQHandler                        0x0800490d   Thumb Code    76  usart.o(i.USART1_IRQHandler)
    USART2_IRQHandler                        0x08004969   Thumb Code   118  uart_a72.o(i.USART2_IRQHandler)
    USART6_Init                              0x080049f9   Thumb Code   142  syn7318.o(i.USART6_Init)
    USART_ClearFlag                          0x08004a91   Thumb Code    18  stm32f4xx_usart.o(i.USART_ClearFlag)
    USART_ClearITPendingBit                  0x08004aa3   Thumb Code    30  stm32f4xx_usart.o(i.USART_ClearITPendingBit)
    USART_Cmd                                0x08004ac1   Thumb Code    24  stm32f4xx_usart.o(i.USART_Cmd)
    USART_GetFlagStatus                      0x08004ad9   Thumb Code    26  stm32f4xx_usart.o(i.USART_GetFlagStatus)
    USART_GetITStatus                        0x08004af3   Thumb Code    84  stm32f4xx_usart.o(i.USART_GetITStatus)
    USART_ITConfig                           0x08004b47   Thumb Code    74  stm32f4xx_usart.o(i.USART_ITConfig)
    USART_Init                               0x08004b91   Thumb Code   204  stm32f4xx_usart.o(i.USART_Init)
    USART_ReceiveData                        0x08004c65   Thumb Code    10  stm32f4xx_usart.o(i.USART_ReceiveData)
    USART_SendData                           0x08004c6f   Thumb Code     8  stm32f4xx_usart.o(i.USART_SendData)
    Uart_Irq                                 0x08004c79   Thumb Code   230  uart_drv.o(i.Uart_Irq)
    Ultrasonic_EXTI                          0x08004d71   Thumb Code    86  ultrasonic.o(i.Ultrasonic_EXTI)
    Ultrasonic_Init                          0x08004dc7   Thumb Code    20  ultrasonic.o(i.Ultrasonic_Init)
    Ultrasonic_Port                          0x08004ddd   Thumb Code    94  ultrasonic.o(i.Ultrasonic_Port)
    Ultrasonic_TIM                           0x08004e45   Thumb Code    84  ultrasonic.o(i.Ultrasonic_TIM)
    WifiRx_Check                             0x08004e9d   Thumb Code   396  a72.o(i.WifiRx_Check)
    WifiRx_Save                              0x0800504d   Thumb Code    66  a72.o(i.WifiRx_Save)
    WriteRawRC_HDL                           0x080050a1   Thumb Code    78  rc522.o(i.WriteRawRC_HDL)
    __0printf$5                              0x080050f5   Thumb Code    22  printf5.o(i.__0printf$5)
    __1printf$5                              0x080050f5   Thumb Code     0  printf5.o(i.__0printf$5)
    __2printf                                0x080050f5   Thumb Code     0  printf5.o(i.__0printf$5)
    __scatterload_copy                       0x08005115   Thumb Code    14  handlers.o(i.__scatterload_copy)
    __scatterload_null                       0x08005123   Thumb Code     2  handlers.o(i.__scatterload_null)
    __scatterload_zeroinit                   0x08005125   Thumb Code    14  handlers.o(i.__scatterload_zeroinit)
    close_tba_allLED                         0x080053f5   Thumb Code    20  tba.o(i.close_tba_allLED)
    delay_init                               0x08005409   Thumb Code    52  delay.o(i.delay_init)
    delay_ms                                 0x08005445   Thumb Code    72  delay.o(i.delay_ms)
    delay_ns                                 0x08005491   Thumb Code    34  rc522.o(i.delay_ns)
    delay_us                                 0x080054b9   Thumb Code    72  delay.o(i.delay_us)
    fputc                                    0x08005505   Thumb Code    16  debug.o(i.fputc)
    gt_get                                   0x08005515   Thumb Code     6  timer.o(i.gt_get)
    gt_get_sub                               0x08005521   Thumb Code    20  timer.o(i.gt_get_sub)
    itoa                                     0x08005539   Thumb Code   100  data_proce.o(i.itoa)
    main                                     0x0800559d   Thumb Code   344  main.o(i.main)
    open_tba_allLED                          0x08005725   Thumb Code    20  tba.o(i.open_tba_allLED)
    open_tba_leftLED                         0x08005739   Thumb Code    20  tba.o(i.open_tba_leftLED)
    open_tba_rightLED                        0x0800574d   Thumb Code    20  tba.o(i.open_tba_rightLED)
    plan                                     0x08005761   Thumb Code   746  plan.o(i.plan)
    reverse_bit                              0x08005a55   Thumb Code    32  data_proce.o(i.reverse_bit)
    roadway_check_TimInit                    0x08005a75   Thumb Code    92  roadway_check.o(i.roadway_check_TimInit)
    wheel_Nav_check                          0x08005ad5   Thumb Code    50  roadway_check.o(i.wheel_Nav_check)
    wheel_Track_check                        0x08005b15   Thumb Code   150  roadway_check.o(i.wheel_Track_check)
    bit_tab                                  0x08005bbc   Data         128  my_lib.o(.constdata)
    bit_and_tab                              0x08005c3c   Data         128  my_lib.o(.constdata)
    bit4_lowhig                              0x08005cbc   Data          16  my_lib.o(.constdata)
    Region$$Table$$Base                      0x08005ccc   Number         0  anon$$obj.o(Region$$Table)
    Region$$Table$$Limit                     0x08005cec   Number         0  anon$$obj.o(Region$$Table)
    main_cont                                0x20000070   Data           2  main.o(.data)
    RFID                                     0x20000072   Data          16  main.o(.data)
    open_road_buf                            0x20000082   Data           8  main.o(.data)
    test_buf                                 0x2000008a   Data           9  main.o(.data)
    repo_buf                                 0x20000093   Data           6  main.o(.data)
    seg                                      0x20000099   Data           3  main.o(.data)
    Host_Error_Check_times_seate             0x200000ac   Data           4  main.o(.data)
    Mark                                     0x20000128   Data           2  plan.o(.data)
    Host_Car_Run_Flag                        0x2000012a   Data           1  plan.o(.data)
    LED_Dis                                  0x2000012b   Data           3  plan.o(.data)
    Temp_mp                                  0x2000012e   Data           4  plan.o(.data)
    start_Gaer                               0x20000132   Data           1  plan.o(.data)
    mGaer                                    0x20000133   Data           1  plan.o(.data)
    cont                                     0x20000134   Data           4  plan.o(.data)
    Rx_Flag                                  0x20000138   Data           1  a72.o(.data)
    Infrared_Tab                             0x20000139   Data           6  a72.o(.data)
    Wifi_Rx_num                              0x2000013f   Data           1  a72.o(.data)
    Wifi_Rx_flag                             0x20000140   Data           1  a72.o(.data)
    Wifi_rxtime                              0x20000144   Data           4  a72.o(.data)
    Ultrasonic_Value                         0x2000014c   Data           4  ultrasonic.o(.data)
    Ultrasonic_Num                           0x20000150   Data           4  ultrasonic.o(.data)
    dis                                      0x20000154   Data           2  ultrasonic.o(.data)
    RX_OK                                    0x20000156   Data           1  usart.o(.data)
    Length_num                               0x20000157   Data           1  usart.o(.data)
    RX_Data                                  0x20000158   Data           2  usart.o(.data)
    Electric_Buf                             0x2000015c   Data           2  power_check.o(.data)
    Pa                                       0x20000160   Data           4  power_check.o(.data)
    Pb                                       0x20000164   Data           4  power_check.o(.data)
    pwr_ck_l                                 0x20000168   Data           1  power_check.o(.data)
    pwr_ck_r                                 0x20000169   Data           1  power_check.o(.data)
    temp                                     0x2000016a   Data           2  power_check.o(.data)
    temp2                                    0x2000016c   Data           2  power_check.o(.data)
    temp_value                               0x2000016e   Data           1  power_check.o(.data)
    uart_prot_buf                            0x20000174   Data          24  uart_drv.o(.data)
    Rs522_cmd_cnt                            0x20000190   Data           4  rc522.o(.data)
    TXRFID                                   0x20000194   Data          16  rc522.o(.data)
    global_times                             0x200001ac   Data           4  timer.o(.data)
    delay_ms_const                           0x200001b0   Data           4  timer.o(.data)
    Find_Line_Track_Flag                     0x20000230   Data           1  roadway_check.o(.data)
    Track_Go_Flag                            0x20000231   Data           1  roadway_check.o(.data)
    Track_Back_Flag                          0x20000232   Data           1  roadway_check.o(.data)
    Track_Back_Mp_Flag                       0x20000233   Data           1  roadway_check.o(.data)
    Track_Go_Mp_Flag                         0x20000234   Data           1  roadway_check.o(.data)
    Track_Card_Flag                          0x20000235   Data           1  roadway_check.o(.data)
    wheel_L_Flag                             0x20000236   Data           1  roadway_check.o(.data)
    wheel_R_Flag                             0x20000237   Data           1  roadway_check.o(.data)
    wheel_Nav_Flag                           0x20000238   Data           1  roadway_check.o(.data)
    Go_Flag                                  0x20000239   Data           1  roadway_check.o(.data)
    Back_Flag                                0x2000023a   Data           1  roadway_check.o(.data)
    Track_Flag                               0x2000023b   Data           1  roadway_check.o(.data)
    MP_Track_flag                            0x2000023c   Data           1  roadway_check.o(.data)
    Stop_Flag                                0x2000023d   Data           1  roadway_check.o(.data)
    LSpeed                                   0x20000240   Data           4  roadway_check.o(.data)
    RSpeed                                   0x20000244   Data           4  roadway_check.o(.data)
    Car_Spend                                0x20000248   Data           4  roadway_check.o(.data)
    temp_MP                                  0x2000024c   Data           2  roadway_check.o(.data)
    temp_Nav                                 0x2000024e   Data           2  roadway_check.o(.data)
    Line_Flag                                0x20000250   Data           1  roadway_check.o(.data)
    count                                    0x20000252   Data           2  roadway_check.o(.data)
    Wheel_flag                               0x20000254   Data           4  roadway_check.o(.data)
    Roadway_cmp                              0x20000258   Data           2  roadway_check.o(.data)
    CT                                       0x2000025a   Data           2  roadway_check.o(.data)
    Roadway_Navig                            0x2000025c   Data           2  roadway_check.o(.data)
    Mp_Value                                 0x20000260   Data           4  roadway_check.o(.data)
    Can_Filter_Flag                          0x20000264   Data           1  can_drv.o(.data)
    Ccp_RxFlag                               0x20000265   Data           1  can_drv.o(.data)
    CanP_RxFMI_Flag                          0x20000268   Data           4  canp_hostcom.o(.data)
    ctbuf                                    0x2000026c   Data           8  canp_hostcom.o(.data)
    Track_buf                                0x20000274   Data           2  canp_hostcom.o(.data)
    CanHost_Mp                               0x20000276   Data           2  canp_hostcom.o(.data)
    CanHost_Navig                            0x20000278   Data           2  canp_hostcom.o(.data)
    Fileter_Tab                              0x2000027a   Data          28  canp_hostcom.o(.data)
    Zigbee_Rx_num                            0x20000310   Data           1  can_user.o(.data)
    Zigbee_Rx_flag                           0x20000311   Data           1  can_user.o(.data)
    ETC_Open_Flag                            0x20000312   Data           1  can_user.o(.data)
    Host_AGV_Return_Flag                     0x20000313   Data           1  can_user.o(.data)
    AGV_data_Falg                            0x20000314   Data           1  can_user.o(.data)
    canu_zibe_rxtime                         0x20000318   Data           4  can_user.o(.data)
    __stdout                                 0x20000320   Data           4  stdout.o(.data)
    Wifi_Rx_Buf                              0x20000324   Data         200  a72.o(.bss)
    uart_struct                              0x200003ec   Data         220  uart_drv.o(.bss)
    Principal_Tab                            0x200004d8   Data          50  data_base.o(.bss)
    Follower_Tab                             0x2000050a   Data          50  data_base.o(.bss)
    filter_buf                               0x2000054c   Data          22  data_filtering.o(.bss)
    Fifo_Info                                0x200005b4   Data          16  canp_hostcom.o(.bss)
    Fifo_WifiRx                              0x200005c4   Data          16  canp_hostcom.o(.bss)
    Fifo_WifiTx                              0x200005d4   Data          16  canp_hostcom.o(.bss)
    Fifo_ZigbRx                              0x200005e4   Data          16  canp_hostcom.o(.bss)
    Fifo_ZigbTx                              0x200005f4   Data          16  canp_hostcom.o(.bss)
    FifoBuf_Info                             0x20000604   Data          50  canp_hostcom.o(.bss)
    FifoBuf_WifiRx                           0x20000636   Data          50  canp_hostcom.o(.bss)
    FifoBuf_WifiTx                           0x20000668   Data          50  canp_hostcom.o(.bss)
    FifoBuf_ZigbRx                           0x2000069a   Data          50  canp_hostcom.o(.bss)
    FifoBuf_ZigbTx                           0x200006cc   Data          50  canp_hostcom.o(.bss)
    crm                                      0x20000700   Data          20  canp_hostcom.o(.bss)
    crbuf                                    0x20000714   Data          32  canp_hostcom.o(.bss)
    CanP_Cmd_SBuf                            0x20000734   Data         140  canp_hostcom.o(.bss)
    TxMessage                                0x200007c0   Data          20  hard_can.o(.bss)
    RxMessage                                0x200007d4   Data          20  hard_can.o(.bss)
    Zigb_Rx_Buf                              0x200007f8   Data         200  can_user.o(.bss)
    __initial_sp                             0x20000cc0   Data           0  startup_stm32f40_41xxx.o(STACK)



==============================================================================

Memory Map of the image

  Image Entry point : 0x08000189

  Load Region LR_IROM1 (Base: 0x08000000, Size: 0x00006010, Max: 0x00100000, ABSOLUTE, COMPRESSED[0x00005ddc])

    Execution Region ER_IROM1 (Exec base: 0x08000000, Load base: 0x08000000, Size: 0x00005cec, Max: 0x00100000, ABSOLUTE)

    Exec Addr    Load Addr    Size         Type   Attr      Idx    E Section Name        Object

    0x08000000   0x08000000   0x00000188   Data   RO         7445    RESET               startup_stm32f40_41xxx.o
    0x08000188   0x08000188   0x00000000   Code   RO         8298  * .ARM.Collect$$$$00000000  mc_w.l(entry.o)
    0x08000188   0x08000188   0x00000004   Code   RO         8590    .ARM.Collect$$$$00000001  mc_w.l(entry2.o)
    0x0800018c   0x0800018c   0x00000004   Code   RO         8593    .ARM.Collect$$$$00000004  mc_w.l(entry5.o)
    0x08000190   0x08000190   0x00000000   Code   RO         8595    .ARM.Collect$$$$00000008  mc_w.l(entry7b.o)
    0x08000190   0x08000190   0x00000000   Code   RO         8597    .ARM.Collect$$$$0000000A  mc_w.l(entry8b.o)
    0x08000190   0x08000190   0x00000008   Code   RO         8598    .ARM.Collect$$$$0000000B  mc_w.l(entry9a.o)
    0x08000198   0x08000198   0x00000004   Code   RO         8605    .ARM.Collect$$$$0000000E  mc_w.l(entry12b.o)
    0x0800019c   0x0800019c   0x00000000   Code   RO         8600    .ARM.Collect$$$$0000000F  mc_w.l(entry10a.o)
    0x0800019c   0x0800019c   0x00000000   Code   RO         8602    .ARM.Collect$$$$00000011  mc_w.l(entry11a.o)
    0x0800019c   0x0800019c   0x00000004   Code   RO         8591    .ARM.Collect$$$$00002712  mc_w.l(entry2.o)
    0x080001a0   0x080001a0   0x00000024   Code   RO         7446    .text               startup_stm32f40_41xxx.o
    0x080001c4   0x080001c4   0x00000024   Code   RO         8301    .text               mc_w.l(memcpya.o)
    0x080001e8   0x080001e8   0x00000024   Code   RO         8303    .text               mc_w.l(memseta.o)
    0x0800020c   0x0800020c   0x0000014e   Code   RO         8574    .text               mf_w.l(dadd.o)
    0x0800035a   0x0800035a   0x000000e4   Code   RO         8576    .text               mf_w.l(dmul.o)
    0x0800043e   0x0800043e   0x000000de   Code   RO         8578    .text               mf_w.l(ddiv.o)
    0x0800051c   0x0800051c   0x0000001a   Code   RO         8582    .text               mf_w.l(dfltui.o)
    0x08000536   0x08000536   0x00000026   Code   RO         8586    .text               mf_w.l(f2d.o)
    0x0800055c   0x0800055c   0x00000038   Code   RO         8588    .text               mf_w.l(d2f.o)
    0x08000594   0x08000594   0x00000062   Code   RO         8609    .text               mc_w.l(uldiv.o)
    0x080005f6   0x080005f6   0x0000001e   Code   RO         8611    .text               mc_w.l(llshl.o)
    0x08000614   0x08000614   0x00000020   Code   RO         8613    .text               mc_w.l(llushr.o)
    0x08000634   0x08000634   0x00000024   Code   RO         8615    .text               mc_w.l(llsshr.o)
    0x08000658   0x08000658   0x00000000   Code   RO         8623    .text               mc_w.l(iusefp.o)
    0x08000658   0x08000658   0x0000006e   Code   RO         8624    .text               mf_w.l(fepilogue.o)
    0x080006c6   0x080006c6   0x000000ba   Code   RO         8626    .text               mf_w.l(depilogue.o)
    0x08000780   0x08000780   0x00000024   Code   RO         8632    .text               mc_w.l(init.o)
    0x080007a4   0x080007a4   0x0000005e   Code   RO         8649    .text               mc_w.l(__dclz77c.o)
    0x08000802   0x08000802   0x00000030   Code   RO         1699    i.A72_Control_LED   tba.o
    0x08000832   0x08000832   0x00000006   Code   RO         2656    i.ADC_ClearFlag     stm32f4xx_adc.o
    0x08000838   0x08000838   0x00000016   Code   RO         2658    i.ADC_Cmd           stm32f4xx_adc.o
    0x0800084e   0x0800084e   0x00000002   PAD
    0x08000850   0x08000850   0x00000030   Code   RO         2659    i.ADC_CommonInit    stm32f4xx_adc.o
    0x08000880   0x08000880   0x0000008c   Code   RO         2042    i.ADC_Configure     power_check.o
    0x0800090c   0x0800090c   0x00000008   Code   RO         2670    i.ADC_GetConversionValue  stm32f4xx_adc.o
    0x08000914   0x08000914   0x00000012   Code   RO         2671    i.ADC_GetFlagStatus  stm32f4xx_adc.o
    0x08000926   0x08000926   0x00000002   PAD
    0x08000928   0x08000928   0x00000054   Code   RO         2678    i.ADC_Init          stm32f4xx_adc.o
    0x0800097c   0x0800097c   0x000000b8   Code   RO         2683    i.ADC_RegularChannelConfig  stm32f4xx_adc.o
    0x08000a34   0x08000a34   0x0000000a   Code   RO         2685    i.ADC_SoftwareStartConv  stm32f4xx_adc.o
    0x08000a3e   0x08000a3e   0x00000010   Code   RO          553    i.AGV_Car_Rode1     agv_car.o
    0x08000a4e   0x08000a4e   0x00000010   Code   RO          555    i.AGV_Car_Rode3     agv_car.o
    0x08000a5e   0x08000a5e   0x00000010   Code   RO          556    i.AGV_Car_Start     agv_car.o
    0x08000a6e   0x08000a6e   0x00000002   PAD
    0x08000a70   0x08000a70   0x00000060   Code   RO          558    i.AGV_Car_Zigbee    agv_car.o
    0x08000ad0   0x08000ad0   0x0000009c   Code   RO          474    i.Abnormal_data     a72.o
    0x08000b6c   0x08000b6c   0x00000018   Code   RO         1947    i.BH1750_Configure  bh1750.o
    0x08000b84   0x08000b84   0x00000054   Code   RO         1948    i.BH1750_PortInit   bh1750.o
    0x08000bd8   0x08000bd8   0x00000034   Code   RO         1949    i.BH1750_RecvACK    bh1750.o
    0x08000c0c   0x08000c0c   0x00000058   Code   RO         1952    i.BH1750_SendByte   bh1750.o
    0x08000c64   0x08000c64   0x00000038   Code   RO         1953    i.BH1750_Start      bh1750.o
    0x08000c9c   0x08000c9c   0x00000030   Code   RO         1954    i.BH1750_Stop       bh1750.o
    0x08000ccc   0x08000ccc   0x0000001a   Code   RO         1444    i.BitCount          data_proce.o
    0x08000ce6   0x08000ce6   0x00000002   PAD
    0x08000ce8   0x08000ce8   0x00000038   Code   RO         2898    i.CAN_DeInit        stm32f4xx_can.o
    0x08000d20   0x08000d20   0x00000108   Code   RO         2900    i.CAN_FilterInit    stm32f4xx_can.o
    0x08000e28   0x08000e28   0x00000012   Code   RO         2906    i.CAN_ITConfig      stm32f4xx_can.o
    0x08000e3a   0x08000e3a   0x00000114   Code   RO         2907    i.CAN_Init          stm32f4xx_can.o
    0x08000f4e   0x08000f4e   0x0000001e   Code   RO         2908    i.CAN_MessagePending  stm32f4xx_can.o
    0x08000f6c   0x08000f6c   0x000000f0   Code   RO         2910    i.CAN_Receive       stm32f4xx_can.o
    0x0800105c   0x0800105c   0x00000126   Code   RO         2915    i.CAN_Transmit      stm32f4xx_can.o
    0x08001182   0x08001182   0x00000002   PAD
    0x08001184   0x08001184   0x000000a0   Code   RO         2916    i.CAN_TransmitStatus  stm32f4xx_can.o
    0x08001224   0x08001224   0x00000086   Code   RO         2309    i.CalulateCRC       rc522.o
    0x080012aa   0x080012aa   0x00000002   PAD
    0x080012ac   0x080012ac   0x0000026c   Code   RO         7808    i.CanDrv_FiterUpdata  can_drv.o
    0x08001518   0x08001518   0x00000034   Code   RO         7809    i.CanDrv_Fiter_Create16bit  can_drv.o
    0x0800154c   0x0800154c   0x00000032   Code   RO         7810    i.CanDrv_Fiter_Create32bit  can_drv.o
    0x0800157e   0x0800157e   0x00000002   PAD
    0x08001580   0x08001580   0x00000010   Code   RO         7811    i.CanDrv_RxCheck    can_drv.o
    0x08001590   0x08001590   0x00000028   Code   RO         7813    i.CanDrv_RxGetMeesage  can_drv.o
    0x080015b8   0x080015b8   0x00000074   Code   RO         7814    i.CanDrv_TxData     can_drv.o
    0x0800162c   0x0800162c   0x00000018   Code   RO         7816    i.CanDrv_TxEmptyCheck  can_drv.o
    0x08001644   0x08001644   0x00000012   Code   RO         7902    i.CanP_CanRx_Check  canp_hostcom.o
    0x08001656   0x08001656   0x00000002   PAD
    0x08001658   0x08001658   0x000000b0   Code   RO         7903    i.CanP_CanRx_Irq    canp_hostcom.o
    0x08001708   0x08001708   0x00000014   Code   RO         7904    i.CanP_CanRx_TrackUp  canp_hostcom.o
    0x0800171c   0x0800171c   0x000000e4   Code   RO         7906    i.CanP_CanTx_Check_fIrq  canp_hostcom.o
    0x08001800   0x08001800   0x00000028   Code   RO         7908    i.CanP_Cmd_Check    canp_hostcom.o
    0x08001828   0x08001828   0x00000020   Code   RO         7909    i.CanP_Cmd_Init     canp_hostcom.o
    0x08001848   0x08001848   0x00000048   Code   RO         7910    i.CanP_Cmd_Send     canp_hostcom.o
    0x08001890   0x08001890   0x00000054   Code   RO         7911    i.CanP_Cmd_Write    canp_hostcom.o
    0x080018e4   0x080018e4   0x00000060   Code   RO         7912    i.CanP_FifoInit     canp_hostcom.o
    0x08001944   0x08001944   0x00000016   Code   RO         7913    i.CanP_FifoInitS    canp_hostcom.o
    0x0800195a   0x0800195a   0x00000002   PAD
    0x0800195c   0x0800195c   0x00000108   Code   RO         7914    i.CanP_Host_Main    canp_hostcom.o
    0x08001a64   0x08001a64   0x0000002c   Code   RO         7915    i.CanP_Init         canp_hostcom.o
    0x08001a90   0x08001a90   0x000000ec   Code   RO         8211    i.Can_ZigBeeRx_Check  can_user.o
    0x08001b7c   0x08001b7c   0x00000054   Code   RO         8212    i.Can_ZigBeeRx_Save  can_user.o
    0x08001bd0   0x08001bd0   0x00000060   Code   RO         8271    i.Can_check_Init    can_check.o
    0x08001c30   0x08001c30   0x0000000c   Code   RO         8213    i.Canuser_main      can_user.o
    0x08001c3c   0x08001c3c   0x00000184   Code   RO         7608    i.Card_Track        roadway_check.o
    0x08001dc0   0x08001dc0   0x00000040   Code   RO         1859    i.Cba_Beep          cba.o
    0x08001e00   0x08001e00   0x00000078   Code   RO         1860    i.Cba_Init          cba.o
    0x08001e78   0x08001e78   0x00000060   Code   RO         1113    i.Che_ku_CallBackFun  che_ku.o
    0x08001ed8   0x08001ed8   0x00000028   Code   RO         2310    i.ClearBitMask      rc522.o
    0x08001f00   0x08001f00   0x0000005c   Code   RO         7609    i.Control           roadway_check.o
    0x08001f5c   0x08001f5c   0x000000ec   Code   RO         1405    i.DEBUG_LOG         debug.o
    0x08002048   0x08002048   0x00000014   Code   RO          623    i.Dao_Zha_CallBackFun  dao_zha.o
    0x0800205c   0x0800205c   0x000000a8   Code   RO         1797    i.EXTI4_IRQHandler  ultrasonic.o
    0x08002104   0x08002104   0x0000000c   Code   RO         3906    i.EXTI_ClearITPendingBit  stm32f4xx_exti.o
    0x08002110   0x08002110   0x00000018   Code   RO         3910    i.EXTI_GetITStatus  stm32f4xx_exti.o
    0x08002128   0x08002128   0x00000094   Code   RO         3911    i.EXTI_Init         stm32f4xx_exti.o
    0x080021bc   0x080021bc   0x0000000c   Code   RO         2043    i.Electricity_Init  power_check.o
    0x080021c8   0x080021c8   0x0000000e   Code   RO         1337    i.Feng_huo_Open     feng_huo.o
    0x080021d6   0x080021d6   0x0000002a   Code   RO         8105    i.FifoDrv_BufRead   fifo_drv.o
    0x08002200   0x08002200   0x00000028   Code   RO         8106    i.FifoDrv_BufWrite  fifo_drv.o
    0x08002228   0x08002228   0x00000030   Code   RO         8107    i.FifoDrv_CheckReadEn  fifo_drv.o
    0x08002258   0x08002258   0x0000001c   Code   RO         8108    i.FifoDrv_CheckWriteEn  fifo_drv.o
    0x08002274   0x08002274   0x00000024   Code   RO         8110    i.FifoDrv_Init      fifo_drv.o
    0x08002298   0x08002298   0x00000030   Code   RO         8111    i.FifoDrv_ReadOne   fifo_drv.o
    0x080022c8   0x080022c8   0x00000024   Code   RO         8112    i.FifoDrv_StructCheck  fifo_drv.o
    0x080022ec   0x080022ec   0x0000002c   Code   RO         8113    i.FifoDrv_WriteOne  fifo_drv.o
    0x08002318   0x08002318   0x000000b8   Code   RO         7610    i.Find_Line_Track   roadway_check.o
    0x080023d0   0x080023d0   0x00000050   Code   RO          334    i.Fun_Go_Back       fun_motor.o
    0x08002420   0x08002420   0x00000050   Code   RO          336    i.Fun_RightX        fun_motor.o
    0x08002470   0x08002470   0x0000004c   Code   RO          337    i.Fun_Track         fun_motor.o
    0x080024bc   0x080024bc   0x00000028   Code   RO          339    i.Fun_Track_Go      fun_motor.o
    0x080024e4   0x080024e4   0x00000064   Code   RO          340    i.Fun_Track_Mp      fun_motor.o
    0x08002548   0x08002548   0x00000034   Code   RO          341    i.Fun_Track_wheel_L  fun_motor.o
    0x0800257c   0x0800257c   0x00000038   Code   RO          342    i.Fun_Track_wheel_R  fun_motor.o
    0x080025b4   0x080025b4   0x00000090   Code   RO         4399    i.GPIO_Init         stm32f4xx_gpio.o
    0x08002644   0x08002644   0x00000046   Code   RO         4400    i.GPIO_PinAFConfig  stm32f4xx_gpio.o
    0x0800268a   0x0800268a   0x00000012   Code   RO         4403    i.GPIO_ReadInputDataBit  stm32f4xx_gpio.o
    0x0800269c   0x0800269c   0x00000004   Code   RO         4406    i.GPIO_ResetBits    stm32f4xx_gpio.o
    0x080026a0   0x080026a0   0x00000004   Code   RO         4407    i.GPIO_SetBits      stm32f4xx_gpio.o
    0x080026a4   0x080026a4   0x0000002c   Code   RO         2044    i.Get_ADC_Value     power_check.o
    0x080026d0   0x080026d0   0x00000026   Code   RO         2045    i.Get_Electricity   power_check.o
    0x080026f6   0x080026f6   0x00000002   PAD
    0x080026f8   0x080026f8   0x00000034   Code   RO         7919    i.Get_Host_UpTrack  canp_hostcom.o
    0x0800272c   0x0800272c   0x00000044   Code   RO          343    i.Go_Back           fun_motor.o
    0x08002770   0x08002770   0x0000006c   Code   RO         7611    i.Go_and_Back_Check  roadway_check.o
    0x080027dc   0x080027dc   0x0000012c   Code   RO         8173    i.Hard_Can_Init     hard_can.o
    0x08002908   0x08002908   0x00000024   Code   RO         8174    i.Hard_Can_SpeedMode  hard_can.o
    0x0800292c   0x0800292c   0x00000008   Code   RO         8175    i.Hard_Can_While    hard_can.o
    0x08002934   0x08002934   0x00000052   Code   RO            3    i.Hardware_Init     main.o
    0x08002986   0x08002986   0x00000002   PAD
    0x08002988   0x08002988   0x0000000c   Code   RO         7920    i.Host_Receive_UpTrack  canp_hostcom.o
    0x08002994   0x08002994   0x00000040   Code   RO         1559    i.Infrared_Init     infrared.o
    0x080029d4   0x080029d4   0x000000b4   Code   RO         1560    i.Infrared_Send     infrared.o
    0x08002a88   0x08002a88   0x0000003c   Code   RO         2311    i.InitRc522         rc522.o
    0x08002ac4   0x08002ac4   0x0000000a   Code   RO         1242    i.Jiao_Tong_CallBackFun  jiao_tong.o
    0x08002ace   0x08002ace   0x00000002   PAD
    0x08002ad0   0x08002ad0   0x00000100   Code   RO            4    i.KEY_Check         main.o
    0x08002bd0   0x08002bd0   0x00000018   Code   RO         1367    i.Lu_Deng_Gears_1   lu_deng.o
    0x08002be8   0x08002be8   0x00000018   Code   RO         1368    i.Lu_Deng_Gears_2   lu_deng.o
    0x08002c00   0x08002c00   0x00000018   Code   RO         1369    i.Lu_Deng_Gears_3   lu_deng.o
    0x08002c18   0x08002c18   0x00000096   Code   RO         2312    i.M500PcdConfigISOType  rc522.o
    0x08002cae   0x08002cae   0x0000000e   Code   RO         2046    i.MLib_GetSub       power_check.o
    0x08002cbc   0x08002cbc   0x00000078   Code   RO         2608    i.NVIC_Init         misc.o
    0x08002d34   0x08002d34   0x00000014   Code   RO         2609    i.NVIC_PriorityGroupConfig  misc.o
    0x08002d48   0x08002d48   0x00000050   Code   RO          475    i.Normal_data       a72.o
    0x08002d98   0x08002d98   0x0000007c   Code   RO         2047    i.Parameter_Init    power_check.o
    0x08002e14   0x08002e14   0x0000000c   Code   RO         2313    i.PcdAntennaOff     rc522.o
    0x08002e20   0x08002e20   0x0000001a   Code   RO         2314    i.PcdAntennaOn      rc522.o
    0x08002e3a   0x08002e3a   0x00000078   Code   RO         2315    i.PcdAnticoll       rc522.o
    0x08002eb2   0x08002eb2   0x00000070   Code   RO         2316    i.PcdAuthState      rc522.o
    0x08002f22   0x08002f22   0x00000162   Code   RO         2317    i.PcdComMF522       rc522.o
    0x08003084   0x08003084   0x00000056   Code   RO         2319    i.PcdRead           rc522.o
    0x080030da   0x080030da   0x0000005e   Code   RO         2320    i.PcdRequest        rc522.o
    0x08003138   0x08003138   0x00000088   Code   RO         2321    i.PcdReset          rc522.o
    0x080031c0   0x080031c0   0x00000074   Code   RO         2322    i.PcdSelect         rc522.o
    0x08003234   0x08003234   0x0000016c   Code   RO         2048    i.Power_Check       power_check.o
    0x080033a0   0x080033a0   0x00000094   Code   RO         2324    i.RC522_Uart_init   rc522.o
    0x08003434   0x08003434   0x00000020   Code   RO         5285    i.RCC_AHB1PeriphClockCmd  stm32f4xx_rcc.o
    0x08003454   0x08003454   0x00000020   Code   RO         5294    i.RCC_APB1PeriphClockCmd  stm32f4xx_rcc.o
    0x08003474   0x08003474   0x00000020   Code   RO         5296    i.RCC_APB1PeriphResetCmd  stm32f4xx_rcc.o
    0x08003494   0x08003494   0x00000020   Code   RO         5297    i.RCC_APB2PeriphClockCmd  stm32f4xx_rcc.o
    0x080034b4   0x080034b4   0x00000020   Code   RO         5299    i.RCC_APB2PeriphResetCmd  stm32f4xx_rcc.o
    0x080034d4   0x080034d4   0x000000e8   Code   RO         5306    i.RCC_GetClocksFreq  stm32f4xx_rcc.o
    0x080035bc   0x080035bc   0x00000050   Code   RO         7612    i.RFID_Cheack       roadway_check.o
    0x0800360c   0x0800360c   0x0000000c   Code   RO         2326    i.Rc522_GetLinkFlag  rc522.o
    0x08003618   0x08003618   0x0000000a   Code   RO         2327    i.Rc522_LinkTest    rc522.o
    0x08003622   0x08003622   0x0000003a   Code   RO         2328    i.Rc522_OutSRst     rc522.o
    0x0800365c   0x0800365c   0x00000004   Code   RO         2329    i.Rc522_ToSRst      rc522.o
    0x08003660   0x08003660   0x0000002a   Code   RO         2330    i.ReadRawRC         rc522.o
    0x0800368a   0x0800368a   0x00000002   PAD
    0x0800368c   0x0800368c   0x00000110   Code   RO         2331    i.Read_Card         rc522.o
    0x0800379c   0x0800379c   0x00000018   Code   RO         2332    i.Readcard_daivce_Init  rc522.o
    0x080037b4   0x080037b4   0x00000048   Code   RO         2333    i.Rece_data         rc522.o
    0x080037fc   0x080037fc   0x00000014   Code   RO         7613    i.Roadway_Check     roadway_check.o
    0x08003810   0x08003810   0x00000074   Code   RO         7614    i.Roadway_Flag_clean  roadway_check.o
    0x08003884   0x08003884   0x00000048   Code   RO         7616    i.Roadway_mp_Get    roadway_check.o
    0x080038cc   0x080038cc   0x00000014   Code   RO         7617    i.Roadway_mp_syn    roadway_check.o
    0x080038e0   0x080038e0   0x00000020   Code   RO         1957    i.SDA_IN            bh1750.o
    0x08003900   0x08003900   0x00000028   Code   RO         1958    i.SDA_OUT           bh1750.o
    0x08003928   0x08003928   0x00000048   Code   RO         1587    i.SYN7318_Init      syn7318.o
    0x08003970   0x08003970   0x00000040   Code   RO         6580    i.SYSCFG_EXTILineConfig  stm32f4xx_syscfg.o
    0x080039b0   0x080039b0   0x0000002a   Code   RO         7923    i.Send_Electric     canp_hostcom.o
    0x080039da   0x080039da   0x00000002   PAD
    0x080039dc   0x080039dc   0x00000018   Code   RO         7924    i.Send_InfoData_To_Fifo  canp_hostcom.o
    0x080039f4   0x080039f4   0x00000060   Code   RO          559    i.Send_To_AGV_Car   agv_car.o
    0x08003a54   0x08003a54   0x00000054   Code   RO         7926    i.Send_UpMotor      canp_hostcom.o
    0x08003aa8   0x08003aa8   0x00000018   Code   RO         7928    i.Send_ZigbeeData_To_Fifo  canp_hostcom.o
    0x08003ac0   0x08003ac0   0x00000024   Code   RO         2335    i.Send_data         rc522.o
    0x08003ae4   0x08003ae4   0x00000028   Code   RO         2336    i.SetBitMask        rc522.o
    0x08003b0c   0x08003b0c   0x000000ec   Code   RO         7452    i.SetSysClock       system_stm32f4xx.o
    0x08003bf8   0x08003bf8   0x00000024   Code   RO         1702    i.Set_tba_Beep      tba.o
    0x08003c1c   0x08003c1c   0x0000004c   Code   RO         1703    i.Set_tba_WheelLED  tba.o
    0x08003c68   0x08003c68   0x0000001a   Code   RO         1959    i.Single_Write_BH1750  bh1750.o
    0x08003c82   0x08003c82   0x00000002   PAD
    0x08003c84   0x08003c84   0x00000038   Code   RO         7779    i.Smoothing_Filtering  data_filtering.o
    0x08003cbc   0x08003cbc   0x00000010   Code   RO          346    i.Stop              fun_motor.o
    0x08003ccc   0x08003ccc   0x0000001c   Code   RO         7620    i.Stop_Flag_Cheack  roadway_check.o
    0x08003ce8   0x08003ce8   0x00000028   Code   RO         2612    i.SysTick_CLKSourceConfig  misc.o
    0x08003d10   0x08003d10   0x00000068   Code   RO         7454    i.SystemInit        system_stm32f4xx.o
    0x08003d78   0x08003d78   0x00000020   Code   RO         7621    i.TIM1_BRK_TIM9_IRQHandler  roadway_check.o
    0x08003d98   0x08003d98   0x0000002c   Code   RO         2564    i.TIM1_UP_TIM10_IRQHandler  timer.o
    0x08003dc4   0x08003dc4   0x0000001e   Code   RO            5    i.TIM2_IRQHandler   main.o
    0x08003de2   0x08003de2   0x00000002   PAD
    0x08003de4   0x08003de4   0x0000002c   Code   RO         1798    i.TIM6_DAC_IRQHandler  ultrasonic.o
    0x08003e10   0x08003e10   0x00000020   Code   RO         8272    i.TIM7_IRQHandler   can_check.o
    0x08003e30   0x08003e30   0x00000006   Code   RO         6644    i.TIM_ClearITPendingBit  stm32f4xx_tim.o
    0x08003e36   0x08003e36   0x00000018   Code   RO         6649    i.TIM_Cmd           stm32f4xx_tim.o
    0x08003e4e   0x08003e4e   0x00000022   Code   RO         6670    i.TIM_GetITStatus   stm32f4xx_tim.o
    0x08003e70   0x08003e70   0x00000012   Code   RO         6674    i.TIM_ITConfig      stm32f4xx_tim.o
    0x08003e82   0x08003e82   0x00000002   PAD
    0x08003e84   0x08003e84   0x00000084   Code   RO         6721    i.TIM_TimeBaseInit  stm32f4xx_tim.o
    0x08003f08   0x08003f08   0x00000034   Code   RO         1705    i.Tba_Beep_Config   tba.o
    0x08003f3c   0x08003f3c   0x00000010   Code   RO         1706    i.Tba_Init          tba.o
    0x08003f4c   0x08003f4c   0x0000002c   Code   RO         1707    i.Tba_Photoresistance_Config  tba.o
    0x08003f78   0x08003f78   0x00000034   Code   RO         1708    i.Tba_WheelLED_Config  tba.o
    0x08003fac   0x08003fac   0x00000060   Code   RO         2565    i.Timer_Init        timer.o
    0x0800400c   0x0800400c   0x00000038   Code   RO          347    i.Track             fun_motor.o
    0x08004044   0x08004044   0x000000d0   Code   RO         7622    i.Track_Check       roadway_check.o
    0x08004114   0x08004114   0x000001cc   Code   RO         7623    i.Track_Control_Back  roadway_check.o
    0x080042e0   0x080042e0   0x000001f0   Code   RO         7624    i.Track_Control_Back_Mp  roadway_check.o
    0x080044d0   0x080044d0   0x000001cc   Code   RO         7625    i.Track_Control_Go  roadway_check.o
    0x0800469c   0x0800469c   0x000001f0   Code   RO         7626    i.Track_Control_Go_Mp  roadway_check.o
    0x0800488c   0x0800488c   0x00000028   Code   RO          349    i.Track_wheel_L     fun_motor.o
    0x080048b4   0x080048b4   0x00000028   Code   RO          350    i.Track_wheel_R     fun_motor.o
    0x080048dc   0x080048dc   0x00000010   Code   RO         7499    i.U8ToU16           my_lib.o
    0x080048ec   0x080048ec   0x00000010   Code   RO         7500    i.U8ToU16_Big       my_lib.o
    0x080048fc   0x080048fc   0x00000010   Code   RO         2112    i.UART4_IRQHandler  uart_a72.o
    0x0800490c   0x0800490c   0x0000005c   Code   RO         1887    i.USART1_IRQHandler  usart.o
    0x08004968   0x08004968   0x00000090   Code   RO         2113    i.USART2_IRQHandler  uart_a72.o
    0x080049f8   0x080049f8   0x00000098   Code   RO         1599    i.USART6_Init       syn7318.o
    0x08004a90   0x08004a90   0x00000012   Code   RO         7195    i.USART_ClearFlag   stm32f4xx_usart.o
    0x08004aa2   0x08004aa2   0x0000001e   Code   RO         7196    i.USART_ClearITPendingBit  stm32f4xx_usart.o
    0x08004ac0   0x08004ac0   0x00000018   Code   RO         7199    i.USART_Cmd         stm32f4xx_usart.o
    0x08004ad8   0x08004ad8   0x0000001a   Code   RO         7202    i.USART_GetFlagStatus  stm32f4xx_usart.o
    0x08004af2   0x08004af2   0x00000054   Code   RO         7203    i.USART_GetITStatus  stm32f4xx_usart.o
    0x08004b46   0x08004b46   0x0000004a   Code   RO         7205    i.USART_ITConfig    stm32f4xx_usart.o
    0x08004b90   0x08004b90   0x000000d4   Code   RO         7206    i.USART_Init        stm32f4xx_usart.o
    0x08004c64   0x08004c64   0x0000000a   Code   RO         7213    i.USART_ReceiveData  stm32f4xx_usart.o
    0x08004c6e   0x08004c6e   0x00000008   Code   RO         7216    i.USART_SendData    stm32f4xx_usart.o
    0x08004c76   0x08004c76   0x00000002   PAD
    0x08004c78   0x08004c78   0x000000f8   Code   RO         2222    i.Uart_Irq          uart_drv.o
    0x08004d70   0x08004d70   0x00000056   Code   RO         1799    i.Ultrasonic_EXTI   ultrasonic.o
    0x08004dc6   0x08004dc6   0x00000014   Code   RO         1800    i.Ultrasonic_Init   ultrasonic.o
    0x08004dda   0x08004dda   0x00000002   PAD
    0x08004ddc   0x08004ddc   0x00000068   Code   RO         1801    i.Ultrasonic_Port   ultrasonic.o
    0x08004e44   0x08004e44   0x00000058   Code   RO         1803    i.Ultrasonic_TIM    ultrasonic.o
    0x08004e9c   0x08004e9c   0x000001b0   Code   RO          476    i.WifiRx_Check      a72.o
    0x0800504c   0x0800504c   0x00000054   Code   RO          477    i.WifiRx_Save       a72.o
    0x080050a0   0x080050a0   0x00000054   Code   RO         2338    i.WriteRawRC_HDL    rc522.o
    0x080050f4   0x080050f4   0x00000020   Code   RO         8442    i.__0printf$5       mc_w.l(printf5.o)
    0x08005114   0x08005114   0x0000000e   Code   RO         8643    i.__scatterload_copy  mc_w.l(handlers.o)
    0x08005122   0x08005122   0x00000002   Code   RO         8644    i.__scatterload_null  mc_w.l(handlers.o)
    0x08005124   0x08005124   0x0000000e   Code   RO         8645    i.__scatterload_zeroinit  mc_w.l(handlers.o)
    0x08005132   0x08005132   0x00000002   PAD
    0x08005134   0x08005134   0x000002c0   Code   RO         8449    i._printf_core      mc_w.l(printf5.o)
    0x080053f4   0x080053f4   0x00000014   Code   RO         1709    i.close_tba_allLED  tba.o
    0x08005408   0x08005408   0x0000003c   Code   RO         2530    i.delay_init        delay.o
    0x08005444   0x08005444   0x0000004c   Code   RO         2531    i.delay_ms          delay.o
    0x08005490   0x08005490   0x00000028   Code   RO         2341    i.delay_ns          rc522.o
    0x080054b8   0x080054b8   0x0000004c   Code   RO         2532    i.delay_us          delay.o
    0x08005504   0x08005504   0x00000010   Code   RO         1406    i.fputc             debug.o
    0x08005514   0x08005514   0x0000000c   Code   RO         2566    i.gt_get            timer.o
    0x08005520   0x08005520   0x00000018   Code   RO         2567    i.gt_get_sub        timer.o
    0x08005538   0x08005538   0x00000064   Code   RO         1447    i.itoa              data_proce.o
    0x0800559c   0x0800559c   0x00000188   Code   RO            9    i.main              main.o
    0x08005724   0x08005724   0x00000014   Code   RO         1710    i.open_tba_allLED   tba.o
    0x08005738   0x08005738   0x00000014   Code   RO         1711    i.open_tba_leftLED  tba.o
    0x0800574c   0x0800574c   0x00000014   Code   RO         1712    i.open_tba_rightLED  tba.o
    0x08005760   0x08005760   0x000002f4   Code   RO          304    i.plan              plan.o
    0x08005a54   0x08005a54   0x00000020   Code   RO         1449    i.reverse_bit       data_proce.o
    0x08005a74   0x08005a74   0x00000060   Code   RO         7628    i.roadway_check_TimInit  roadway_check.o
    0x08005ad4   0x08005ad4   0x00000040   Code   RO         7629    i.wheel_Nav_check   roadway_check.o
    0x08005b14   0x08005b14   0x000000a8   Code   RO         7630    i.wheel_Track_check  roadway_check.o
    0x08005bbc   0x08005bbc   0x00000110   Data   RO         7502    .constdata          my_lib.o
    0x08005ccc   0x08005ccc   0x00000020   Data   RO         8641    Region$$Table       anon$$obj.o


    Execution Region RW_IRAM2 (Exec base: 0x10000000, Load base: 0x08005ddc, Size: 0x00000000, Max: 0x00010000, ABSOLUTE)

    **** No section assigned to this execution region ****


    Execution Region RW_IRAM1 (Exec base: 0x20000000, Load base: 0x08005cec, Size: 0x00000cc0, Max: 0x00020000, ABSOLUTE, COMPRESSED[0x000000f0])

    Exec Addr    Load Addr    Size         Type   Attr      Idx    E Section Name        Object

    0x20000000   COMPRESSED   0x000000b8   Data   RW           11    .data               main.o
    0x200000b8   COMPRESSED   0x00000080   Data   RW          306    .data               plan.o
    0x20000138   COMPRESSED   0x00000010   Data   RW          479    .data               a72.o
    0x20000148   COMPRESSED   0x00000001   Data   RW          629    .data               dao_zha.o
    0x20000149   COMPRESSED   0x00000002   Data   RW         1116    .data               che_ku.o
    0x2000014b   COMPRESSED   0x00000001   PAD
    0x2000014c   COMPRESSED   0x0000000a   Data   RW         1804    .data               ultrasonic.o
    0x20000156   COMPRESSED   0x00000004   Data   RW         1892    .data               usart.o
    0x2000015a   COMPRESSED   0x00000002   PAD
    0x2000015c   COMPRESSED   0x00000013   Data   RW         2049    .data               power_check.o
    0x2000016f   COMPRESSED   0x00000001   PAD
    0x20000170   COMPRESSED   0x0000001c   Data   RW         2225    .data               uart_drv.o
    0x2000018c   COMPRESSED   0x0000001c   Data   RW         2342    .data               rc522.o
    0x200001a8   COMPRESSED   0x00000004   Data   RW         2533    .data               delay.o
    0x200001ac   COMPRESSED   0x00000008   Data   RW         2568    .data               timer.o
    0x200001b4   COMPRESSED   0x00000010   Data   RW         5338    .data               stm32f4xx_rcc.o
    0x200001c4   COMPRESSED   0x000000a0   Data   RW         7632    .data               roadway_check.o
    0x20000264   COMPRESSED   0x00000002   Data   RW         7821    .data               can_drv.o
    0x20000266   COMPRESSED   0x00000002   PAD
    0x20000268   COMPRESSED   0x00000037   Data   RW         7933    .data               canp_hostcom.o
    0x2000029f   COMPRESSED   0x00000001   PAD
    0x200002a0   COMPRESSED   0x0000007d   Data   RW         8216    .data               can_user.o
    0x2000031d   COMPRESSED   0x00000003   PAD
    0x20000320   COMPRESSED   0x00000004   Data   RW         8606    .data               mc_w.l(stdout.o)
    0x20000324        -       0x000000c8   Zero   RW          478    .bss                a72.o
    0x200003ec        -       0x000000dc   Zero   RW         2224    .bss                uart_drv.o
    0x200004c8        -       0x00000074   Zero   RW         7587    .bss                data_base.o
    0x2000053c        -       0x00000010   Zero   RW         7631    .bss                roadway_check.o
    0x2000054c        -       0x00000040   Zero   RW         7780    .bss                data_filtering.o
    0x2000058c        -       0x00000028   Zero   RW         7820    .bss                can_drv.o
    0x200005b4        -       0x0000020c   Zero   RW         7932    .bss                canp_hostcom.o
    0x200007c0        -       0x00000028   Zero   RW         8176    .bss                hard_can.o
    0x200007e8        -       0x000000d8   Zero   RW         8215    .bss                can_user.o
    0x200008c0        -       0x00000400   Zero   RW         7443    STACK               startup_stm32f40_41xxx.o


==============================================================================

Image component sizes


      Code (inc. data)   RO Data    RW Data    ZI Data      Debug   Object Name

       752         98          0         16        200       3736   a72.o
       240         30          0          0          0       2939   agv_car.o
       450         62          0          0          0       5170   bh1750.o
       128          8          0          0          0       1239   can_check.o
       918         30          0          2         40       7439   can_drv.o
       332         44          0        125        216       4151   can_user.o
      1334        202          0         55        524      15013   canp_hostcom.o
       184         18          0          0          0       1294   cba.o
        96         10          0          2          0       1217   che_ku.o
        20          6          0          1          0       1110   dao_zha.o
         0          0          0          0        116       1513   data_base.o
        56          4          0          0         64       1985   data_filtering.o
       158          0          0          0          0       2256   data_proce.o
       252         10          0          0          0       3320   debug.o
       212         16          0          4          0       1923   delay.o
        14          0          0          0          0        916   feng_huo.o
       322          0          0          0          0       5684   fifo_drv.o
       704        168          0          0          0       7354   fun_motor.o
       344         22          0          0         40       2172   hard_can.o
       244         18          0          0          0       1756   infrared.o
        10          0          0          0          0        912   jiao_tong.o
        72         18          0          0          0       1682   lu_deng.o
       760         74          0        184          0     321791   main.o
       180         24          0          0          0       2121   misc.o
        32          0        272          0          0       2610   my_lib.o
       756         64          0        128          0       3261   plan.o
       736         68          0         19          0       5451   power_check.o
      2282        164          0         28          0      20165   rc522.o
      3588        342          0        160         16      15007   roadway_check.o
        36          8        392          0       1024        848   startup_stm32f40_41xxx.o
       380         24          0          0          0       6202   stm32f4xx_adc.o
      1338         34          0          0          0       6487   stm32f4xx_can.o
       184         16          0          0          0       2136   stm32f4xx_exti.o
       240          0          0          0          0       3583   stm32f4xx_gpio.o
       392         48          0         16          0       5929   stm32f4xx_rcc.o
        64          4          0          0          0        664   stm32f4xx_syscfg.o
       214         28          0          0          0       3738   stm32f4xx_tim.o
       486          8          0          0          0       6821   stm32f4xx_usart.o
       224         14          0          0          0       1329   syn7318.o
       340         32          0          0          0       1573   system_stm32f4xx.o
       404         26          0          0          0       6196   tba.o
       176         24          0          8          0       2912   timer.o
       160         32          0          0          0       1111   uart_a72.o
       248         18          0         28        220       2359   uart_drv.o
       510         60          0         10          0       4026   ultrasonic.o
        92         16          0          4          0       1259   usart.o

    ----------------------------------------------------------------------
     20702       1892        696        800       2460     502360   Object Totals
         0          0         32          0          0          0   (incl. Generated)
        38          0          0         10          0          0   (incl. Padding)

    ----------------------------------------------------------------------

      Code (inc. data)   RO Data    RW Data    ZI Data      Debug   Library Member Name

        94          0          0          0          0          0   __dclz77c.o
         0          0          0          0          0          0   entry.o
         0          0          0          0          0          0   entry10a.o
         0          0          0          0          0          0   entry11a.o
         4          0          0          0          0          0   entry12b.o
         8          4          0          0          0          0   entry2.o
         4          0          0          0          0          0   entry5.o
         0          0          0          0          0          0   entry7b.o
         0          0          0          0          0          0   entry8b.o
         8          4          0          0          0          0   entry9a.o
        30          0          0          0          0          0   handlers.o
        36          8          0          0          0         68   init.o
         0          0          0          0          0          0   iusefp.o
        30          0          0          0          0         68   llshl.o
        36          0          0          0          0         68   llsshr.o
        32          0          0          0          0         68   llushr.o
        36          0          0          0          0         68   memcpya.o
        36          0          0          0          0        108   memseta.o
       736         54          0          0          0        184   printf5.o
         0          0          0          4          0          0   stdout.o
        98          0          0          0          0         92   uldiv.o
        56          0          0          0          0         88   d2f.o
       334          0          0          0          0        148   dadd.o
       222          0          0          0          0        100   ddiv.o
       186          0          0          0          0        176   depilogue.o
        26          0          0          0          0         76   dfltui.o
       228          0          0          0          0         96   dmul.o
        38          0          0          0          0         68   f2d.o
       110          0          0          0          0        168   fepilogue.o

    ----------------------------------------------------------------------
      2390         70          0          4          0       1644   Library Totals
         2          0          0          0          0          0   (incl. Padding)

    ----------------------------------------------------------------------

      Code (inc. data)   RO Data    RW Data    ZI Data      Debug   Library Name

      1188         70          0          4          0        724   mc_w.l
      1200          0          0          0          0        920   mf_w.l

    ----------------------------------------------------------------------
      2390         70          0          4          0       1644   Library Totals

    ----------------------------------------------------------------------

==============================================================================


      Code (inc. data)   RO Data    RW Data    ZI Data      Debug   

     23092       1962        696        804       2460     481360   Grand Totals
     23092       1962        696        240       2460     481360   ELF Image Totals (compressed)
     23092       1962        696        240          0          0   ROM Totals

==============================================================================

    Total RO  Size (Code + RO Data)                23788 (  23.23kB)
    Total RW  Size (RW Data + ZI Data)              3264 (   3.19kB)
    Total ROM Size (Code + RO Data + RW Data)      24028 (  23.46kB)

==============================================================================

