<!doctype html public "-//w3c//dtd html 4.0 transitional//en">
<html><head>
<title>Static Call Graph - [..\OUTPUT\CarV1.3]</title></head>
<body><HR>
<H1>Static Call Graph for image ..\OUTPUT\CarV1.3</H1><HR>
<BR><P>#&#060CALLGRAPH&#062# ARM Linker, 5060960: Last Updated: Mon Oct 17 11:05:47 2022
<BR><P>
<H3>Maximum Stack Usage =        224 bytes + Unknown(Cycles, Untraceable Function Pointers)</H3><H3>
Call chain for Maximum Stack Depth:</H3>
main &rArr; Stop_Flag_Cheack &rArr; RFID_Cheack &rArr; Read_Card &rArr; PcdAuthState &rArr; PcdComMF522 &rArr; SetBitMask &rArr; WriteRawRC_HDL &rArr; Rece_data
<P>
<H3>
Mutually Recursive functions
</H3> <LI><a href="#[1]">NMI_Handler</a>&nbsp;&nbsp;&nbsp;&rArr;&nbsp;&nbsp;&nbsp;<a href="#[1]">NMI_Handler</a><BR>
 <LI><a href="#[2]">HardFault_Handler</a>&nbsp;&nbsp;&nbsp;&rArr;&nbsp;&nbsp;&nbsp;<a href="#[2]">HardFault_Handler</a><BR>
 <LI><a href="#[3]">MemManage_Handler</a>&nbsp;&nbsp;&nbsp;&rArr;&nbsp;&nbsp;&nbsp;<a href="#[3]">MemManage_Handler</a><BR>
 <LI><a href="#[4]">BusFault_Handler</a>&nbsp;&nbsp;&nbsp;&rArr;&nbsp;&nbsp;&nbsp;<a href="#[4]">BusFault_Handler</a><BR>
 <LI><a href="#[5]">UsageFault_Handler</a>&nbsp;&nbsp;&nbsp;&rArr;&nbsp;&nbsp;&nbsp;<a href="#[5]">UsageFault_Handler</a><BR>
 <LI><a href="#[6]">SVC_Handler</a>&nbsp;&nbsp;&nbsp;&rArr;&nbsp;&nbsp;&nbsp;<a href="#[6]">SVC_Handler</a><BR>
 <LI><a href="#[7]">DebugMon_Handler</a>&nbsp;&nbsp;&nbsp;&rArr;&nbsp;&nbsp;&nbsp;<a href="#[7]">DebugMon_Handler</a><BR>
 <LI><a href="#[8]">PendSV_Handler</a>&nbsp;&nbsp;&nbsp;&rArr;&nbsp;&nbsp;&nbsp;<a href="#[8]">PendSV_Handler</a><BR>
 <LI><a href="#[9]">SysTick_Handler</a>&nbsp;&nbsp;&nbsp;&rArr;&nbsp;&nbsp;&nbsp;<a href="#[9]">SysTick_Handler</a><BR>
 <LI><a href="#[1c]">ADC_IRQHandler</a>&nbsp;&nbsp;&nbsp;&rArr;&nbsp;&nbsp;&nbsp;<a href="#[1c]">ADC_IRQHandler</a><BR>
</UL>
<P>
<H3>
Function Pointers
</H3><UL>
 <LI><a href="#[1c]">ADC_IRQHandler</a> from startup_stm32f40_41xxx.o(.text) referenced from startup_stm32f40_41xxx.o(RESET)
 <LI><a href="#[4]">BusFault_Handler</a> from startup_stm32f40_41xxx.o(.text) referenced from startup_stm32f40_41xxx.o(RESET)
 <LI><a href="#[1e]">CAN1_RX0_IRQHandler</a> from startup_stm32f40_41xxx.o(.text) referenced from startup_stm32f40_41xxx.o(RESET)
 <LI><a href="#[1f]">CAN1_RX1_IRQHandler</a> from startup_stm32f40_41xxx.o(.text) referenced from startup_stm32f40_41xxx.o(RESET)
 <LI><a href="#[20]">CAN1_SCE_IRQHandler</a> from startup_stm32f40_41xxx.o(.text) referenced from startup_stm32f40_41xxx.o(RESET)
 <LI><a href="#[1d]">CAN1_TX_IRQHandler</a> from startup_stm32f40_41xxx.o(.text) referenced from startup_stm32f40_41xxx.o(RESET)
 <LI><a href="#[4a]">CAN2_RX0_IRQHandler</a> from startup_stm32f40_41xxx.o(.text) referenced from startup_stm32f40_41xxx.o(RESET)
 <LI><a href="#[4b]">CAN2_RX1_IRQHandler</a> from startup_stm32f40_41xxx.o(.text) referenced from startup_stm32f40_41xxx.o(RESET)
 <LI><a href="#[4c]">CAN2_SCE_IRQHandler</a> from startup_stm32f40_41xxx.o(.text) referenced from startup_stm32f40_41xxx.o(RESET)
 <LI><a href="#[49]">CAN2_TX_IRQHandler</a> from startup_stm32f40_41xxx.o(.text) referenced from startup_stm32f40_41xxx.o(RESET)
 <LI><a href="#[59]">CRYP_IRQHandler</a> from startup_stm32f40_41xxx.o(.text) referenced from startup_stm32f40_41xxx.o(RESET)
 <LI><a href="#[58]">DCMI_IRQHandler</a> from startup_stm32f40_41xxx.o(.text) referenced from startup_stm32f40_41xxx.o(RESET)
 <LI><a href="#[15]">DMA1_Stream0_IRQHandler</a> from startup_stm32f40_41xxx.o(.text) referenced from startup_stm32f40_41xxx.o(RESET)
 <LI><a href="#[16]">DMA1_Stream1_IRQHandler</a> from startup_stm32f40_41xxx.o(.text) referenced from startup_stm32f40_41xxx.o(RESET)
 <LI><a href="#[17]">DMA1_Stream2_IRQHandler</a> from startup_stm32f40_41xxx.o(.text) referenced from startup_stm32f40_41xxx.o(RESET)
 <LI><a href="#[18]">DMA1_Stream3_IRQHandler</a> from startup_stm32f40_41xxx.o(.text) referenced from startup_stm32f40_41xxx.o(RESET)
 <LI><a href="#[19]">DMA1_Stream4_IRQHandler</a> from startup_stm32f40_41xxx.o(.text) referenced from startup_stm32f40_41xxx.o(RESET)
 <LI><a href="#[1a]">DMA1_Stream5_IRQHandler</a> from startup_stm32f40_41xxx.o(.text) referenced from startup_stm32f40_41xxx.o(RESET)
 <LI><a href="#[1b]">DMA1_Stream6_IRQHandler</a> from startup_stm32f40_41xxx.o(.text) referenced from startup_stm32f40_41xxx.o(RESET)
 <LI><a href="#[39]">DMA1_Stream7_IRQHandler</a> from startup_stm32f40_41xxx.o(.text) referenced from startup_stm32f40_41xxx.o(RESET)
 <LI><a href="#[42]">DMA2_Stream0_IRQHandler</a> from startup_stm32f40_41xxx.o(.text) referenced from startup_stm32f40_41xxx.o(RESET)
 <LI><a href="#[43]">DMA2_Stream1_IRQHandler</a> from startup_stm32f40_41xxx.o(.text) referenced from startup_stm32f40_41xxx.o(RESET)
 <LI><a href="#[44]">DMA2_Stream2_IRQHandler</a> from startup_stm32f40_41xxx.o(.text) referenced from startup_stm32f40_41xxx.o(RESET)
 <LI><a href="#[45]">DMA2_Stream3_IRQHandler</a> from startup_stm32f40_41xxx.o(.text) referenced from startup_stm32f40_41xxx.o(RESET)
 <LI><a href="#[46]">DMA2_Stream4_IRQHandler</a> from startup_stm32f40_41xxx.o(.text) referenced from startup_stm32f40_41xxx.o(RESET)
 <LI><a href="#[4e]">DMA2_Stream5_IRQHandler</a> from startup_stm32f40_41xxx.o(.text) referenced from startup_stm32f40_41xxx.o(RESET)
 <LI><a href="#[4f]">DMA2_Stream6_IRQHandler</a> from startup_stm32f40_41xxx.o(.text) referenced from startup_stm32f40_41xxx.o(RESET)
 <LI><a href="#[50]">DMA2_Stream7_IRQHandler</a> from startup_stm32f40_41xxx.o(.text) referenced from startup_stm32f40_41xxx.o(RESET)
 <LI><a href="#[7]">DebugMon_Handler</a> from startup_stm32f40_41xxx.o(.text) referenced from startup_stm32f40_41xxx.o(RESET)
 <LI><a href="#[47]">ETH_IRQHandler</a> from startup_stm32f40_41xxx.o(.text) referenced from startup_stm32f40_41xxx.o(RESET)
 <LI><a href="#[48]">ETH_WKUP_IRQHandler</a> from startup_stm32f40_41xxx.o(.text) referenced from startup_stm32f40_41xxx.o(RESET)
 <LI><a href="#[10]">EXTI0_IRQHandler</a> from startup_stm32f40_41xxx.o(.text) referenced from startup_stm32f40_41xxx.o(RESET)
 <LI><a href="#[32]">EXTI15_10_IRQHandler</a> from startup_stm32f40_41xxx.o(.text) referenced from startup_stm32f40_41xxx.o(RESET)
 <LI><a href="#[11]">EXTI1_IRQHandler</a> from startup_stm32f40_41xxx.o(.text) referenced from startup_stm32f40_41xxx.o(RESET)
 <LI><a href="#[12]">EXTI2_IRQHandler</a> from startup_stm32f40_41xxx.o(.text) referenced from startup_stm32f40_41xxx.o(RESET)
 <LI><a href="#[13]">EXTI3_IRQHandler</a> from startup_stm32f40_41xxx.o(.text) referenced from startup_stm32f40_41xxx.o(RESET)
 <LI><a href="#[14]">EXTI4_IRQHandler</a> from ultrasonic.o(i.EXTI4_IRQHandler) referenced from startup_stm32f40_41xxx.o(RESET)
 <LI><a href="#[21]">EXTI9_5_IRQHandler</a> from startup_stm32f40_41xxx.o(.text) referenced from startup_stm32f40_41xxx.o(RESET)
 <LI><a href="#[e]">FLASH_IRQHandler</a> from startup_stm32f40_41xxx.o(.text) referenced from startup_stm32f40_41xxx.o(RESET)
 <LI><a href="#[5b]">FPU_IRQHandler</a> from startup_stm32f40_41xxx.o(.text) referenced from startup_stm32f40_41xxx.o(RESET)
 <LI><a href="#[3a]">FSMC_IRQHandler</a> from startup_stm32f40_41xxx.o(.text) referenced from startup_stm32f40_41xxx.o(RESET)
 <LI><a href="#[5a]">HASH_RNG_IRQHandler</a> from startup_stm32f40_41xxx.o(.text) referenced from startup_stm32f40_41xxx.o(RESET)
 <LI><a href="#[2]">HardFault_Handler</a> from startup_stm32f40_41xxx.o(.text) referenced from startup_stm32f40_41xxx.o(RESET)
 <LI><a href="#[2a]">I2C1_ER_IRQHandler</a> from startup_stm32f40_41xxx.o(.text) referenced from startup_stm32f40_41xxx.o(RESET)
 <LI><a href="#[29]">I2C1_EV_IRQHandler</a> from startup_stm32f40_41xxx.o(.text) referenced from startup_stm32f40_41xxx.o(RESET)
 <LI><a href="#[2c]">I2C2_ER_IRQHandler</a> from startup_stm32f40_41xxx.o(.text) referenced from startup_stm32f40_41xxx.o(RESET)
 <LI><a href="#[2b]">I2C2_EV_IRQHandler</a> from startup_stm32f40_41xxx.o(.text) referenced from startup_stm32f40_41xxx.o(RESET)
 <LI><a href="#[53]">I2C3_ER_IRQHandler</a> from startup_stm32f40_41xxx.o(.text) referenced from startup_stm32f40_41xxx.o(RESET)
 <LI><a href="#[52]">I2C3_EV_IRQHandler</a> from startup_stm32f40_41xxx.o(.text) referenced from startup_stm32f40_41xxx.o(RESET)
 <LI><a href="#[3]">MemManage_Handler</a> from startup_stm32f40_41xxx.o(.text) referenced from startup_stm32f40_41xxx.o(RESET)
 <LI><a href="#[1]">NMI_Handler</a> from startup_stm32f40_41xxx.o(.text) referenced from startup_stm32f40_41xxx.o(RESET)
 <LI><a href="#[4d]">OTG_FS_IRQHandler</a> from startup_stm32f40_41xxx.o(.text) referenced from startup_stm32f40_41xxx.o(RESET)
 <LI><a href="#[34]">OTG_FS_WKUP_IRQHandler</a> from startup_stm32f40_41xxx.o(.text) referenced from startup_stm32f40_41xxx.o(RESET)
 <LI><a href="#[55]">OTG_HS_EP1_IN_IRQHandler</a> from startup_stm32f40_41xxx.o(.text) referenced from startup_stm32f40_41xxx.o(RESET)
 <LI><a href="#[54]">OTG_HS_EP1_OUT_IRQHandler</a> from startup_stm32f40_41xxx.o(.text) referenced from startup_stm32f40_41xxx.o(RESET)
 <LI><a href="#[57]">OTG_HS_IRQHandler</a> from startup_stm32f40_41xxx.o(.text) referenced from startup_stm32f40_41xxx.o(RESET)
 <LI><a href="#[56]">OTG_HS_WKUP_IRQHandler</a> from startup_stm32f40_41xxx.o(.text) referenced from startup_stm32f40_41xxx.o(RESET)
 <LI><a href="#[b]">PVD_IRQHandler</a> from startup_stm32f40_41xxx.o(.text) referenced from startup_stm32f40_41xxx.o(RESET)
 <LI><a href="#[8]">PendSV_Handler</a> from startup_stm32f40_41xxx.o(.text) referenced from startup_stm32f40_41xxx.o(RESET)
 <LI><a href="#[f]">RCC_IRQHandler</a> from startup_stm32f40_41xxx.o(.text) referenced from startup_stm32f40_41xxx.o(RESET)
 <LI><a href="#[33]">RTC_Alarm_IRQHandler</a> from startup_stm32f40_41xxx.o(.text) referenced from startup_stm32f40_41xxx.o(RESET)
 <LI><a href="#[d]">RTC_WKUP_IRQHandler</a> from startup_stm32f40_41xxx.o(.text) referenced from startup_stm32f40_41xxx.o(RESET)
 <LI><a href="#[0]">Reset_Handler</a> from startup_stm32f40_41xxx.o(.text) referenced from startup_stm32f40_41xxx.o(RESET)
 <LI><a href="#[3b]">SDIO_IRQHandler</a> from startup_stm32f40_41xxx.o(.text) referenced from startup_stm32f40_41xxx.o(RESET)
 <LI><a href="#[2d]">SPI1_IRQHandler</a> from startup_stm32f40_41xxx.o(.text) referenced from startup_stm32f40_41xxx.o(RESET)
 <LI><a href="#[2e]">SPI2_IRQHandler</a> from startup_stm32f40_41xxx.o(.text) referenced from startup_stm32f40_41xxx.o(RESET)
 <LI><a href="#[3d]">SPI3_IRQHandler</a> from startup_stm32f40_41xxx.o(.text) referenced from startup_stm32f40_41xxx.o(RESET)
 <LI><a href="#[6]">SVC_Handler</a> from startup_stm32f40_41xxx.o(.text) referenced from startup_stm32f40_41xxx.o(RESET)
 <LI><a href="#[9]">SysTick_Handler</a> from startup_stm32f40_41xxx.o(.text) referenced from startup_stm32f40_41xxx.o(RESET)
 <LI><a href="#[5d]">SystemInit</a> from system_stm32f4xx.o(i.SystemInit) referenced from startup_stm32f40_41xxx.o(.text)
 <LI><a href="#[c]">TAMP_STAMP_IRQHandler</a> from startup_stm32f40_41xxx.o(.text) referenced from startup_stm32f40_41xxx.o(RESET)
 <LI><a href="#[22]">TIM1_BRK_TIM9_IRQHandler</a> from roadway_check.o(i.TIM1_BRK_TIM9_IRQHandler) referenced from startup_stm32f40_41xxx.o(RESET)
 <LI><a href="#[25]">TIM1_CC_IRQHandler</a> from startup_stm32f40_41xxx.o(.text) referenced from startup_stm32f40_41xxx.o(RESET)
 <LI><a href="#[24]">TIM1_TRG_COM_TIM11_IRQHandler</a> from startup_stm32f40_41xxx.o(.text) referenced from startup_stm32f40_41xxx.o(RESET)
 <LI><a href="#[23]">TIM1_UP_TIM10_IRQHandler</a> from timer.o(i.TIM1_UP_TIM10_IRQHandler) referenced from startup_stm32f40_41xxx.o(RESET)
 <LI><a href="#[26]">TIM2_IRQHandler</a> from main.o(i.TIM2_IRQHandler) referenced from startup_stm32f40_41xxx.o(RESET)
 <LI><a href="#[27]">TIM3_IRQHandler</a> from startup_stm32f40_41xxx.o(.text) referenced from startup_stm32f40_41xxx.o(RESET)
 <LI><a href="#[28]">TIM4_IRQHandler</a> from startup_stm32f40_41xxx.o(.text) referenced from startup_stm32f40_41xxx.o(RESET)
 <LI><a href="#[3c]">TIM5_IRQHandler</a> from startup_stm32f40_41xxx.o(.text) referenced from startup_stm32f40_41xxx.o(RESET)
 <LI><a href="#[40]">TIM6_DAC_IRQHandler</a> from ultrasonic.o(i.TIM6_DAC_IRQHandler) referenced from startup_stm32f40_41xxx.o(RESET)
 <LI><a href="#[41]">TIM7_IRQHandler</a> from can_check.o(i.TIM7_IRQHandler) referenced from startup_stm32f40_41xxx.o(RESET)
 <LI><a href="#[35]">TIM8_BRK_TIM12_IRQHandler</a> from startup_stm32f40_41xxx.o(.text) referenced from startup_stm32f40_41xxx.o(RESET)
 <LI><a href="#[38]">TIM8_CC_IRQHandler</a> from startup_stm32f40_41xxx.o(.text) referenced from startup_stm32f40_41xxx.o(RESET)
 <LI><a href="#[37]">TIM8_TRG_COM_TIM14_IRQHandler</a> from startup_stm32f40_41xxx.o(.text) referenced from startup_stm32f40_41xxx.o(RESET)
 <LI><a href="#[36]">TIM8_UP_TIM13_IRQHandler</a> from startup_stm32f40_41xxx.o(.text) referenced from startup_stm32f40_41xxx.o(RESET)
 <LI><a href="#[3e]">UART4_IRQHandler</a> from uart_a72.o(i.UART4_IRQHandler) referenced from startup_stm32f40_41xxx.o(RESET)
 <LI><a href="#[3f]">UART5_IRQHandler</a> from startup_stm32f40_41xxx.o(.text) referenced from startup_stm32f40_41xxx.o(RESET)
 <LI><a href="#[2f]">USART1_IRQHandler</a> from usart.o(i.USART1_IRQHandler) referenced from startup_stm32f40_41xxx.o(RESET)
 <LI><a href="#[30]">USART2_IRQHandler</a> from uart_a72.o(i.USART2_IRQHandler) referenced from startup_stm32f40_41xxx.o(RESET)
 <LI><a href="#[31]">USART3_IRQHandler</a> from startup_stm32f40_41xxx.o(.text) referenced from startup_stm32f40_41xxx.o(RESET)
 <LI><a href="#[51]">USART6_IRQHandler</a> from startup_stm32f40_41xxx.o(.text) referenced from startup_stm32f40_41xxx.o(RESET)
 <LI><a href="#[5]">UsageFault_Handler</a> from startup_stm32f40_41xxx.o(.text) referenced from startup_stm32f40_41xxx.o(RESET)
 <LI><a href="#[a]">WWDG_IRQHandler</a> from startup_stm32f40_41xxx.o(.text) referenced from startup_stm32f40_41xxx.o(RESET)
 <LI><a href="#[5e]">__main</a> from entry.o(.ARM.Collect$$$$00000000) referenced from startup_stm32f40_41xxx.o(.text)
 <LI><a href="#[5f]">fputc</a> from debug.o(i.fputc) referenced from printf5.o(i.__0printf$5)
 <LI><a href="#[5c]">main</a> from main.o(i.main) referenced from entry9a.o(.ARM.Collect$$$$0000000B)
</UL>
<P>
<H3>
Global Symbols
</H3>
<P><STRONG><a name="[5e]"></a>__main</STRONG> (Thumb, 0 bytes, Stack size unknown bytes, entry.o(.ARM.Collect$$$$00000000))
<BR>[Address Reference Count : 1]<UL><LI> startup_stm32f40_41xxx.o(.text)
</UL>
<P><STRONG><a name="[150]"></a>_main_stk</STRONG> (Thumb, 0 bytes, Stack size unknown bytes, entry2.o(.ARM.Collect$$$$00000001))

<P><STRONG><a name="[60]"></a>_main_scatterload</STRONG> (Thumb, 0 bytes, Stack size unknown bytes, entry5.o(.ARM.Collect$$$$00000004))
<BR><BR>[Calls]<UL><LI><a href="#[61]">&gt;&gt;</a>&nbsp;&nbsp;&nbsp;__scatterload
</UL>

<P><STRONG><a name="[73]"></a>__main_after_scatterload</STRONG> (Thumb, 0 bytes, Stack size unknown bytes, entry5.o(.ARM.Collect$$$$00000004))
<BR><BR>[Called By]<UL><LI><a href="#[61]">&gt;&gt;</a>&nbsp;&nbsp;&nbsp;__scatterload
</UL>

<P><STRONG><a name="[151]"></a>_main_clock</STRONG> (Thumb, 0 bytes, Stack size unknown bytes, entry7b.o(.ARM.Collect$$$$00000008))

<P><STRONG><a name="[152]"></a>_main_cpp_init</STRONG> (Thumb, 0 bytes, Stack size unknown bytes, entry8b.o(.ARM.Collect$$$$0000000A))

<P><STRONG><a name="[153]"></a>_main_init</STRONG> (Thumb, 0 bytes, Stack size unknown bytes, entry9a.o(.ARM.Collect$$$$0000000B))

<P><STRONG><a name="[154]"></a>__rt_lib_shutdown_fini</STRONG> (Thumb, 0 bytes, Stack size unknown bytes, entry12b.o(.ARM.Collect$$$$0000000E))

<P><STRONG><a name="[155]"></a>__rt_final_cpp</STRONG> (Thumb, 0 bytes, Stack size unknown bytes, entry10a.o(.ARM.Collect$$$$0000000F))

<P><STRONG><a name="[156]"></a>__rt_final_exit</STRONG> (Thumb, 0 bytes, Stack size unknown bytes, entry11a.o(.ARM.Collect$$$$00000011))

<P><STRONG><a name="[0]"></a>Reset_Handler</STRONG> (Thumb, 8 bytes, Stack size 0 bytes, startup_stm32f40_41xxx.o(.text))
<BR>[Address Reference Count : 1]<UL><LI> startup_stm32f40_41xxx.o(RESET)
</UL>
<P><STRONG><a name="[1]"></a>NMI_Handler</STRONG> (Thumb, 2 bytes, Stack size 0 bytes, startup_stm32f40_41xxx.o(.text))
<BR><BR>[Calls]<UL><LI><a href="#[1]">&gt;&gt;</a>&nbsp;&nbsp;&nbsp;NMI_Handler
</UL>
<BR>[Called By]<UL><LI><a href="#[1]">&gt;&gt;</a>&nbsp;&nbsp;&nbsp;NMI_Handler
</UL>
<BR>[Address Reference Count : 1]<UL><LI> startup_stm32f40_41xxx.o(RESET)
</UL>
<P><STRONG><a name="[2]"></a>HardFault_Handler</STRONG> (Thumb, 2 bytes, Stack size 0 bytes, startup_stm32f40_41xxx.o(.text))
<BR><BR>[Calls]<UL><LI><a href="#[2]">&gt;&gt;</a>&nbsp;&nbsp;&nbsp;HardFault_Handler
</UL>
<BR>[Called By]<UL><LI><a href="#[2]">&gt;&gt;</a>&nbsp;&nbsp;&nbsp;HardFault_Handler
</UL>
<BR>[Address Reference Count : 1]<UL><LI> startup_stm32f40_41xxx.o(RESET)
</UL>
<P><STRONG><a name="[3]"></a>MemManage_Handler</STRONG> (Thumb, 2 bytes, Stack size 0 bytes, startup_stm32f40_41xxx.o(.text))
<BR><BR>[Calls]<UL><LI><a href="#[3]">&gt;&gt;</a>&nbsp;&nbsp;&nbsp;MemManage_Handler
</UL>
<BR>[Called By]<UL><LI><a href="#[3]">&gt;&gt;</a>&nbsp;&nbsp;&nbsp;MemManage_Handler
</UL>
<BR>[Address Reference Count : 1]<UL><LI> startup_stm32f40_41xxx.o(RESET)
</UL>
<P><STRONG><a name="[4]"></a>BusFault_Handler</STRONG> (Thumb, 2 bytes, Stack size 0 bytes, startup_stm32f40_41xxx.o(.text))
<BR><BR>[Calls]<UL><LI><a href="#[4]">&gt;&gt;</a>&nbsp;&nbsp;&nbsp;BusFault_Handler
</UL>
<BR>[Called By]<UL><LI><a href="#[4]">&gt;&gt;</a>&nbsp;&nbsp;&nbsp;BusFault_Handler
</UL>
<BR>[Address Reference Count : 1]<UL><LI> startup_stm32f40_41xxx.o(RESET)
</UL>
<P><STRONG><a name="[5]"></a>UsageFault_Handler</STRONG> (Thumb, 2 bytes, Stack size 0 bytes, startup_stm32f40_41xxx.o(.text))
<BR><BR>[Calls]<UL><LI><a href="#[5]">&gt;&gt;</a>&nbsp;&nbsp;&nbsp;UsageFault_Handler
</UL>
<BR>[Called By]<UL><LI><a href="#[5]">&gt;&gt;</a>&nbsp;&nbsp;&nbsp;UsageFault_Handler
</UL>
<BR>[Address Reference Count : 1]<UL><LI> startup_stm32f40_41xxx.o(RESET)
</UL>
<P><STRONG><a name="[6]"></a>SVC_Handler</STRONG> (Thumb, 2 bytes, Stack size 0 bytes, startup_stm32f40_41xxx.o(.text))
<BR><BR>[Calls]<UL><LI><a href="#[6]">&gt;&gt;</a>&nbsp;&nbsp;&nbsp;SVC_Handler
</UL>
<BR>[Called By]<UL><LI><a href="#[6]">&gt;&gt;</a>&nbsp;&nbsp;&nbsp;SVC_Handler
</UL>
<BR>[Address Reference Count : 1]<UL><LI> startup_stm32f40_41xxx.o(RESET)
</UL>
<P><STRONG><a name="[7]"></a>DebugMon_Handler</STRONG> (Thumb, 2 bytes, Stack size 0 bytes, startup_stm32f40_41xxx.o(.text))
<BR><BR>[Calls]<UL><LI><a href="#[7]">&gt;&gt;</a>&nbsp;&nbsp;&nbsp;DebugMon_Handler
</UL>
<BR>[Called By]<UL><LI><a href="#[7]">&gt;&gt;</a>&nbsp;&nbsp;&nbsp;DebugMon_Handler
</UL>
<BR>[Address Reference Count : 1]<UL><LI> startup_stm32f40_41xxx.o(RESET)
</UL>
<P><STRONG><a name="[8]"></a>PendSV_Handler</STRONG> (Thumb, 2 bytes, Stack size 0 bytes, startup_stm32f40_41xxx.o(.text))
<BR><BR>[Calls]<UL><LI><a href="#[8]">&gt;&gt;</a>&nbsp;&nbsp;&nbsp;PendSV_Handler
</UL>
<BR>[Called By]<UL><LI><a href="#[8]">&gt;&gt;</a>&nbsp;&nbsp;&nbsp;PendSV_Handler
</UL>
<BR>[Address Reference Count : 1]<UL><LI> startup_stm32f40_41xxx.o(RESET)
</UL>
<P><STRONG><a name="[9]"></a>SysTick_Handler</STRONG> (Thumb, 2 bytes, Stack size 0 bytes, startup_stm32f40_41xxx.o(.text))
<BR><BR>[Calls]<UL><LI><a href="#[9]">&gt;&gt;</a>&nbsp;&nbsp;&nbsp;SysTick_Handler
</UL>
<BR>[Called By]<UL><LI><a href="#[9]">&gt;&gt;</a>&nbsp;&nbsp;&nbsp;SysTick_Handler
</UL>
<BR>[Address Reference Count : 1]<UL><LI> startup_stm32f40_41xxx.o(RESET)
</UL>
<P><STRONG><a name="[1c]"></a>ADC_IRQHandler</STRONG> (Thumb, 0 bytes, Stack size 0 bytes, startup_stm32f40_41xxx.o(.text))
<BR><BR>[Calls]<UL><LI><a href="#[1c]">&gt;&gt;</a>&nbsp;&nbsp;&nbsp;ADC_IRQHandler
</UL>
<BR>[Called By]<UL><LI><a href="#[1c]">&gt;&gt;</a>&nbsp;&nbsp;&nbsp;ADC_IRQHandler
</UL>
<BR>[Address Reference Count : 1]<UL><LI> startup_stm32f40_41xxx.o(RESET)
</UL>
<P><STRONG><a name="[1e]"></a>CAN1_RX0_IRQHandler</STRONG> (Thumb, 0 bytes, Stack size 0 bytes, startup_stm32f40_41xxx.o(.text))
<BR>[Address Reference Count : 1]<UL><LI> startup_stm32f40_41xxx.o(RESET)
</UL>
<P><STRONG><a name="[1f]"></a>CAN1_RX1_IRQHandler</STRONG> (Thumb, 0 bytes, Stack size 0 bytes, startup_stm32f40_41xxx.o(.text))
<BR>[Address Reference Count : 1]<UL><LI> startup_stm32f40_41xxx.o(RESET)
</UL>
<P><STRONG><a name="[20]"></a>CAN1_SCE_IRQHandler</STRONG> (Thumb, 0 bytes, Stack size 0 bytes, startup_stm32f40_41xxx.o(.text))
<BR>[Address Reference Count : 1]<UL><LI> startup_stm32f40_41xxx.o(RESET)
</UL>
<P><STRONG><a name="[1d]"></a>CAN1_TX_IRQHandler</STRONG> (Thumb, 0 bytes, Stack size 0 bytes, startup_stm32f40_41xxx.o(.text))
<BR>[Address Reference Count : 1]<UL><LI> startup_stm32f40_41xxx.o(RESET)
</UL>
<P><STRONG><a name="[4a]"></a>CAN2_RX0_IRQHandler</STRONG> (Thumb, 0 bytes, Stack size 0 bytes, startup_stm32f40_41xxx.o(.text))
<BR>[Address Reference Count : 1]<UL><LI> startup_stm32f40_41xxx.o(RESET)
</UL>
<P><STRONG><a name="[4b]"></a>CAN2_RX1_IRQHandler</STRONG> (Thumb, 0 bytes, Stack size 0 bytes, startup_stm32f40_41xxx.o(.text))
<BR>[Address Reference Count : 1]<UL><LI> startup_stm32f40_41xxx.o(RESET)
</UL>
<P><STRONG><a name="[4c]"></a>CAN2_SCE_IRQHandler</STRONG> (Thumb, 0 bytes, Stack size 0 bytes, startup_stm32f40_41xxx.o(.text))
<BR>[Address Reference Count : 1]<UL><LI> startup_stm32f40_41xxx.o(RESET)
</UL>
<P><STRONG><a name="[49]"></a>CAN2_TX_IRQHandler</STRONG> (Thumb, 0 bytes, Stack size 0 bytes, startup_stm32f40_41xxx.o(.text))
<BR>[Address Reference Count : 1]<UL><LI> startup_stm32f40_41xxx.o(RESET)
</UL>
<P><STRONG><a name="[59]"></a>CRYP_IRQHandler</STRONG> (Thumb, 0 bytes, Stack size 0 bytes, startup_stm32f40_41xxx.o(.text))
<BR>[Address Reference Count : 1]<UL><LI> startup_stm32f40_41xxx.o(RESET)
</UL>
<P><STRONG><a name="[58]"></a>DCMI_IRQHandler</STRONG> (Thumb, 0 bytes, Stack size 0 bytes, startup_stm32f40_41xxx.o(.text))
<BR>[Address Reference Count : 1]<UL><LI> startup_stm32f40_41xxx.o(RESET)
</UL>
<P><STRONG><a name="[15]"></a>DMA1_Stream0_IRQHandler</STRONG> (Thumb, 0 bytes, Stack size 0 bytes, startup_stm32f40_41xxx.o(.text))
<BR>[Address Reference Count : 1]<UL><LI> startup_stm32f40_41xxx.o(RESET)
</UL>
<P><STRONG><a name="[16]"></a>DMA1_Stream1_IRQHandler</STRONG> (Thumb, 0 bytes, Stack size 0 bytes, startup_stm32f40_41xxx.o(.text))
<BR>[Address Reference Count : 1]<UL><LI> startup_stm32f40_41xxx.o(RESET)
</UL>
<P><STRONG><a name="[17]"></a>DMA1_Stream2_IRQHandler</STRONG> (Thumb, 0 bytes, Stack size 0 bytes, startup_stm32f40_41xxx.o(.text))
<BR>[Address Reference Count : 1]<UL><LI> startup_stm32f40_41xxx.o(RESET)
</UL>
<P><STRONG><a name="[18]"></a>DMA1_Stream3_IRQHandler</STRONG> (Thumb, 0 bytes, Stack size 0 bytes, startup_stm32f40_41xxx.o(.text))
<BR>[Address Reference Count : 1]<UL><LI> startup_stm32f40_41xxx.o(RESET)
</UL>
<P><STRONG><a name="[19]"></a>DMA1_Stream4_IRQHandler</STRONG> (Thumb, 0 bytes, Stack size 0 bytes, startup_stm32f40_41xxx.o(.text))
<BR>[Address Reference Count : 1]<UL><LI> startup_stm32f40_41xxx.o(RESET)
</UL>
<P><STRONG><a name="[1a]"></a>DMA1_Stream5_IRQHandler</STRONG> (Thumb, 0 bytes, Stack size 0 bytes, startup_stm32f40_41xxx.o(.text))
<BR>[Address Reference Count : 1]<UL><LI> startup_stm32f40_41xxx.o(RESET)
</UL>
<P><STRONG><a name="[1b]"></a>DMA1_Stream6_IRQHandler</STRONG> (Thumb, 0 bytes, Stack size 0 bytes, startup_stm32f40_41xxx.o(.text))
<BR>[Address Reference Count : 1]<UL><LI> startup_stm32f40_41xxx.o(RESET)
</UL>
<P><STRONG><a name="[39]"></a>DMA1_Stream7_IRQHandler</STRONG> (Thumb, 0 bytes, Stack size 0 bytes, startup_stm32f40_41xxx.o(.text))
<BR>[Address Reference Count : 1]<UL><LI> startup_stm32f40_41xxx.o(RESET)
</UL>
<P><STRONG><a name="[42]"></a>DMA2_Stream0_IRQHandler</STRONG> (Thumb, 0 bytes, Stack size 0 bytes, startup_stm32f40_41xxx.o(.text))
<BR>[Address Reference Count : 1]<UL><LI> startup_stm32f40_41xxx.o(RESET)
</UL>
<P><STRONG><a name="[43]"></a>DMA2_Stream1_IRQHandler</STRONG> (Thumb, 0 bytes, Stack size 0 bytes, startup_stm32f40_41xxx.o(.text))
<BR>[Address Reference Count : 1]<UL><LI> startup_stm32f40_41xxx.o(RESET)
</UL>
<P><STRONG><a name="[44]"></a>DMA2_Stream2_IRQHandler</STRONG> (Thumb, 0 bytes, Stack size 0 bytes, startup_stm32f40_41xxx.o(.text))
<BR>[Address Reference Count : 1]<UL><LI> startup_stm32f40_41xxx.o(RESET)
</UL>
<P><STRONG><a name="[45]"></a>DMA2_Stream3_IRQHandler</STRONG> (Thumb, 0 bytes, Stack size 0 bytes, startup_stm32f40_41xxx.o(.text))
<BR>[Address Reference Count : 1]<UL><LI> startup_stm32f40_41xxx.o(RESET)
</UL>
<P><STRONG><a name="[46]"></a>DMA2_Stream4_IRQHandler</STRONG> (Thumb, 0 bytes, Stack size 0 bytes, startup_stm32f40_41xxx.o(.text))
<BR>[Address Reference Count : 1]<UL><LI> startup_stm32f40_41xxx.o(RESET)
</UL>
<P><STRONG><a name="[4e]"></a>DMA2_Stream5_IRQHandler</STRONG> (Thumb, 0 bytes, Stack size 0 bytes, startup_stm32f40_41xxx.o(.text))
<BR>[Address Reference Count : 1]<UL><LI> startup_stm32f40_41xxx.o(RESET)
</UL>
<P><STRONG><a name="[4f]"></a>DMA2_Stream6_IRQHandler</STRONG> (Thumb, 0 bytes, Stack size 0 bytes, startup_stm32f40_41xxx.o(.text))
<BR>[Address Reference Count : 1]<UL><LI> startup_stm32f40_41xxx.o(RESET)
</UL>
<P><STRONG><a name="[50]"></a>DMA2_Stream7_IRQHandler</STRONG> (Thumb, 0 bytes, Stack size 0 bytes, startup_stm32f40_41xxx.o(.text))
<BR>[Address Reference Count : 1]<UL><LI> startup_stm32f40_41xxx.o(RESET)
</UL>
<P><STRONG><a name="[47]"></a>ETH_IRQHandler</STRONG> (Thumb, 0 bytes, Stack size 0 bytes, startup_stm32f40_41xxx.o(.text))
<BR>[Address Reference Count : 1]<UL><LI> startup_stm32f40_41xxx.o(RESET)
</UL>
<P><STRONG><a name="[48]"></a>ETH_WKUP_IRQHandler</STRONG> (Thumb, 0 bytes, Stack size 0 bytes, startup_stm32f40_41xxx.o(.text))
<BR>[Address Reference Count : 1]<UL><LI> startup_stm32f40_41xxx.o(RESET)
</UL>
<P><STRONG><a name="[10]"></a>EXTI0_IRQHandler</STRONG> (Thumb, 0 bytes, Stack size 0 bytes, startup_stm32f40_41xxx.o(.text))
<BR>[Address Reference Count : 1]<UL><LI> startup_stm32f40_41xxx.o(RESET)
</UL>
<P><STRONG><a name="[32]"></a>EXTI15_10_IRQHandler</STRONG> (Thumb, 0 bytes, Stack size 0 bytes, startup_stm32f40_41xxx.o(.text))
<BR>[Address Reference Count : 1]<UL><LI> startup_stm32f40_41xxx.o(RESET)
</UL>
<P><STRONG><a name="[11]"></a>EXTI1_IRQHandler</STRONG> (Thumb, 0 bytes, Stack size 0 bytes, startup_stm32f40_41xxx.o(.text))
<BR>[Address Reference Count : 1]<UL><LI> startup_stm32f40_41xxx.o(RESET)
</UL>
<P><STRONG><a name="[12]"></a>EXTI2_IRQHandler</STRONG> (Thumb, 0 bytes, Stack size 0 bytes, startup_stm32f40_41xxx.o(.text))
<BR>[Address Reference Count : 1]<UL><LI> startup_stm32f40_41xxx.o(RESET)
</UL>
<P><STRONG><a name="[13]"></a>EXTI3_IRQHandler</STRONG> (Thumb, 0 bytes, Stack size 0 bytes, startup_stm32f40_41xxx.o(.text))
<BR>[Address Reference Count : 1]<UL><LI> startup_stm32f40_41xxx.o(RESET)
</UL>
<P><STRONG><a name="[21]"></a>EXTI9_5_IRQHandler</STRONG> (Thumb, 0 bytes, Stack size 0 bytes, startup_stm32f40_41xxx.o(.text))
<BR>[Address Reference Count : 1]<UL><LI> startup_stm32f40_41xxx.o(RESET)
</UL>
<P><STRONG><a name="[e]"></a>FLASH_IRQHandler</STRONG> (Thumb, 0 bytes, Stack size 0 bytes, startup_stm32f40_41xxx.o(.text))
<BR>[Address Reference Count : 1]<UL><LI> startup_stm32f40_41xxx.o(RESET)
</UL>
<P><STRONG><a name="[5b]"></a>FPU_IRQHandler</STRONG> (Thumb, 0 bytes, Stack size 0 bytes, startup_stm32f40_41xxx.o(.text))
<BR>[Address Reference Count : 1]<UL><LI> startup_stm32f40_41xxx.o(RESET)
</UL>
<P><STRONG><a name="[3a]"></a>FSMC_IRQHandler</STRONG> (Thumb, 0 bytes, Stack size 0 bytes, startup_stm32f40_41xxx.o(.text))
<BR>[Address Reference Count : 1]<UL><LI> startup_stm32f40_41xxx.o(RESET)
</UL>
<P><STRONG><a name="[5a]"></a>HASH_RNG_IRQHandler</STRONG> (Thumb, 0 bytes, Stack size 0 bytes, startup_stm32f40_41xxx.o(.text))
<BR>[Address Reference Count : 1]<UL><LI> startup_stm32f40_41xxx.o(RESET)
</UL>
<P><STRONG><a name="[2a]"></a>I2C1_ER_IRQHandler</STRONG> (Thumb, 0 bytes, Stack size 0 bytes, startup_stm32f40_41xxx.o(.text))
<BR>[Address Reference Count : 1]<UL><LI> startup_stm32f40_41xxx.o(RESET)
</UL>
<P><STRONG><a name="[29]"></a>I2C1_EV_IRQHandler</STRONG> (Thumb, 0 bytes, Stack size 0 bytes, startup_stm32f40_41xxx.o(.text))
<BR>[Address Reference Count : 1]<UL><LI> startup_stm32f40_41xxx.o(RESET)
</UL>
<P><STRONG><a name="[2c]"></a>I2C2_ER_IRQHandler</STRONG> (Thumb, 0 bytes, Stack size 0 bytes, startup_stm32f40_41xxx.o(.text))
<BR>[Address Reference Count : 1]<UL><LI> startup_stm32f40_41xxx.o(RESET)
</UL>
<P><STRONG><a name="[2b]"></a>I2C2_EV_IRQHandler</STRONG> (Thumb, 0 bytes, Stack size 0 bytes, startup_stm32f40_41xxx.o(.text))
<BR>[Address Reference Count : 1]<UL><LI> startup_stm32f40_41xxx.o(RESET)
</UL>
<P><STRONG><a name="[53]"></a>I2C3_ER_IRQHandler</STRONG> (Thumb, 0 bytes, Stack size 0 bytes, startup_stm32f40_41xxx.o(.text))
<BR>[Address Reference Count : 1]<UL><LI> startup_stm32f40_41xxx.o(RESET)
</UL>
<P><STRONG><a name="[52]"></a>I2C3_EV_IRQHandler</STRONG> (Thumb, 0 bytes, Stack size 0 bytes, startup_stm32f40_41xxx.o(.text))
<BR>[Address Reference Count : 1]<UL><LI> startup_stm32f40_41xxx.o(RESET)
</UL>
<P><STRONG><a name="[4d]"></a>OTG_FS_IRQHandler</STRONG> (Thumb, 0 bytes, Stack size 0 bytes, startup_stm32f40_41xxx.o(.text))
<BR>[Address Reference Count : 1]<UL><LI> startup_stm32f40_41xxx.o(RESET)
</UL>
<P><STRONG><a name="[34]"></a>OTG_FS_WKUP_IRQHandler</STRONG> (Thumb, 0 bytes, Stack size 0 bytes, startup_stm32f40_41xxx.o(.text))
<BR>[Address Reference Count : 1]<UL><LI> startup_stm32f40_41xxx.o(RESET)
</UL>
<P><STRONG><a name="[55]"></a>OTG_HS_EP1_IN_IRQHandler</STRONG> (Thumb, 0 bytes, Stack size 0 bytes, startup_stm32f40_41xxx.o(.text))
<BR>[Address Reference Count : 1]<UL><LI> startup_stm32f40_41xxx.o(RESET)
</UL>
<P><STRONG><a name="[54]"></a>OTG_HS_EP1_OUT_IRQHandler</STRONG> (Thumb, 0 bytes, Stack size 0 bytes, startup_stm32f40_41xxx.o(.text))
<BR>[Address Reference Count : 1]<UL><LI> startup_stm32f40_41xxx.o(RESET)
</UL>
<P><STRONG><a name="[57]"></a>OTG_HS_IRQHandler</STRONG> (Thumb, 0 bytes, Stack size 0 bytes, startup_stm32f40_41xxx.o(.text))
<BR>[Address Reference Count : 1]<UL><LI> startup_stm32f40_41xxx.o(RESET)
</UL>
<P><STRONG><a name="[56]"></a>OTG_HS_WKUP_IRQHandler</STRONG> (Thumb, 0 bytes, Stack size 0 bytes, startup_stm32f40_41xxx.o(.text))
<BR>[Address Reference Count : 1]<UL><LI> startup_stm32f40_41xxx.o(RESET)
</UL>
<P><STRONG><a name="[b]"></a>PVD_IRQHandler</STRONG> (Thumb, 0 bytes, Stack size 0 bytes, startup_stm32f40_41xxx.o(.text))
<BR>[Address Reference Count : 1]<UL><LI> startup_stm32f40_41xxx.o(RESET)
</UL>
<P><STRONG><a name="[f]"></a>RCC_IRQHandler</STRONG> (Thumb, 0 bytes, Stack size 0 bytes, startup_stm32f40_41xxx.o(.text))
<BR>[Address Reference Count : 1]<UL><LI> startup_stm32f40_41xxx.o(RESET)
</UL>
<P><STRONG><a name="[33]"></a>RTC_Alarm_IRQHandler</STRONG> (Thumb, 0 bytes, Stack size 0 bytes, startup_stm32f40_41xxx.o(.text))
<BR>[Address Reference Count : 1]<UL><LI> startup_stm32f40_41xxx.o(RESET)
</UL>
<P><STRONG><a name="[d]"></a>RTC_WKUP_IRQHandler</STRONG> (Thumb, 0 bytes, Stack size 0 bytes, startup_stm32f40_41xxx.o(.text))
<BR>[Address Reference Count : 1]<UL><LI> startup_stm32f40_41xxx.o(RESET)
</UL>
<P><STRONG><a name="[3b]"></a>SDIO_IRQHandler</STRONG> (Thumb, 0 bytes, Stack size 0 bytes, startup_stm32f40_41xxx.o(.text))
<BR>[Address Reference Count : 1]<UL><LI> startup_stm32f40_41xxx.o(RESET)
</UL>
<P><STRONG><a name="[2d]"></a>SPI1_IRQHandler</STRONG> (Thumb, 0 bytes, Stack size 0 bytes, startup_stm32f40_41xxx.o(.text))
<BR>[Address Reference Count : 1]<UL><LI> startup_stm32f40_41xxx.o(RESET)
</UL>
<P><STRONG><a name="[2e]"></a>SPI2_IRQHandler</STRONG> (Thumb, 0 bytes, Stack size 0 bytes, startup_stm32f40_41xxx.o(.text))
<BR>[Address Reference Count : 1]<UL><LI> startup_stm32f40_41xxx.o(RESET)
</UL>
<P><STRONG><a name="[3d]"></a>SPI3_IRQHandler</STRONG> (Thumb, 0 bytes, Stack size 0 bytes, startup_stm32f40_41xxx.o(.text))
<BR>[Address Reference Count : 1]<UL><LI> startup_stm32f40_41xxx.o(RESET)
</UL>
<P><STRONG><a name="[c]"></a>TAMP_STAMP_IRQHandler</STRONG> (Thumb, 0 bytes, Stack size 0 bytes, startup_stm32f40_41xxx.o(.text))
<BR>[Address Reference Count : 1]<UL><LI> startup_stm32f40_41xxx.o(RESET)
</UL>
<P><STRONG><a name="[25]"></a>TIM1_CC_IRQHandler</STRONG> (Thumb, 0 bytes, Stack size 0 bytes, startup_stm32f40_41xxx.o(.text))
<BR>[Address Reference Count : 1]<UL><LI> startup_stm32f40_41xxx.o(RESET)
</UL>
<P><STRONG><a name="[24]"></a>TIM1_TRG_COM_TIM11_IRQHandler</STRONG> (Thumb, 0 bytes, Stack size 0 bytes, startup_stm32f40_41xxx.o(.text))
<BR>[Address Reference Count : 1]<UL><LI> startup_stm32f40_41xxx.o(RESET)
</UL>
<P><STRONG><a name="[27]"></a>TIM3_IRQHandler</STRONG> (Thumb, 0 bytes, Stack size 0 bytes, startup_stm32f40_41xxx.o(.text))
<BR>[Address Reference Count : 1]<UL><LI> startup_stm32f40_41xxx.o(RESET)
</UL>
<P><STRONG><a name="[28]"></a>TIM4_IRQHandler</STRONG> (Thumb, 0 bytes, Stack size 0 bytes, startup_stm32f40_41xxx.o(.text))
<BR>[Address Reference Count : 1]<UL><LI> startup_stm32f40_41xxx.o(RESET)
</UL>
<P><STRONG><a name="[3c]"></a>TIM5_IRQHandler</STRONG> (Thumb, 0 bytes, Stack size 0 bytes, startup_stm32f40_41xxx.o(.text))
<BR>[Address Reference Count : 1]<UL><LI> startup_stm32f40_41xxx.o(RESET)
</UL>
<P><STRONG><a name="[35]"></a>TIM8_BRK_TIM12_IRQHandler</STRONG> (Thumb, 0 bytes, Stack size 0 bytes, startup_stm32f40_41xxx.o(.text))
<BR>[Address Reference Count : 1]<UL><LI> startup_stm32f40_41xxx.o(RESET)
</UL>
<P><STRONG><a name="[38]"></a>TIM8_CC_IRQHandler</STRONG> (Thumb, 0 bytes, Stack size 0 bytes, startup_stm32f40_41xxx.o(.text))
<BR>[Address Reference Count : 1]<UL><LI> startup_stm32f40_41xxx.o(RESET)
</UL>
<P><STRONG><a name="[37]"></a>TIM8_TRG_COM_TIM14_IRQHandler</STRONG> (Thumb, 0 bytes, Stack size 0 bytes, startup_stm32f40_41xxx.o(.text))
<BR>[Address Reference Count : 1]<UL><LI> startup_stm32f40_41xxx.o(RESET)
</UL>
<P><STRONG><a name="[36]"></a>TIM8_UP_TIM13_IRQHandler</STRONG> (Thumb, 0 bytes, Stack size 0 bytes, startup_stm32f40_41xxx.o(.text))
<BR>[Address Reference Count : 1]<UL><LI> startup_stm32f40_41xxx.o(RESET)
</UL>
<P><STRONG><a name="[3f]"></a>UART5_IRQHandler</STRONG> (Thumb, 0 bytes, Stack size 0 bytes, startup_stm32f40_41xxx.o(.text))
<BR>[Address Reference Count : 1]<UL><LI> startup_stm32f40_41xxx.o(RESET)
</UL>
<P><STRONG><a name="[31]"></a>USART3_IRQHandler</STRONG> (Thumb, 0 bytes, Stack size 0 bytes, startup_stm32f40_41xxx.o(.text))
<BR>[Address Reference Count : 1]<UL><LI> startup_stm32f40_41xxx.o(RESET)
</UL>
<P><STRONG><a name="[51]"></a>USART6_IRQHandler</STRONG> (Thumb, 0 bytes, Stack size 0 bytes, startup_stm32f40_41xxx.o(.text))
<BR>[Address Reference Count : 1]<UL><LI> startup_stm32f40_41xxx.o(RESET)
</UL>
<P><STRONG><a name="[a]"></a>WWDG_IRQHandler</STRONG> (Thumb, 0 bytes, Stack size 0 bytes, startup_stm32f40_41xxx.o(.text))
<BR>[Address Reference Count : 1]<UL><LI> startup_stm32f40_41xxx.o(RESET)
</UL>
<P><STRONG><a name="[a3]"></a>__aeabi_memcpy</STRONG> (Thumb, 36 bytes, Stack size 0 bytes, memcpya.o(.text))
<BR><BR>[Called By]<UL><LI><a href="#[bc]">&gt;&gt;</a>&nbsp;&nbsp;&nbsp;Can_ZigBeeRx_Check
<LI><a href="#[b0]">&gt;&gt;</a>&nbsp;&nbsp;&nbsp;CanP_Cmd_Write
<LI><a href="#[a2]">&gt;&gt;</a>&nbsp;&nbsp;&nbsp;CanDrv_TxData
</UL>

<P><STRONG><a name="[157]"></a>__aeabi_memcpy4</STRONG> (Thumb, 0 bytes, Stack size 0 bytes, memcpya.o(.text), UNUSED)

<P><STRONG><a name="[158]"></a>__aeabi_memcpy8</STRONG> (Thumb, 0 bytes, Stack size 0 bytes, memcpya.o(.text), UNUSED)

<P><STRONG><a name="[63]"></a>__aeabi_memset</STRONG> (Thumb, 14 bytes, Stack size 0 bytes, memseta.o(.text))
<BR><BR>[Called By]<UL><LI><a href="#[64]">&gt;&gt;</a>&nbsp;&nbsp;&nbsp;_memset$wrapper
<LI><a href="#[62]">&gt;&gt;</a>&nbsp;&nbsp;&nbsp;__aeabi_memclr
<LI><a href="#[b3]">&gt;&gt;</a>&nbsp;&nbsp;&nbsp;FifoDrv_Init
</UL>

<P><STRONG><a name="[159]"></a>__aeabi_memset4</STRONG> (Thumb, 0 bytes, Stack size 0 bytes, memseta.o(.text), UNUSED)

<P><STRONG><a name="[15a]"></a>__aeabi_memset8</STRONG> (Thumb, 0 bytes, Stack size 0 bytes, memseta.o(.text), UNUSED)

<P><STRONG><a name="[62]"></a>__aeabi_memclr</STRONG> (Thumb, 4 bytes, Stack size 0 bytes, memseta.o(.text), UNUSED)
<BR><BR>[Calls]<UL><LI><a href="#[63]">&gt;&gt;</a>&nbsp;&nbsp;&nbsp;__aeabi_memset
</UL>

<P><STRONG><a name="[15b]"></a>__aeabi_memclr4</STRONG> (Thumb, 0 bytes, Stack size 0 bytes, memseta.o(.text), UNUSED)

<P><STRONG><a name="[15c]"></a>__aeabi_memclr8</STRONG> (Thumb, 0 bytes, Stack size 0 bytes, memseta.o(.text), UNUSED)

<P><STRONG><a name="[64]"></a>_memset$wrapper</STRONG> (Thumb, 18 bytes, Stack size 8 bytes, memseta.o(.text), UNUSED)
<BR><BR>[Calls]<UL><LI><a href="#[63]">&gt;&gt;</a>&nbsp;&nbsp;&nbsp;__aeabi_memset
</UL>

<P><STRONG><a name="[65]"></a>__aeabi_dadd</STRONG> (Thumb, 322 bytes, Stack size 48 bytes, dadd.o(.text))
<BR><BR>[Stack]<UL><LI>Max Depth = 88<LI>Call Chain = __aeabi_dadd &rArr; _double_epilogue &rArr; _double_round
</UL>
<BR>[Calls]<UL><LI><a href="#[67]">&gt;&gt;</a>&nbsp;&nbsp;&nbsp;__aeabi_lasr
<LI><a href="#[66]">&gt;&gt;</a>&nbsp;&nbsp;&nbsp;__aeabi_llsl
<LI><a href="#[69]">&gt;&gt;</a>&nbsp;&nbsp;&nbsp;_double_round
<LI><a href="#[68]">&gt;&gt;</a>&nbsp;&nbsp;&nbsp;_double_epilogue
</UL>
<BR>[Called By]<UL><LI><a href="#[6a]">&gt;&gt;</a>&nbsp;&nbsp;&nbsp;__aeabi_dsub
<LI><a href="#[6b]">&gt;&gt;</a>&nbsp;&nbsp;&nbsp;__aeabi_drsub
</UL>

<P><STRONG><a name="[6a]"></a>__aeabi_dsub</STRONG> (Thumb, 6 bytes, Stack size 0 bytes, dadd.o(.text))
<BR><BR>[Stack]<UL><LI>Max Depth = 88<LI>Call Chain = __aeabi_dsub &rArr; __aeabi_dadd &rArr; _double_epilogue &rArr; _double_round
</UL>
<BR>[Calls]<UL><LI><a href="#[65]">&gt;&gt;</a>&nbsp;&nbsp;&nbsp;__aeabi_dadd
</UL>
<BR>[Called By]<UL><LI><a href="#[14]">&gt;&gt;</a>&nbsp;&nbsp;&nbsp;EXTI4_IRQHandler
</UL>

<P><STRONG><a name="[6b]"></a>__aeabi_drsub</STRONG> (Thumb, 6 bytes, Stack size 0 bytes, dadd.o(.text), UNUSED)
<BR><BR>[Calls]<UL><LI><a href="#[65]">&gt;&gt;</a>&nbsp;&nbsp;&nbsp;__aeabi_dadd
</UL>

<P><STRONG><a name="[6c]"></a>__aeabi_dmul</STRONG> (Thumb, 228 bytes, Stack size 48 bytes, dmul.o(.text))
<BR><BR>[Stack]<UL><LI>Max Depth = 88<LI>Call Chain = __aeabi_dmul &rArr; _double_epilogue &rArr; _double_round
</UL>
<BR>[Calls]<UL><LI><a href="#[68]">&gt;&gt;</a>&nbsp;&nbsp;&nbsp;_double_epilogue
</UL>
<BR>[Called By]<UL><LI><a href="#[14]">&gt;&gt;</a>&nbsp;&nbsp;&nbsp;EXTI4_IRQHandler
</UL>

<P><STRONG><a name="[6d]"></a>__aeabi_ddiv</STRONG> (Thumb, 222 bytes, Stack size 32 bytes, ddiv.o(.text))
<BR><BR>[Stack]<UL><LI>Max Depth = 40<LI>Call Chain = __aeabi_ddiv &rArr; _double_round
</UL>
<BR>[Calls]<UL><LI><a href="#[69]">&gt;&gt;</a>&nbsp;&nbsp;&nbsp;_double_round
</UL>
<BR>[Called By]<UL><LI><a href="#[d6]">&gt;&gt;</a>&nbsp;&nbsp;&nbsp;Parameter_Init
</UL>

<P><STRONG><a name="[6e]"></a>__aeabi_ui2d</STRONG> (Thumb, 26 bytes, Stack size 16 bytes, dfltui.o(.text))
<BR><BR>[Stack]<UL><LI>Max Depth = 56<LI>Call Chain = __aeabi_ui2d &rArr; _double_epilogue &rArr; _double_round
</UL>
<BR>[Calls]<UL><LI><a href="#[68]">&gt;&gt;</a>&nbsp;&nbsp;&nbsp;_double_epilogue
</UL>
<BR>[Called By]<UL><LI><a href="#[14]">&gt;&gt;</a>&nbsp;&nbsp;&nbsp;EXTI4_IRQHandler
</UL>

<P><STRONG><a name="[10c]"></a>__aeabi_f2d</STRONG> (Thumb, 38 bytes, Stack size 0 bytes, f2d.o(.text))
<BR><BR>[Called By]<UL><LI><a href="#[d6]">&gt;&gt;</a>&nbsp;&nbsp;&nbsp;Parameter_Init
</UL>

<P><STRONG><a name="[6f]"></a>__aeabi_d2f</STRONG> (Thumb, 56 bytes, Stack size 8 bytes, d2f.o(.text))
<BR><BR>[Stack]<UL><LI>Max Depth = 8<LI>Call Chain = __aeabi_d2f
</UL>
<BR>[Calls]<UL><LI><a href="#[70]">&gt;&gt;</a>&nbsp;&nbsp;&nbsp;_float_round
</UL>
<BR>[Called By]<UL><LI><a href="#[d6]">&gt;&gt;</a>&nbsp;&nbsp;&nbsp;Parameter_Init
<LI><a href="#[14]">&gt;&gt;</a>&nbsp;&nbsp;&nbsp;EXTI4_IRQHandler
</UL>

<P><STRONG><a name="[71]"></a>__aeabi_uldivmod</STRONG> (Thumb, 98 bytes, Stack size 40 bytes, uldiv.o(.text), UNUSED)
<BR><BR>[Calls]<UL><LI><a href="#[72]">&gt;&gt;</a>&nbsp;&nbsp;&nbsp;__aeabi_llsr
<LI><a href="#[66]">&gt;&gt;</a>&nbsp;&nbsp;&nbsp;__aeabi_llsl
</UL>
<BR>[Called By]<UL><LI><a href="#[14c]">&gt;&gt;</a>&nbsp;&nbsp;&nbsp;_printf_core
</UL>

<P><STRONG><a name="[66]"></a>__aeabi_llsl</STRONG> (Thumb, 30 bytes, Stack size 0 bytes, llshl.o(.text))
<BR><BR>[Called By]<UL><LI><a href="#[71]">&gt;&gt;</a>&nbsp;&nbsp;&nbsp;__aeabi_uldivmod
<LI><a href="#[68]">&gt;&gt;</a>&nbsp;&nbsp;&nbsp;_double_epilogue
<LI><a href="#[65]">&gt;&gt;</a>&nbsp;&nbsp;&nbsp;__aeabi_dadd
</UL>

<P><STRONG><a name="[15d]"></a>_ll_shift_l</STRONG> (Thumb, 0 bytes, Stack size 0 bytes, llshl.o(.text), UNUSED)

<P><STRONG><a name="[72]"></a>__aeabi_llsr</STRONG> (Thumb, 32 bytes, Stack size 0 bytes, llushr.o(.text))
<BR><BR>[Called By]<UL><LI><a href="#[71]">&gt;&gt;</a>&nbsp;&nbsp;&nbsp;__aeabi_uldivmod
<LI><a href="#[68]">&gt;&gt;</a>&nbsp;&nbsp;&nbsp;_double_epilogue
</UL>

<P><STRONG><a name="[15e]"></a>_ll_ushift_r</STRONG> (Thumb, 0 bytes, Stack size 0 bytes, llushr.o(.text), UNUSED)

<P><STRONG><a name="[67]"></a>__aeabi_lasr</STRONG> (Thumb, 36 bytes, Stack size 0 bytes, llsshr.o(.text))
<BR><BR>[Called By]<UL><LI><a href="#[65]">&gt;&gt;</a>&nbsp;&nbsp;&nbsp;__aeabi_dadd
</UL>

<P><STRONG><a name="[15f]"></a>_ll_sshift_r</STRONG> (Thumb, 0 bytes, Stack size 0 bytes, llsshr.o(.text), UNUSED)

<P><STRONG><a name="[160]"></a>__I$use$fp</STRONG> (Thumb, 0 bytes, Stack size 0 bytes, iusefp.o(.text), UNUSED)

<P><STRONG><a name="[70]"></a>_float_round</STRONG> (Thumb, 18 bytes, Stack size 0 bytes, fepilogue.o(.text))
<BR><BR>[Called By]<UL><LI><a href="#[6f]">&gt;&gt;</a>&nbsp;&nbsp;&nbsp;__aeabi_d2f
</UL>

<P><STRONG><a name="[161]"></a>_float_epilogue</STRONG> (Thumb, 92 bytes, Stack size 4 bytes, fepilogue.o(.text), UNUSED)

<P><STRONG><a name="[69]"></a>_double_round</STRONG> (Thumb, 30 bytes, Stack size 8 bytes, depilogue.o(.text))
<BR><BR>[Stack]<UL><LI>Max Depth = 8<LI>Call Chain = _double_round
</UL>
<BR>[Called By]<UL><LI><a href="#[6d]">&gt;&gt;</a>&nbsp;&nbsp;&nbsp;__aeabi_ddiv
<LI><a href="#[68]">&gt;&gt;</a>&nbsp;&nbsp;&nbsp;_double_epilogue
<LI><a href="#[65]">&gt;&gt;</a>&nbsp;&nbsp;&nbsp;__aeabi_dadd
</UL>

<P><STRONG><a name="[68]"></a>_double_epilogue</STRONG> (Thumb, 156 bytes, Stack size 32 bytes, depilogue.o(.text))
<BR><BR>[Stack]<UL><LI>Max Depth = 40<LI>Call Chain = _double_epilogue &rArr; _double_round
</UL>
<BR>[Calls]<UL><LI><a href="#[72]">&gt;&gt;</a>&nbsp;&nbsp;&nbsp;__aeabi_llsr
<LI><a href="#[66]">&gt;&gt;</a>&nbsp;&nbsp;&nbsp;__aeabi_llsl
<LI><a href="#[69]">&gt;&gt;</a>&nbsp;&nbsp;&nbsp;_double_round
</UL>
<BR>[Called By]<UL><LI><a href="#[6e]">&gt;&gt;</a>&nbsp;&nbsp;&nbsp;__aeabi_ui2d
<LI><a href="#[6c]">&gt;&gt;</a>&nbsp;&nbsp;&nbsp;__aeabi_dmul
<LI><a href="#[65]">&gt;&gt;</a>&nbsp;&nbsp;&nbsp;__aeabi_dadd
</UL>

<P><STRONG><a name="[61]"></a>__scatterload</STRONG> (Thumb, 28 bytes, Stack size 0 bytes, init.o(.text))
<BR><BR>[Calls]<UL><LI><a href="#[73]">&gt;&gt;</a>&nbsp;&nbsp;&nbsp;__main_after_scatterload
</UL>
<BR>[Called By]<UL><LI><a href="#[60]">&gt;&gt;</a>&nbsp;&nbsp;&nbsp;_main_scatterload
</UL>

<P><STRONG><a name="[162]"></a>__scatterload_rt2</STRONG> (Thumb, 0 bytes, Stack size 0 bytes, init.o(.text), UNUSED)

<P><STRONG><a name="[163]"></a>__decompress</STRONG> (Thumb, 0 bytes, Stack size unknown bytes, __dclz77c.o(.text), UNUSED)

<P><STRONG><a name="[164]"></a>__decompress2</STRONG> (Thumb, 94 bytes, Stack size unknown bytes, __dclz77c.o(.text), UNUSED)

<P><STRONG><a name="[74]"></a>A72_Control_LED</STRONG> (Thumb, 48 bytes, Stack size 8 bytes, tba.o(i.A72_Control_LED))
<BR><BR>[Stack]<UL><LI>Max Depth = 32<LI>Call Chain = A72_Control_LED &rArr; open_tba_rightLED &rArr; Set_tba_WheelLED
</UL>
<BR>[Calls]<UL><LI><a href="#[76]">&gt;&gt;</a>&nbsp;&nbsp;&nbsp;open_tba_rightLED
<LI><a href="#[77]">&gt;&gt;</a>&nbsp;&nbsp;&nbsp;open_tba_leftLED
<LI><a href="#[78]">&gt;&gt;</a>&nbsp;&nbsp;&nbsp;open_tba_allLED
<LI><a href="#[75]">&gt;&gt;</a>&nbsp;&nbsp;&nbsp;close_tba_allLED
</UL>
<BR>[Called By]<UL><LI><a href="#[148]">&gt;&gt;</a>&nbsp;&nbsp;&nbsp;WifiRx_Check
</UL>

<P><STRONG><a name="[e8]"></a>ADC_ClearFlag</STRONG> (Thumb, 6 bytes, Stack size 0 bytes, stm32f4xx_adc.o(i.ADC_ClearFlag))
<BR><BR>[Called By]<UL><LI><a href="#[e7]">&gt;&gt;</a>&nbsp;&nbsp;&nbsp;Get_ADC_Value
</UL>

<P><STRONG><a name="[81]"></a>ADC_Cmd</STRONG> (Thumb, 22 bytes, Stack size 0 bytes, stm32f4xx_adc.o(i.ADC_Cmd))
<BR><BR>[Called By]<UL><LI><a href="#[79]">&gt;&gt;</a>&nbsp;&nbsp;&nbsp;ADC_Configure
</UL>

<P><STRONG><a name="[7d]"></a>ADC_CommonInit</STRONG> (Thumb, 34 bytes, Stack size 0 bytes, stm32f4xx_adc.o(i.ADC_CommonInit))
<BR><BR>[Called By]<UL><LI><a href="#[79]">&gt;&gt;</a>&nbsp;&nbsp;&nbsp;ADC_Configure
</UL>

<P><STRONG><a name="[79]"></a>ADC_Configure</STRONG> (Thumb, 132 bytes, Stack size 56 bytes, power_check.o(i.ADC_Configure))
<BR><BR>[Stack]<UL><LI>Max Depth = 76<LI>Call Chain = ADC_Configure &rArr; ADC_RegularChannelConfig
</UL>
<BR>[Calls]<UL><LI><a href="#[7e]">&gt;&gt;</a>&nbsp;&nbsp;&nbsp;RCC_APB2PeriphResetCmd
<LI><a href="#[80]">&gt;&gt;</a>&nbsp;&nbsp;&nbsp;ADC_RegularChannelConfig
<LI><a href="#[7f]">&gt;&gt;</a>&nbsp;&nbsp;&nbsp;ADC_Init
<LI><a href="#[7d]">&gt;&gt;</a>&nbsp;&nbsp;&nbsp;ADC_CommonInit
<LI><a href="#[81]">&gt;&gt;</a>&nbsp;&nbsp;&nbsp;ADC_Cmd
<LI><a href="#[7b]">&gt;&gt;</a>&nbsp;&nbsp;&nbsp;RCC_APB2PeriphClockCmd
<LI><a href="#[7a]">&gt;&gt;</a>&nbsp;&nbsp;&nbsp;RCC_AHB1PeriphClockCmd
<LI><a href="#[7c]">&gt;&gt;</a>&nbsp;&nbsp;&nbsp;GPIO_Init
</UL>
<BR>[Called By]<UL><LI><a href="#[d5]">&gt;&gt;</a>&nbsp;&nbsp;&nbsp;Electricity_Init
</UL>

<P><STRONG><a name="[eb]"></a>ADC_GetConversionValue</STRONG> (Thumb, 8 bytes, Stack size 0 bytes, stm32f4xx_adc.o(i.ADC_GetConversionValue))
<BR><BR>[Called By]<UL><LI><a href="#[e7]">&gt;&gt;</a>&nbsp;&nbsp;&nbsp;Get_ADC_Value
</UL>

<P><STRONG><a name="[ea]"></a>ADC_GetFlagStatus</STRONG> (Thumb, 18 bytes, Stack size 0 bytes, stm32f4xx_adc.o(i.ADC_GetFlagStatus))
<BR><BR>[Called By]<UL><LI><a href="#[e7]">&gt;&gt;</a>&nbsp;&nbsp;&nbsp;Get_ADC_Value
</UL>

<P><STRONG><a name="[7f]"></a>ADC_Init</STRONG> (Thumb, 74 bytes, Stack size 12 bytes, stm32f4xx_adc.o(i.ADC_Init))
<BR><BR>[Stack]<UL><LI>Max Depth = 12<LI>Call Chain = ADC_Init
</UL>
<BR>[Called By]<UL><LI><a href="#[79]">&gt;&gt;</a>&nbsp;&nbsp;&nbsp;ADC_Configure
</UL>

<P><STRONG><a name="[80]"></a>ADC_RegularChannelConfig</STRONG> (Thumb, 184 bytes, Stack size 20 bytes, stm32f4xx_adc.o(i.ADC_RegularChannelConfig))
<BR><BR>[Stack]<UL><LI>Max Depth = 20<LI>Call Chain = ADC_RegularChannelConfig
</UL>
<BR>[Called By]<UL><LI><a href="#[79]">&gt;&gt;</a>&nbsp;&nbsp;&nbsp;ADC_Configure
</UL>

<P><STRONG><a name="[e9]"></a>ADC_SoftwareStartConv</STRONG> (Thumb, 10 bytes, Stack size 0 bytes, stm32f4xx_adc.o(i.ADC_SoftwareStartConv))
<BR><BR>[Called By]<UL><LI><a href="#[e7]">&gt;&gt;</a>&nbsp;&nbsp;&nbsp;Get_ADC_Value
</UL>

<P><STRONG><a name="[82]"></a>AGV_Car_Rode1</STRONG> (Thumb, 16 bytes, Stack size 8 bytes, agv_car.o(i.AGV_Car_Rode1))
<BR><BR>[Stack]<UL><LI>Max Depth = 104<LI>Call Chain = AGV_Car_Rode1 &rArr; Send_To_AGV_Car &rArr; Send_ZigbeeData_To_Fifo &rArr; FifoDrv_BufWrite &rArr; FifoDrv_WriteOne &rArr; FifoDrv_CheckWriteEn
</UL>
<BR>[Calls]<UL><LI><a href="#[83]">&gt;&gt;</a>&nbsp;&nbsp;&nbsp;Send_To_AGV_Car
</UL>
<BR>[Called By]<UL><LI><a href="#[86]">&gt;&gt;</a>&nbsp;&nbsp;&nbsp;AGV_Car_Zigbee
</UL>

<P><STRONG><a name="[84]"></a>AGV_Car_Rode3</STRONG> (Thumb, 16 bytes, Stack size 8 bytes, agv_car.o(i.AGV_Car_Rode3))
<BR><BR>[Stack]<UL><LI>Max Depth = 104<LI>Call Chain = AGV_Car_Rode3 &rArr; Send_To_AGV_Car &rArr; Send_ZigbeeData_To_Fifo &rArr; FifoDrv_BufWrite &rArr; FifoDrv_WriteOne &rArr; FifoDrv_CheckWriteEn
</UL>
<BR>[Calls]<UL><LI><a href="#[83]">&gt;&gt;</a>&nbsp;&nbsp;&nbsp;Send_To_AGV_Car
</UL>
<BR>[Called By]<UL><LI><a href="#[107]">&gt;&gt;</a>&nbsp;&nbsp;&nbsp;KEY_Check
</UL>

<P><STRONG><a name="[85]"></a>AGV_Car_Start</STRONG> (Thumb, 16 bytes, Stack size 8 bytes, agv_car.o(i.AGV_Car_Start))
<BR><BR>[Stack]<UL><LI>Max Depth = 104<LI>Call Chain = AGV_Car_Start &rArr; Send_To_AGV_Car &rArr; Send_ZigbeeData_To_Fifo &rArr; FifoDrv_BufWrite &rArr; FifoDrv_WriteOne &rArr; FifoDrv_CheckWriteEn
</UL>
<BR>[Calls]<UL><LI><a href="#[83]">&gt;&gt;</a>&nbsp;&nbsp;&nbsp;Send_To_AGV_Car
</UL>
<BR>[Called By]<UL><LI><a href="#[86]">&gt;&gt;</a>&nbsp;&nbsp;&nbsp;AGV_Car_Zigbee
<LI><a href="#[107]">&gt;&gt;</a>&nbsp;&nbsp;&nbsp;KEY_Check
</UL>

<P><STRONG><a name="[86]"></a>AGV_Car_Zigbee</STRONG> (Thumb, 74 bytes, Stack size 8 bytes, agv_car.o(i.AGV_Car_Zigbee))
<BR><BR>[Stack]<UL><LI>Max Depth = 112<LI>Call Chain = AGV_Car_Zigbee &rArr; AGV_Car_Rode1 &rArr; Send_To_AGV_Car &rArr; Send_ZigbeeData_To_Fifo &rArr; FifoDrv_BufWrite &rArr; FifoDrv_WriteOne &rArr; FifoDrv_CheckWriteEn
</UL>
<BR>[Calls]<UL><LI><a href="#[82]">&gt;&gt;</a>&nbsp;&nbsp;&nbsp;AGV_Car_Rode1
<LI><a href="#[87]">&gt;&gt;</a>&nbsp;&nbsp;&nbsp;delay_ms
<LI><a href="#[85]">&gt;&gt;</a>&nbsp;&nbsp;&nbsp;AGV_Car_Start
<LI><a href="#[88]">&gt;&gt;</a>&nbsp;&nbsp;&nbsp;__2printf
</UL>
<BR>[Called By]<UL><LI><a href="#[5c]">&gt;&gt;</a>&nbsp;&nbsp;&nbsp;main
<LI><a href="#[26]">&gt;&gt;</a>&nbsp;&nbsp;&nbsp;TIM2_IRQHandler
</UL>

<P><STRONG><a name="[14a]"></a>Abnormal_data</STRONG> (Thumb, 142 bytes, Stack size 16 bytes, a72.o(i.Abnormal_data))
<BR><BR>[Stack]<UL><LI>Max Depth = 16<LI>Call Chain = Abnormal_data
</UL>
<BR>[Called By]<UL><LI><a href="#[148]">&gt;&gt;</a>&nbsp;&nbsp;&nbsp;WifiRx_Check
</UL>

<P><STRONG><a name="[89]"></a>BH1750_Configure</STRONG> (Thumb, 20 bytes, Stack size 8 bytes, bh1750.o(i.BH1750_Configure))
<BR><BR>[Stack]<UL><LI>Max Depth = 76<LI>Call Chain = BH1750_Configure &rArr; Single_Write_BH1750 &rArr; BH1750_SendByte &rArr; BH1750_RecvACK &rArr; SDA_IN &rArr; GPIO_Init
</UL>
<BR>[Calls]<UL><LI><a href="#[8b]">&gt;&gt;</a>&nbsp;&nbsp;&nbsp;Single_Write_BH1750
<LI><a href="#[8a]">&gt;&gt;</a>&nbsp;&nbsp;&nbsp;BH1750_PortInit
</UL>
<BR>[Called By]<UL><LI><a href="#[f7]">&gt;&gt;</a>&nbsp;&nbsp;&nbsp;Hardware_Init
</UL>

<P><STRONG><a name="[8a]"></a>BH1750_PortInit</STRONG> (Thumb, 74 bytes, Stack size 16 bytes, bh1750.o(i.BH1750_PortInit))
<BR><BR>[Stack]<UL><LI>Max Depth = 36<LI>Call Chain = BH1750_PortInit &rArr; GPIO_Init
</UL>
<BR>[Calls]<UL><LI><a href="#[7a]">&gt;&gt;</a>&nbsp;&nbsp;&nbsp;RCC_AHB1PeriphClockCmd
<LI><a href="#[7c]">&gt;&gt;</a>&nbsp;&nbsp;&nbsp;GPIO_Init
</UL>
<BR>[Called By]<UL><LI><a href="#[89]">&gt;&gt;</a>&nbsp;&nbsp;&nbsp;BH1750_Configure
</UL>

<P><STRONG><a name="[8c]"></a>BH1750_RecvACK</STRONG> (Thumb, 42 bytes, Stack size 8 bytes, bh1750.o(i.BH1750_RecvACK))
<BR><BR>[Stack]<UL><LI>Max Depth = 44<LI>Call Chain = BH1750_RecvACK &rArr; SDA_IN &rArr; GPIO_Init
</UL>
<BR>[Calls]<UL><LI><a href="#[8d]">&gt;&gt;</a>&nbsp;&nbsp;&nbsp;SDA_IN
<LI><a href="#[8e]">&gt;&gt;</a>&nbsp;&nbsp;&nbsp;delay_us
</UL>
<BR>[Called By]<UL><LI><a href="#[8f]">&gt;&gt;</a>&nbsp;&nbsp;&nbsp;BH1750_SendByte
</UL>

<P><STRONG><a name="[8f]"></a>BH1750_SendByte</STRONG> (Thumb, 78 bytes, Stack size 16 bytes, bh1750.o(i.BH1750_SendByte))
<BR><BR>[Stack]<UL><LI>Max Depth = 60<LI>Call Chain = BH1750_SendByte &rArr; BH1750_RecvACK &rArr; SDA_IN &rArr; GPIO_Init
</UL>
<BR>[Calls]<UL><LI><a href="#[90]">&gt;&gt;</a>&nbsp;&nbsp;&nbsp;SDA_OUT
<LI><a href="#[8c]">&gt;&gt;</a>&nbsp;&nbsp;&nbsp;BH1750_RecvACK
<LI><a href="#[8e]">&gt;&gt;</a>&nbsp;&nbsp;&nbsp;delay_us
</UL>
<BR>[Called By]<UL><LI><a href="#[8b]">&gt;&gt;</a>&nbsp;&nbsp;&nbsp;Single_Write_BH1750
</UL>

<P><STRONG><a name="[91]"></a>BH1750_Start</STRONG> (Thumb, 46 bytes, Stack size 8 bytes, bh1750.o(i.BH1750_Start))
<BR><BR>[Stack]<UL><LI>Max Depth = 44<LI>Call Chain = BH1750_Start &rArr; SDA_OUT &rArr; GPIO_Init
</UL>
<BR>[Calls]<UL><LI><a href="#[90]">&gt;&gt;</a>&nbsp;&nbsp;&nbsp;SDA_OUT
<LI><a href="#[8e]">&gt;&gt;</a>&nbsp;&nbsp;&nbsp;delay_us
</UL>
<BR>[Called By]<UL><LI><a href="#[8b]">&gt;&gt;</a>&nbsp;&nbsp;&nbsp;Single_Write_BH1750
</UL>

<P><STRONG><a name="[92]"></a>BH1750_Stop</STRONG> (Thumb, 40 bytes, Stack size 8 bytes, bh1750.o(i.BH1750_Stop))
<BR><BR>[Stack]<UL><LI>Max Depth = 44<LI>Call Chain = BH1750_Stop &rArr; SDA_OUT &rArr; GPIO_Init
</UL>
<BR>[Calls]<UL><LI><a href="#[90]">&gt;&gt;</a>&nbsp;&nbsp;&nbsp;SDA_OUT
<LI><a href="#[8e]">&gt;&gt;</a>&nbsp;&nbsp;&nbsp;delay_us
</UL>
<BR>[Called By]<UL><LI><a href="#[8b]">&gt;&gt;</a>&nbsp;&nbsp;&nbsp;Single_Write_BH1750
</UL>

<P><STRONG><a name="[11d]"></a>BitCount</STRONG> (Thumb, 26 bytes, Stack size 0 bytes, data_proce.o(i.BitCount))
<BR><BR>[Called By]<UL><LI><a href="#[11c]">&gt;&gt;</a>&nbsp;&nbsp;&nbsp;RFID_Cheack
</UL>

<P><STRONG><a name="[93]"></a>CAN_DeInit</STRONG> (Thumb, 50 bytes, Stack size 8 bytes, stm32f4xx_can.o(i.CAN_DeInit))
<BR><BR>[Stack]<UL><LI>Max Depth = 8<LI>Call Chain = CAN_DeInit
</UL>
<BR>[Calls]<UL><LI><a href="#[94]">&gt;&gt;</a>&nbsp;&nbsp;&nbsp;RCC_APB1PeriphResetCmd
</UL>
<BR>[Called By]<UL><LI><a href="#[ef]">&gt;&gt;</a>&nbsp;&nbsp;&nbsp;Hard_Can_Init
</UL>

<P><STRONG><a name="[9b]"></a>CAN_FilterInit</STRONG> (Thumb, 258 bytes, Stack size 8 bytes, stm32f4xx_can.o(i.CAN_FilterInit))
<BR><BR>[Stack]<UL><LI>Max Depth = 8<LI>Call Chain = CAN_FilterInit
</UL>
<BR>[Called By]<UL><LI><a href="#[ef]">&gt;&gt;</a>&nbsp;&nbsp;&nbsp;Hard_Can_Init
<LI><a href="#[9a]">&gt;&gt;</a>&nbsp;&nbsp;&nbsp;CanDrv_FiterUpdata
</UL>

<P><STRONG><a name="[f3]"></a>CAN_ITConfig</STRONG> (Thumb, 18 bytes, Stack size 0 bytes, stm32f4xx_can.o(i.CAN_ITConfig))
<BR><BR>[Called By]<UL><LI><a href="#[ef]">&gt;&gt;</a>&nbsp;&nbsp;&nbsp;Hard_Can_Init
</UL>

<P><STRONG><a name="[f2]"></a>CAN_Init</STRONG> (Thumb, 276 bytes, Stack size 12 bytes, stm32f4xx_can.o(i.CAN_Init))
<BR><BR>[Stack]<UL><LI>Max Depth = 12<LI>Call Chain = CAN_Init
</UL>
<BR>[Called By]<UL><LI><a href="#[ef]">&gt;&gt;</a>&nbsp;&nbsp;&nbsp;Hard_Can_Init
</UL>

<P><STRONG><a name="[9f]"></a>CAN_MessagePending</STRONG> (Thumb, 30 bytes, Stack size 0 bytes, stm32f4xx_can.o(i.CAN_MessagePending))
<BR><BR>[Called By]<UL><LI><a href="#[9e]">&gt;&gt;</a>&nbsp;&nbsp;&nbsp;CanDrv_RxCheck
<LI><a href="#[a0]">&gt;&gt;</a>&nbsp;&nbsp;&nbsp;CanDrv_RxGetMeesage
</UL>

<P><STRONG><a name="[a1]"></a>CAN_Receive</STRONG> (Thumb, 240 bytes, Stack size 8 bytes, stm32f4xx_can.o(i.CAN_Receive))
<BR><BR>[Stack]<UL><LI>Max Depth = 8<LI>Call Chain = CAN_Receive
</UL>
<BR>[Called By]<UL><LI><a href="#[a0]">&gt;&gt;</a>&nbsp;&nbsp;&nbsp;CanDrv_RxGetMeesage
</UL>

<P><STRONG><a name="[a4]"></a>CAN_Transmit</STRONG> (Thumb, 294 bytes, Stack size 8 bytes, stm32f4xx_can.o(i.CAN_Transmit))
<BR><BR>[Stack]<UL><LI>Max Depth = 8<LI>Call Chain = CAN_Transmit
</UL>
<BR>[Called By]<UL><LI><a href="#[a2]">&gt;&gt;</a>&nbsp;&nbsp;&nbsp;CanDrv_TxData
</UL>

<P><STRONG><a name="[a5]"></a>CAN_TransmitStatus</STRONG> (Thumb, 138 bytes, Stack size 8 bytes, stm32f4xx_can.o(i.CAN_TransmitStatus))
<BR><BR>[Stack]<UL><LI>Max Depth = 8<LI>Call Chain = CAN_TransmitStatus
</UL>
<BR>[Called By]<UL><LI><a href="#[a2]">&gt;&gt;</a>&nbsp;&nbsp;&nbsp;CanDrv_TxData
</UL>

<P><STRONG><a name="[95]"></a>CalulateCRC</STRONG> (Thumb, 134 bytes, Stack size 24 bytes, rc522.o(i.CalulateCRC))
<BR><BR>[Stack]<UL><LI>Max Depth = 80<LI>Call Chain = CalulateCRC &rArr; SetBitMask &rArr; WriteRawRC_HDL &rArr; Rece_data
</UL>
<BR>[Calls]<UL><LI><a href="#[97]">&gt;&gt;</a>&nbsp;&nbsp;&nbsp;WriteRawRC_HDL
<LI><a href="#[98]">&gt;&gt;</a>&nbsp;&nbsp;&nbsp;SetBitMask
<LI><a href="#[99]">&gt;&gt;</a>&nbsp;&nbsp;&nbsp;ReadRawRC
<LI><a href="#[96]">&gt;&gt;</a>&nbsp;&nbsp;&nbsp;ClearBitMask
</UL>
<BR>[Called By]<UL><LI><a href="#[114]">&gt;&gt;</a>&nbsp;&nbsp;&nbsp;PcdSelect
<LI><a href="#[110]">&gt;&gt;</a>&nbsp;&nbsp;&nbsp;PcdRead
</UL>

<P><STRONG><a name="[9a]"></a>CanDrv_FiterUpdata</STRONG> (Thumb, 616 bytes, Stack size 48 bytes, can_drv.o(i.CanDrv_FiterUpdata))
<BR><BR>[Stack]<UL><LI>Max Depth = 56<LI>Call Chain = CanDrv_FiterUpdata &rArr; CAN_FilterInit
</UL>
<BR>[Calls]<UL><LI><a href="#[9b]">&gt;&gt;</a>&nbsp;&nbsp;&nbsp;CAN_FilterInit
<LI><a href="#[9d]">&gt;&gt;</a>&nbsp;&nbsp;&nbsp;CanDrv_Fiter_Create32bit
<LI><a href="#[9c]">&gt;&gt;</a>&nbsp;&nbsp;&nbsp;CanDrv_Fiter_Create16bit
</UL>
<BR>[Called By]<UL><LI><a href="#[ba]">&gt;&gt;</a>&nbsp;&nbsp;&nbsp;CanP_Init
</UL>

<P><STRONG><a name="[9e]"></a>CanDrv_RxCheck</STRONG> (Thumb, 12 bytes, Stack size 8 bytes, can_drv.o(i.CanDrv_RxCheck))
<BR><BR>[Stack]<UL><LI>Max Depth = 8<LI>Call Chain = CanDrv_RxCheck
</UL>
<BR>[Calls]<UL><LI><a href="#[9f]">&gt;&gt;</a>&nbsp;&nbsp;&nbsp;CAN_MessagePending
</UL>
<BR>[Called By]<UL><LI><a href="#[a6]">&gt;&gt;</a>&nbsp;&nbsp;&nbsp;CanP_CanRx_Check
</UL>

<P><STRONG><a name="[a0]"></a>CanDrv_RxGetMeesage</STRONG> (Thumb, 34 bytes, Stack size 16 bytes, can_drv.o(i.CanDrv_RxGetMeesage))
<BR><BR>[Stack]<UL><LI>Max Depth = 24<LI>Call Chain = CanDrv_RxGetMeesage &rArr; CAN_Receive
</UL>
<BR>[Calls]<UL><LI><a href="#[a1]">&gt;&gt;</a>&nbsp;&nbsp;&nbsp;CAN_Receive
<LI><a href="#[9f]">&gt;&gt;</a>&nbsp;&nbsp;&nbsp;CAN_MessagePending
</UL>
<BR>[Called By]<UL><LI><a href="#[a7]">&gt;&gt;</a>&nbsp;&nbsp;&nbsp;CanP_CanRx_Irq
</UL>

<P><STRONG><a name="[a2]"></a>CanDrv_TxData</STRONG> (Thumb, 106 bytes, Stack size 32 bytes, can_drv.o(i.CanDrv_TxData))
<BR><BR>[Stack]<UL><LI>Max Depth = 40<LI>Call Chain = CanDrv_TxData &rArr; CAN_TransmitStatus
</UL>
<BR>[Calls]<UL><LI><a href="#[a5]">&gt;&gt;</a>&nbsp;&nbsp;&nbsp;CAN_TransmitStatus
<LI><a href="#[a4]">&gt;&gt;</a>&nbsp;&nbsp;&nbsp;CAN_Transmit
<LI><a href="#[a3]">&gt;&gt;</a>&nbsp;&nbsp;&nbsp;__aeabi_memcpy
</UL>
<BR>[Called By]<UL><LI><a href="#[cb]">&gt;&gt;</a>&nbsp;&nbsp;&nbsp;Send_UpMotor
<LI><a href="#[ae]">&gt;&gt;</a>&nbsp;&nbsp;&nbsp;CanP_Cmd_Send
<LI><a href="#[ab]">&gt;&gt;</a>&nbsp;&nbsp;&nbsp;CanP_CanTx_Check_fIrq
</UL>

<P><STRONG><a name="[ac]"></a>CanDrv_TxEmptyCheck</STRONG> (Thumb, 18 bytes, Stack size 0 bytes, can_drv.o(i.CanDrv_TxEmptyCheck))
<BR><BR>[Called By]<UL><LI><a href="#[cb]">&gt;&gt;</a>&nbsp;&nbsp;&nbsp;Send_UpMotor
<LI><a href="#[ab]">&gt;&gt;</a>&nbsp;&nbsp;&nbsp;CanP_CanTx_Check_fIrq
</UL>

<P><STRONG><a name="[a6]"></a>CanP_CanRx_Check</STRONG> (Thumb, 18 bytes, Stack size 8 bytes, canp_hostcom.o(i.CanP_CanRx_Check))
<BR><BR>[Stack]<UL><LI>Max Depth = 64<LI>Call Chain = CanP_CanRx_Check &rArr; CanP_CanRx_Irq &rArr; FifoDrv_BufWrite &rArr; FifoDrv_WriteOne &rArr; FifoDrv_CheckWriteEn
</UL>
<BR>[Calls]<UL><LI><a href="#[9e]">&gt;&gt;</a>&nbsp;&nbsp;&nbsp;CanDrv_RxCheck
<LI><a href="#[a7]">&gt;&gt;</a>&nbsp;&nbsp;&nbsp;CanP_CanRx_Irq
</UL>
<BR>[Called By]<UL><LI><a href="#[b4]">&gt;&gt;</a>&nbsp;&nbsp;&nbsp;CanP_Host_Main
</UL>

<P><STRONG><a name="[a7]"></a>CanP_CanRx_Irq</STRONG> (Thumb, 146 bytes, Stack size 8 bytes, canp_hostcom.o(i.CanP_CanRx_Irq))
<BR><BR>[Stack]<UL><LI>Max Depth = 56<LI>Call Chain = CanP_CanRx_Irq &rArr; FifoDrv_BufWrite &rArr; FifoDrv_WriteOne &rArr; FifoDrv_CheckWriteEn
</UL>
<BR>[Calls]<UL><LI><a href="#[a8]">&gt;&gt;</a>&nbsp;&nbsp;&nbsp;FifoDrv_BufWrite
<LI><a href="#[a0]">&gt;&gt;</a>&nbsp;&nbsp;&nbsp;CanDrv_RxGetMeesage
</UL>
<BR>[Called By]<UL><LI><a href="#[a6]">&gt;&gt;</a>&nbsp;&nbsp;&nbsp;CanP_CanRx_Check
</UL>

<P><STRONG><a name="[a9]"></a>CanP_CanRx_TrackUp</STRONG> (Thumb, 14 bytes, Stack size 4 bytes, canp_hostcom.o(i.CanP_CanRx_TrackUp))
<BR><BR>[Stack]<UL><LI>Max Depth = 4<LI>Call Chain = CanP_CanRx_TrackUp
</UL>
<BR>[Calls]<UL><LI><a href="#[aa]">&gt;&gt;</a>&nbsp;&nbsp;&nbsp;Host_Receive_UpTrack
</UL>
<BR>[Called By]<UL><LI><a href="#[b4]">&gt;&gt;</a>&nbsp;&nbsp;&nbsp;CanP_Host_Main
</UL>

<P><STRONG><a name="[ab]"></a>CanP_CanTx_Check_fIrq</STRONG> (Thumb, 204 bytes, Stack size 24 bytes, canp_hostcom.o(i.CanP_CanTx_Check_fIrq))
<BR><BR>[Stack]<UL><LI>Max Depth = 88<LI>Call Chain = CanP_CanTx_Check_fIrq &rArr; CanP_Cmd_Send &rArr; CanDrv_TxData &rArr; CAN_TransmitStatus
</UL>
<BR>[Calls]<UL><LI><a href="#[af]">&gt;&gt;</a>&nbsp;&nbsp;&nbsp;FifoDrv_BufRead
<LI><a href="#[ae]">&gt;&gt;</a>&nbsp;&nbsp;&nbsp;CanP_Cmd_Send
<LI><a href="#[ad]">&gt;&gt;</a>&nbsp;&nbsp;&nbsp;CanP_Cmd_Check
<LI><a href="#[ac]">&gt;&gt;</a>&nbsp;&nbsp;&nbsp;CanDrv_TxEmptyCheck
<LI><a href="#[a2]">&gt;&gt;</a>&nbsp;&nbsp;&nbsp;CanDrv_TxData
</UL>
<BR>[Called By]<UL><LI><a href="#[c8]">&gt;&gt;</a>&nbsp;&nbsp;&nbsp;Canuser_main
</UL>

<P><STRONG><a name="[ad]"></a>CanP_Cmd_Check</STRONG> (Thumb, 36 bytes, Stack size 0 bytes, canp_hostcom.o(i.CanP_Cmd_Check))
<BR><BR>[Called By]<UL><LI><a href="#[ab]">&gt;&gt;</a>&nbsp;&nbsp;&nbsp;CanP_CanTx_Check_fIrq
</UL>

<P><STRONG><a name="[bb]"></a>CanP_Cmd_Init</STRONG> (Thumb, 26 bytes, Stack size 0 bytes, canp_hostcom.o(i.CanP_Cmd_Init))
<BR><BR>[Called By]<UL><LI><a href="#[ba]">&gt;&gt;</a>&nbsp;&nbsp;&nbsp;CanP_Init
</UL>

<P><STRONG><a name="[ae]"></a>CanP_Cmd_Send</STRONG> (Thumb, 66 bytes, Stack size 24 bytes, canp_hostcom.o(i.CanP_Cmd_Send))
<BR><BR>[Stack]<UL><LI>Max Depth = 64<LI>Call Chain = CanP_Cmd_Send &rArr; CanDrv_TxData &rArr; CAN_TransmitStatus
</UL>
<BR>[Calls]<UL><LI><a href="#[a2]">&gt;&gt;</a>&nbsp;&nbsp;&nbsp;CanDrv_TxData
</UL>
<BR>[Called By]<UL><LI><a href="#[ab]">&gt;&gt;</a>&nbsp;&nbsp;&nbsp;CanP_CanTx_Check_fIrq
</UL>

<P><STRONG><a name="[b0]"></a>CanP_Cmd_Write</STRONG> (Thumb, 78 bytes, Stack size 24 bytes, canp_hostcom.o(i.CanP_Cmd_Write))
<BR><BR>[Stack]<UL><LI>Max Depth = 24<LI>Call Chain = CanP_Cmd_Write
</UL>
<BR>[Calls]<UL><LI><a href="#[a3]">&gt;&gt;</a>&nbsp;&nbsp;&nbsp;__aeabi_memcpy
</UL>
<BR>[Called By]<UL><LI><a href="#[cb]">&gt;&gt;</a>&nbsp;&nbsp;&nbsp;Send_UpMotor
<LI><a href="#[118]">&gt;&gt;</a>&nbsp;&nbsp;&nbsp;Send_Electric
</UL>

<P><STRONG><a name="[b1]"></a>CanP_FifoInit</STRONG> (Thumb, 54 bytes, Stack size 8 bytes, canp_hostcom.o(i.CanP_FifoInit))
<BR><BR>[Stack]<UL><LI>Max Depth = 40<LI>Call Chain = CanP_FifoInit &rArr; CanP_FifoInitS &rArr; FifoDrv_Init
</UL>
<BR>[Calls]<UL><LI><a href="#[b2]">&gt;&gt;</a>&nbsp;&nbsp;&nbsp;CanP_FifoInitS
</UL>
<BR>[Called By]<UL><LI><a href="#[ba]">&gt;&gt;</a>&nbsp;&nbsp;&nbsp;CanP_Init
</UL>

<P><STRONG><a name="[b2]"></a>CanP_FifoInitS</STRONG> (Thumb, 22 bytes, Stack size 16 bytes, canp_hostcom.o(i.CanP_FifoInitS))
<BR><BR>[Stack]<UL><LI>Max Depth = 32<LI>Call Chain = CanP_FifoInitS &rArr; FifoDrv_Init
</UL>
<BR>[Calls]<UL><LI><a href="#[b3]">&gt;&gt;</a>&nbsp;&nbsp;&nbsp;FifoDrv_Init
</UL>
<BR>[Called By]<UL><LI><a href="#[b1]">&gt;&gt;</a>&nbsp;&nbsp;&nbsp;CanP_FifoInit
</UL>

<P><STRONG><a name="[b4]"></a>CanP_Host_Main</STRONG> (Thumb, 228 bytes, Stack size 16 bytes, canp_hostcom.o(i.CanP_Host_Main))
<BR><BR>[Stack]<UL><LI>Max Depth = 80<LI>Call Chain = CanP_Host_Main &rArr; CanP_CanRx_Check &rArr; CanP_CanRx_Irq &rArr; FifoDrv_BufWrite &rArr; FifoDrv_WriteOne &rArr; FifoDrv_CheckWriteEn
</UL>
<BR>[Calls]<UL><LI><a href="#[b6]">&gt;&gt;</a>&nbsp;&nbsp;&nbsp;WifiRx_Save
<LI><a href="#[b8]">&gt;&gt;</a>&nbsp;&nbsp;&nbsp;U8ToU16_Big
<LI><a href="#[b9]">&gt;&gt;</a>&nbsp;&nbsp;&nbsp;U8ToU16
<LI><a href="#[b5]">&gt;&gt;</a>&nbsp;&nbsp;&nbsp;FifoDrv_ReadOne
<LI><a href="#[b7]">&gt;&gt;</a>&nbsp;&nbsp;&nbsp;Can_ZigBeeRx_Save
<LI><a href="#[a9]">&gt;&gt;</a>&nbsp;&nbsp;&nbsp;CanP_CanRx_TrackUp
<LI><a href="#[a6]">&gt;&gt;</a>&nbsp;&nbsp;&nbsp;CanP_CanRx_Check
</UL>
<BR>[Called By]<UL><LI><a href="#[c8]">&gt;&gt;</a>&nbsp;&nbsp;&nbsp;Canuser_main
</UL>

<P><STRONG><a name="[ba]"></a>CanP_Init</STRONG> (Thumb, 30 bytes, Stack size 8 bytes, canp_hostcom.o(i.CanP_Init))
<BR><BR>[Stack]<UL><LI>Max Depth = 64<LI>Call Chain = CanP_Init &rArr; CanDrv_FiterUpdata &rArr; CAN_FilterInit
</UL>
<BR>[Calls]<UL><LI><a href="#[9a]">&gt;&gt;</a>&nbsp;&nbsp;&nbsp;CanDrv_FiterUpdata
<LI><a href="#[b1]">&gt;&gt;</a>&nbsp;&nbsp;&nbsp;CanP_FifoInit
<LI><a href="#[bb]">&gt;&gt;</a>&nbsp;&nbsp;&nbsp;CanP_Cmd_Init
</UL>
<BR>[Called By]<UL><LI><a href="#[ef]">&gt;&gt;</a>&nbsp;&nbsp;&nbsp;Hard_Can_Init
</UL>

<P><STRONG><a name="[bc]"></a>Can_ZigBeeRx_Check</STRONG> (Thumb, 210 bytes, Stack size 8 bytes, can_user.o(i.Can_ZigBeeRx_Check))
<BR><BR>[Stack]<UL><LI>Max Depth = 8<LI>Call Chain = Can_ZigBeeRx_Check
</UL>
<BR>[Calls]<UL><LI><a href="#[bd]">&gt;&gt;</a>&nbsp;&nbsp;&nbsp;gt_get_sub
<LI><a href="#[bf]">&gt;&gt;</a>&nbsp;&nbsp;&nbsp;Jiao_Tong_CallBackFun
<LI><a href="#[c0]">&gt;&gt;</a>&nbsp;&nbsp;&nbsp;Che_ku_CallBackFun
<LI><a href="#[be]">&gt;&gt;</a>&nbsp;&nbsp;&nbsp;Dao_Zha_CallBackFun
<LI><a href="#[a3]">&gt;&gt;</a>&nbsp;&nbsp;&nbsp;__aeabi_memcpy
</UL>
<BR>[Called By]<UL><LI><a href="#[5c]">&gt;&gt;</a>&nbsp;&nbsp;&nbsp;main
<LI><a href="#[26]">&gt;&gt;</a>&nbsp;&nbsp;&nbsp;TIM2_IRQHandler
</UL>

<P><STRONG><a name="[b7]"></a>Can_ZigBeeRx_Save</STRONG> (Thumb, 66 bytes, Stack size 8 bytes, can_user.o(i.Can_ZigBeeRx_Save))
<BR><BR>[Stack]<UL><LI>Max Depth = 8<LI>Call Chain = Can_ZigBeeRx_Save
</UL>
<BR>[Calls]<UL><LI><a href="#[c1]">&gt;&gt;</a>&nbsp;&nbsp;&nbsp;gt_get
</UL>
<BR>[Called By]<UL><LI><a href="#[b4]">&gt;&gt;</a>&nbsp;&nbsp;&nbsp;CanP_Host_Main
</UL>

<P><STRONG><a name="[c2]"></a>Can_check_Init</STRONG> (Thumb, 92 bytes, Stack size 32 bytes, can_check.o(i.Can_check_Init))
<BR><BR>[Stack]<UL><LI>Max Depth = 48<LI>Call Chain = Can_check_Init &rArr; NVIC_Init
</UL>
<BR>[Calls]<UL><LI><a href="#[c4]">&gt;&gt;</a>&nbsp;&nbsp;&nbsp;TIM_TimeBaseInit
<LI><a href="#[c6]">&gt;&gt;</a>&nbsp;&nbsp;&nbsp;TIM_ITConfig
<LI><a href="#[c7]">&gt;&gt;</a>&nbsp;&nbsp;&nbsp;TIM_Cmd
<LI><a href="#[c3]">&gt;&gt;</a>&nbsp;&nbsp;&nbsp;RCC_APB1PeriphClockCmd
<LI><a href="#[c5]">&gt;&gt;</a>&nbsp;&nbsp;&nbsp;NVIC_Init
</UL>
<BR>[Called By]<UL><LI><a href="#[f7]">&gt;&gt;</a>&nbsp;&nbsp;&nbsp;Hardware_Init
</UL>

<P><STRONG><a name="[c8]"></a>Canuser_main</STRONG> (Thumb, 12 bytes, Stack size 8 bytes, can_user.o(i.Canuser_main))
<BR><BR>[Stack]<UL><LI>Max Depth = 96<LI>Call Chain = Canuser_main &rArr; CanP_CanTx_Check_fIrq &rArr; CanP_Cmd_Send &rArr; CanDrv_TxData &rArr; CAN_TransmitStatus
</UL>
<BR>[Calls]<UL><LI><a href="#[b4]">&gt;&gt;</a>&nbsp;&nbsp;&nbsp;CanP_Host_Main
<LI><a href="#[ab]">&gt;&gt;</a>&nbsp;&nbsp;&nbsp;CanP_CanTx_Check_fIrq
</UL>
<BR>[Called By]<UL><LI><a href="#[f6]">&gt;&gt;</a>&nbsp;&nbsp;&nbsp;Hard_Can_While
</UL>

<P><STRONG><a name="[c9]"></a>Card_Track</STRONG> (Thumb, 360 bytes, Stack size 8 bytes, roadway_check.o(i.Card_Track))
<BR><BR>[Stack]<UL><LI>Max Depth = 88<LI>Call Chain = Card_Track &rArr; Control &rArr; Send_UpMotor &rArr; CanDrv_TxData &rArr; CAN_TransmitStatus
</UL>
<BR>[Calls]<UL><LI><a href="#[cc]">&gt;&gt;</a>&nbsp;&nbsp;&nbsp;Control
<LI><a href="#[cb]">&gt;&gt;</a>&nbsp;&nbsp;&nbsp;Send_UpMotor
<LI><a href="#[ca]">&gt;&gt;</a>&nbsp;&nbsp;&nbsp;Roadway_mp_Get
</UL>
<BR>[Called By]<UL><LI><a href="#[126]">&gt;&gt;</a>&nbsp;&nbsp;&nbsp;Track_Check
</UL>

<P><STRONG><a name="[cd]"></a>Cba_Beep</STRONG> (Thumb, 54 bytes, Stack size 24 bytes, cba.o(i.Cba_Beep))
<BR><BR>[Stack]<UL><LI>Max Depth = 24<LI>Call Chain = Cba_Beep
</UL>
<BR>[Calls]<UL><LI><a href="#[87]">&gt;&gt;</a>&nbsp;&nbsp;&nbsp;delay_ms
</UL>
<BR>[Called By]<UL><LI><a href="#[5c]">&gt;&gt;</a>&nbsp;&nbsp;&nbsp;main
</UL>

<P><STRONG><a name="[ce]"></a>Cba_Init</STRONG> (Thumb, 112 bytes, Stack size 16 bytes, cba.o(i.Cba_Init))
<BR><BR>[Stack]<UL><LI>Max Depth = 36<LI>Call Chain = Cba_Init &rArr; GPIO_Init
</UL>
<BR>[Calls]<UL><LI><a href="#[7a]">&gt;&gt;</a>&nbsp;&nbsp;&nbsp;RCC_AHB1PeriphClockCmd
<LI><a href="#[7c]">&gt;&gt;</a>&nbsp;&nbsp;&nbsp;GPIO_Init
</UL>
<BR>[Called By]<UL><LI><a href="#[f7]">&gt;&gt;</a>&nbsp;&nbsp;&nbsp;Hardware_Init
</UL>

<P><STRONG><a name="[c0]"></a>Che_ku_CallBackFun</STRONG> (Thumb, 86 bytes, Stack size 0 bytes, che_ku.o(i.Che_ku_CallBackFun))
<BR><BR>[Called By]<UL><LI><a href="#[bc]">&gt;&gt;</a>&nbsp;&nbsp;&nbsp;Can_ZigBeeRx_Check
</UL>

<P><STRONG><a name="[96]"></a>ClearBitMask</STRONG> (Thumb, 40 bytes, Stack size 16 bytes, rc522.o(i.ClearBitMask))
<BR><BR>[Stack]<UL><LI>Max Depth = 56<LI>Call Chain = ClearBitMask &rArr; WriteRawRC_HDL &rArr; Rece_data
</UL>
<BR>[Calls]<UL><LI><a href="#[97]">&gt;&gt;</a>&nbsp;&nbsp;&nbsp;WriteRawRC_HDL
<LI><a href="#[99]">&gt;&gt;</a>&nbsp;&nbsp;&nbsp;ReadRawRC
</UL>
<BR>[Called By]<UL><LI><a href="#[114]">&gt;&gt;</a>&nbsp;&nbsp;&nbsp;PcdSelect
<LI><a href="#[111]">&gt;&gt;</a>&nbsp;&nbsp;&nbsp;PcdRequest
<LI><a href="#[10e]">&gt;&gt;</a>&nbsp;&nbsp;&nbsp;PcdComMF522
<LI><a href="#[10d]">&gt;&gt;</a>&nbsp;&nbsp;&nbsp;PcdAnticoll
<LI><a href="#[103]">&gt;&gt;</a>&nbsp;&nbsp;&nbsp;PcdAntennaOff
<LI><a href="#[105]">&gt;&gt;</a>&nbsp;&nbsp;&nbsp;M500PcdConfigISOType
<LI><a href="#[95]">&gt;&gt;</a>&nbsp;&nbsp;&nbsp;CalulateCRC
</UL>

<P><STRONG><a name="[cc]"></a>Control</STRONG> (Thumb, 92 bytes, Stack size 16 bytes, roadway_check.o(i.Control))
<BR><BR>[Stack]<UL><LI>Max Depth = 80<LI>Call Chain = Control &rArr; Send_UpMotor &rArr; CanDrv_TxData &rArr; CAN_TransmitStatus
</UL>
<BR>[Calls]<UL><LI><a href="#[cb]">&gt;&gt;</a>&nbsp;&nbsp;&nbsp;Send_UpMotor
</UL>
<BR>[Called By]<UL><LI><a href="#[13b]">&gt;&gt;</a>&nbsp;&nbsp;&nbsp;Track_wheel_R
<LI><a href="#[13a]">&gt;&gt;</a>&nbsp;&nbsp;&nbsp;Track_wheel_L
<LI><a href="#[ed]">&gt;&gt;</a>&nbsp;&nbsp;&nbsp;Go_Back
<LI><a href="#[e6]">&gt;&gt;</a>&nbsp;&nbsp;&nbsp;Fun_Track_wheel_R
<LI><a href="#[e5]">&gt;&gt;</a>&nbsp;&nbsp;&nbsp;Fun_Track_wheel_L
<LI><a href="#[e1]">&gt;&gt;</a>&nbsp;&nbsp;&nbsp;Fun_RightX
<LI><a href="#[de]">&gt;&gt;</a>&nbsp;&nbsp;&nbsp;Fun_Go_Back
<LI><a href="#[138]">&gt;&gt;</a>&nbsp;&nbsp;&nbsp;Track_Control_Go_Mp
<LI><a href="#[135]">&gt;&gt;</a>&nbsp;&nbsp;&nbsp;Track_Control_Go
<LI><a href="#[139]">&gt;&gt;</a>&nbsp;&nbsp;&nbsp;Track_Control_Back_Mp
<LI><a href="#[137]">&gt;&gt;</a>&nbsp;&nbsp;&nbsp;Track_Control_Back
<LI><a href="#[dd]">&gt;&gt;</a>&nbsp;&nbsp;&nbsp;Find_Line_Track
<LI><a href="#[c9]">&gt;&gt;</a>&nbsp;&nbsp;&nbsp;Card_Track
</UL>

<P><STRONG><a name="[cf]"></a>DEBUG_LOG</STRONG> (Thumb, 226 bytes, Stack size 48 bytes, debug.o(i.DEBUG_LOG))
<BR><BR>[Stack]<UL><LI>Max Depth = 112<LI>Call Chain = DEBUG_LOG &rArr; Send_InfoData_To_Fifo &rArr; FifoDrv_BufWrite &rArr; FifoDrv_WriteOne &rArr; FifoDrv_CheckWriteEn
</UL>
<BR>[Calls]<UL><LI><a href="#[d1]">&gt;&gt;</a>&nbsp;&nbsp;&nbsp;itoa
<LI><a href="#[d0]">&gt;&gt;</a>&nbsp;&nbsp;&nbsp;Send_InfoData_To_Fifo
</UL>
<BR>[Called By]<UL><LI><a href="#[11e]">&gt;&gt;</a>&nbsp;&nbsp;&nbsp;Read_Card
</UL>

<P><STRONG><a name="[be]"></a>Dao_Zha_CallBackFun</STRONG> (Thumb, 14 bytes, Stack size 0 bytes, dao_zha.o(i.Dao_Zha_CallBackFun))
<BR><BR>[Called By]<UL><LI><a href="#[bc]">&gt;&gt;</a>&nbsp;&nbsp;&nbsp;Can_ZigBeeRx_Check
</UL>

<P><STRONG><a name="[14]"></a>EXTI4_IRQHandler</STRONG> (Thumb, 132 bytes, Stack size 32 bytes, ultrasonic.o(i.EXTI4_IRQHandler))
<BR><BR>[Stack]<UL><LI>Max Depth = 120<LI>Call Chain = EXTI4_IRQHandler &rArr; __aeabi_dsub &rArr; __aeabi_dadd &rArr; _double_epilogue &rArr; _double_round
</UL>
<BR>[Calls]<UL><LI><a href="#[c7]">&gt;&gt;</a>&nbsp;&nbsp;&nbsp;TIM_Cmd
<LI><a href="#[6e]">&gt;&gt;</a>&nbsp;&nbsp;&nbsp;__aeabi_ui2d
<LI><a href="#[6a]">&gt;&gt;</a>&nbsp;&nbsp;&nbsp;__aeabi_dsub
<LI><a href="#[6c]">&gt;&gt;</a>&nbsp;&nbsp;&nbsp;__aeabi_dmul
<LI><a href="#[6f]">&gt;&gt;</a>&nbsp;&nbsp;&nbsp;__aeabi_d2f
<LI><a href="#[d2]">&gt;&gt;</a>&nbsp;&nbsp;&nbsp;EXTI_GetITStatus
<LI><a href="#[d4]">&gt;&gt;</a>&nbsp;&nbsp;&nbsp;EXTI_ClearITPendingBit
<LI><a href="#[d3]">&gt;&gt;</a>&nbsp;&nbsp;&nbsp;GPIO_ReadInputDataBit
</UL>
<BR>[Address Reference Count : 1]<UL><LI> startup_stm32f40_41xxx.o(RESET)
</UL>
<P><STRONG><a name="[d4]"></a>EXTI_ClearITPendingBit</STRONG> (Thumb, 6 bytes, Stack size 0 bytes, stm32f4xx_exti.o(i.EXTI_ClearITPendingBit))
<BR><BR>[Called By]<UL><LI><a href="#[14]">&gt;&gt;</a>&nbsp;&nbsp;&nbsp;EXTI4_IRQHandler
</UL>

<P><STRONG><a name="[d2]"></a>EXTI_GetITStatus</STRONG> (Thumb, 20 bytes, Stack size 0 bytes, stm32f4xx_exti.o(i.EXTI_GetITStatus))
<BR><BR>[Called By]<UL><LI><a href="#[14]">&gt;&gt;</a>&nbsp;&nbsp;&nbsp;EXTI4_IRQHandler
</UL>

<P><STRONG><a name="[145]"></a>EXTI_Init</STRONG> (Thumb, 142 bytes, Stack size 0 bytes, stm32f4xx_exti.o(i.EXTI_Init))
<BR><BR>[Called By]<UL><LI><a href="#[143]">&gt;&gt;</a>&nbsp;&nbsp;&nbsp;Ultrasonic_EXTI
</UL>

<P><STRONG><a name="[d5]"></a>Electricity_Init</STRONG> (Thumb, 12 bytes, Stack size 8 bytes, power_check.o(i.Electricity_Init))
<BR><BR>[Stack]<UL><LI>Max Depth = 84<LI>Call Chain = Electricity_Init &rArr; ADC_Configure &rArr; ADC_RegularChannelConfig
</UL>
<BR>[Calls]<UL><LI><a href="#[d6]">&gt;&gt;</a>&nbsp;&nbsp;&nbsp;Parameter_Init
<LI><a href="#[79]">&gt;&gt;</a>&nbsp;&nbsp;&nbsp;ADC_Configure
</UL>
<BR>[Called By]<UL><LI><a href="#[f7]">&gt;&gt;</a>&nbsp;&nbsp;&nbsp;Hardware_Init
</UL>

<P><STRONG><a name="[d7]"></a>Feng_huo_Open</STRONG> (Thumb, 14 bytes, Stack size 8 bytes, feng_huo.o(i.Feng_huo_Open))
<BR><BR>[Stack]<UL><LI>Max Depth = 32<LI>Call Chain = Feng_huo_Open &rArr; Infrared_Send
</UL>
<BR>[Calls]<UL><LI><a href="#[d8]">&gt;&gt;</a>&nbsp;&nbsp;&nbsp;Infrared_Send
</UL>
<BR>[Called By]<UL><LI><a href="#[148]">&gt;&gt;</a>&nbsp;&nbsp;&nbsp;WifiRx_Check
</UL>

<P><STRONG><a name="[af]"></a>FifoDrv_BufRead</STRONG> (Thumb, 42 bytes, Stack size 20 bytes, fifo_drv.o(i.FifoDrv_BufRead))
<BR><BR>[Stack]<UL><LI>Max Depth = 48<LI>Call Chain = FifoDrv_BufRead &rArr; FifoDrv_ReadOne &rArr; FifoDrv_CheckReadEn
</UL>
<BR>[Calls]<UL><LI><a href="#[b5]">&gt;&gt;</a>&nbsp;&nbsp;&nbsp;FifoDrv_ReadOne
</UL>
<BR>[Called By]<UL><LI><a href="#[ab]">&gt;&gt;</a>&nbsp;&nbsp;&nbsp;CanP_CanTx_Check_fIrq
</UL>

<P><STRONG><a name="[a8]"></a>FifoDrv_BufWrite</STRONG> (Thumb, 40 bytes, Stack size 20 bytes, fifo_drv.o(i.FifoDrv_BufWrite))
<BR><BR>[Stack]<UL><LI>Max Depth = 48<LI>Call Chain = FifoDrv_BufWrite &rArr; FifoDrv_WriteOne &rArr; FifoDrv_CheckWriteEn
</UL>
<BR>[Calls]<UL><LI><a href="#[d9]">&gt;&gt;</a>&nbsp;&nbsp;&nbsp;FifoDrv_WriteOne
</UL>
<BR>[Called By]<UL><LI><a href="#[128]">&gt;&gt;</a>&nbsp;&nbsp;&nbsp;Send_ZigbeeData_To_Fifo
<LI><a href="#[d0]">&gt;&gt;</a>&nbsp;&nbsp;&nbsp;Send_InfoData_To_Fifo
<LI><a href="#[a7]">&gt;&gt;</a>&nbsp;&nbsp;&nbsp;CanP_CanRx_Irq
</UL>

<P><STRONG><a name="[da]"></a>FifoDrv_CheckReadEn</STRONG> (Thumb, 48 bytes, Stack size 12 bytes, fifo_drv.o(i.FifoDrv_CheckReadEn))
<BR><BR>[Stack]<UL><LI>Max Depth = 12<LI>Call Chain = FifoDrv_CheckReadEn
</UL>
<BR>[Calls]<UL><LI><a href="#[db]">&gt;&gt;</a>&nbsp;&nbsp;&nbsp;FifoDrv_StructCheck
</UL>
<BR>[Called By]<UL><LI><a href="#[b5]">&gt;&gt;</a>&nbsp;&nbsp;&nbsp;FifoDrv_ReadOne
</UL>

<P><STRONG><a name="[dc]"></a>FifoDrv_CheckWriteEn</STRONG> (Thumb, 28 bytes, Stack size 12 bytes, fifo_drv.o(i.FifoDrv_CheckWriteEn))
<BR><BR>[Stack]<UL><LI>Max Depth = 12<LI>Call Chain = FifoDrv_CheckWriteEn
</UL>
<BR>[Calls]<UL><LI><a href="#[db]">&gt;&gt;</a>&nbsp;&nbsp;&nbsp;FifoDrv_StructCheck
</UL>
<BR>[Called By]<UL><LI><a href="#[d9]">&gt;&gt;</a>&nbsp;&nbsp;&nbsp;FifoDrv_WriteOne
</UL>

<P><STRONG><a name="[b3]"></a>FifoDrv_Init</STRONG> (Thumb, 36 bytes, Stack size 16 bytes, fifo_drv.o(i.FifoDrv_Init))
<BR><BR>[Stack]<UL><LI>Max Depth = 16<LI>Call Chain = FifoDrv_Init
</UL>
<BR>[Calls]<UL><LI><a href="#[63]">&gt;&gt;</a>&nbsp;&nbsp;&nbsp;__aeabi_memset
</UL>
<BR>[Called By]<UL><LI><a href="#[b2]">&gt;&gt;</a>&nbsp;&nbsp;&nbsp;CanP_FifoInitS
</UL>

<P><STRONG><a name="[b5]"></a>FifoDrv_ReadOne</STRONG> (Thumb, 48 bytes, Stack size 16 bytes, fifo_drv.o(i.FifoDrv_ReadOne))
<BR><BR>[Stack]<UL><LI>Max Depth = 28<LI>Call Chain = FifoDrv_ReadOne &rArr; FifoDrv_CheckReadEn
</UL>
<BR>[Calls]<UL><LI><a href="#[da]">&gt;&gt;</a>&nbsp;&nbsp;&nbsp;FifoDrv_CheckReadEn
</UL>
<BR>[Called By]<UL><LI><a href="#[af]">&gt;&gt;</a>&nbsp;&nbsp;&nbsp;FifoDrv_BufRead
<LI><a href="#[b4]">&gt;&gt;</a>&nbsp;&nbsp;&nbsp;CanP_Host_Main
</UL>

<P><STRONG><a name="[db]"></a>FifoDrv_StructCheck</STRONG> (Thumb, 36 bytes, Stack size 0 bytes, fifo_drv.o(i.FifoDrv_StructCheck))
<BR><BR>[Called By]<UL><LI><a href="#[dc]">&gt;&gt;</a>&nbsp;&nbsp;&nbsp;FifoDrv_CheckWriteEn
<LI><a href="#[da]">&gt;&gt;</a>&nbsp;&nbsp;&nbsp;FifoDrv_CheckReadEn
</UL>

<P><STRONG><a name="[d9]"></a>FifoDrv_WriteOne</STRONG> (Thumb, 44 bytes, Stack size 16 bytes, fifo_drv.o(i.FifoDrv_WriteOne))
<BR><BR>[Stack]<UL><LI>Max Depth = 28<LI>Call Chain = FifoDrv_WriteOne &rArr; FifoDrv_CheckWriteEn
</UL>
<BR>[Calls]<UL><LI><a href="#[dc]">&gt;&gt;</a>&nbsp;&nbsp;&nbsp;FifoDrv_CheckWriteEn
</UL>
<BR>[Called By]<UL><LI><a href="#[a8]">&gt;&gt;</a>&nbsp;&nbsp;&nbsp;FifoDrv_BufWrite
</UL>

<P><STRONG><a name="[dd]"></a>Find_Line_Track</STRONG> (Thumb, 176 bytes, Stack size 8 bytes, roadway_check.o(i.Find_Line_Track))
<BR><BR>[Stack]<UL><LI>Max Depth = 88<LI>Call Chain = Find_Line_Track &rArr; Control &rArr; Send_UpMotor &rArr; CanDrv_TxData &rArr; CAN_TransmitStatus
</UL>
<BR>[Calls]<UL><LI><a href="#[cc]">&gt;&gt;</a>&nbsp;&nbsp;&nbsp;Control
<LI><a href="#[cb]">&gt;&gt;</a>&nbsp;&nbsp;&nbsp;Send_UpMotor
</UL>
<BR>[Called By]<UL><LI><a href="#[126]">&gt;&gt;</a>&nbsp;&nbsp;&nbsp;Track_Check
</UL>

<P><STRONG><a name="[de]"></a>Fun_Go_Back</STRONG> (Thumb, 60 bytes, Stack size 16 bytes, fun_motor.o(i.Fun_Go_Back))
<BR><BR>[Stack]<UL><LI>Max Depth = 96<LI>Call Chain = Fun_Go_Back &rArr; Control &rArr; Send_UpMotor &rArr; CanDrv_TxData &rArr; CAN_TransmitStatus
</UL>
<BR>[Calls]<UL><LI><a href="#[e0]">&gt;&gt;</a>&nbsp;&nbsp;&nbsp;Roadway_mp_syn
<LI><a href="#[cc]">&gt;&gt;</a>&nbsp;&nbsp;&nbsp;Control
<LI><a href="#[df]">&gt;&gt;</a>&nbsp;&nbsp;&nbsp;Stop
</UL>
<BR>[Called By]<UL><LI><a href="#[14e]">&gt;&gt;</a>&nbsp;&nbsp;&nbsp;plan
<LI><a href="#[e3]">&gt;&gt;</a>&nbsp;&nbsp;&nbsp;Fun_Track_Go
<LI><a href="#[107]">&gt;&gt;</a>&nbsp;&nbsp;&nbsp;KEY_Check
<LI><a href="#[11c]">&gt;&gt;</a>&nbsp;&nbsp;&nbsp;RFID_Cheack
</UL>

<P><STRONG><a name="[e1]"></a>Fun_RightX</STRONG> (Thumb, 64 bytes, Stack size 16 bytes, fun_motor.o(i.Fun_RightX))
<BR><BR>[Stack]<UL><LI>Max Depth = 96<LI>Call Chain = Fun_RightX &rArr; Control &rArr; Send_UpMotor &rArr; CanDrv_TxData &rArr; CAN_TransmitStatus
</UL>
<BR>[Calls]<UL><LI><a href="#[e0]">&gt;&gt;</a>&nbsp;&nbsp;&nbsp;Roadway_mp_syn
<LI><a href="#[cc]">&gt;&gt;</a>&nbsp;&nbsp;&nbsp;Control
<LI><a href="#[df]">&gt;&gt;</a>&nbsp;&nbsp;&nbsp;Stop
</UL>
<BR>[Called By]<UL><LI><a href="#[14e]">&gt;&gt;</a>&nbsp;&nbsp;&nbsp;plan
</UL>

<P><STRONG><a name="[e2]"></a>Fun_Track</STRONG> (Thumb, 56 bytes, Stack size 8 bytes, fun_motor.o(i.Fun_Track))
<BR><BR>[Stack]<UL><LI>Max Depth = 80<LI>Call Chain = Fun_Track &rArr; Stop &rArr; Send_UpMotor &rArr; CanDrv_TxData &rArr; CAN_TransmitStatus
</UL>
<BR>[Calls]<UL><LI><a href="#[df]">&gt;&gt;</a>&nbsp;&nbsp;&nbsp;Stop
</UL>
<BR>[Called By]<UL><LI><a href="#[14e]">&gt;&gt;</a>&nbsp;&nbsp;&nbsp;plan
<LI><a href="#[e3]">&gt;&gt;</a>&nbsp;&nbsp;&nbsp;Fun_Track_Go
<LI><a href="#[107]">&gt;&gt;</a>&nbsp;&nbsp;&nbsp;KEY_Check
</UL>

<P><STRONG><a name="[e3]"></a>Fun_Track_Go</STRONG> (Thumb, 34 bytes, Stack size 8 bytes, fun_motor.o(i.Fun_Track_Go))
<BR><BR>[Stack]<UL><LI>Max Depth = 104<LI>Call Chain = Fun_Track_Go &rArr; Fun_Go_Back &rArr; Control &rArr; Send_UpMotor &rArr; CanDrv_TxData &rArr; CAN_TransmitStatus
</UL>
<BR>[Calls]<UL><LI><a href="#[87]">&gt;&gt;</a>&nbsp;&nbsp;&nbsp;delay_ms
<LI><a href="#[e2]">&gt;&gt;</a>&nbsp;&nbsp;&nbsp;Fun_Track
<LI><a href="#[de]">&gt;&gt;</a>&nbsp;&nbsp;&nbsp;Fun_Go_Back
</UL>
<BR>[Called By]<UL><LI><a href="#[14e]">&gt;&gt;</a>&nbsp;&nbsp;&nbsp;plan
<LI><a href="#[107]">&gt;&gt;</a>&nbsp;&nbsp;&nbsp;KEY_Check
<LI><a href="#[11c]">&gt;&gt;</a>&nbsp;&nbsp;&nbsp;RFID_Cheack
</UL>

<P><STRONG><a name="[e4]"></a>Fun_Track_Mp</STRONG> (Thumb, 74 bytes, Stack size 16 bytes, fun_motor.o(i.Fun_Track_Mp))
<BR><BR>[Stack]<UL><LI>Max Depth = 88<LI>Call Chain = Fun_Track_Mp &rArr; Stop &rArr; Send_UpMotor &rArr; CanDrv_TxData &rArr; CAN_TransmitStatus
</UL>
<BR>[Calls]<UL><LI><a href="#[e0]">&gt;&gt;</a>&nbsp;&nbsp;&nbsp;Roadway_mp_syn
<LI><a href="#[df]">&gt;&gt;</a>&nbsp;&nbsp;&nbsp;Stop
</UL>
<BR>[Called By]<UL><LI><a href="#[14e]">&gt;&gt;</a>&nbsp;&nbsp;&nbsp;plan
</UL>
[...]
<BR><BR>[Called By]<UL><LI><a href="#[127]">&gt;&gt;</a>&nbsp;&nbsp;&nbsp;USART6_Init
<LI><a href="#[119]">&gt;&gt;</a>&nbsp;&nbsp;&nbsp;RC522_Uart_init
</UL>

<P><STRONG><a name="[142]"></a>USART_GetFlagStatus</STRONG> (Thumb, 26 bytes, Stack size 0 bytes, stm32f4xx_usart.o(i.USART_GetFlagStatus))
<BR><BR>[Called By]<UL><LI><a href="#[13c]">&gt;&gt;</a>&nbsp;&nbsp;&nbsp;Uart_Irq
</UL>

<P><STRONG><a name="[13d]"></a>USART_GetITStatus</STRONG> (Thumb, 84 bytes, Stack size 16 bytes, stm32f4xx_usart.o(i.USART_GetITStatus))
<BR><BR>[Stack]<UL><LI>Max Depth = 16<LI>Call Chain = USART_GetITStatus
</UL>
<BR>[Called By]<UL><LI><a href="#[13c]">&gt;&gt;</a>&nbsp;&nbsp;&nbsp;Uart_Irq
<LI><a href="#[30]">&gt;&gt;</a>&nbsp;&nbsp;&nbsp;USART2_IRQHandler
<LI><a href="#[2f]">&gt;&gt;</a>&nbsp;&nbsp;&nbsp;USART1_IRQHandler
</UL>

<P><STRONG><a name="[141]"></a>USART_ITConfig</STRONG> (Thumb, 74 bytes, Stack size 20 bytes, stm32f4xx_usart.o(i.USART_ITConfig))
<BR><BR>[Stack]<UL><LI>Max Depth = 20<LI>Call Chain = USART_ITConfig
</UL>
<BR>[Called By]<UL><LI><a href="#[13c]">&gt;&gt;</a>&nbsp;&nbsp;&nbsp;Uart_Irq
</UL>

<P><STRONG><a name="[11a]"></a>USART_Init</STRONG> (Thumb, 204 bytes, Stack size 48 bytes, stm32f4xx_usart.o(i.USART_Init))
<BR><BR>[Stack]<UL><LI>Max Depth = 68<LI>Call Chain = USART_Init &rArr; RCC_GetClocksFreq
</UL>
<BR>[Calls]<UL><LI><a href="#[140]">&gt;&gt;</a>&nbsp;&nbsp;&nbsp;RCC_GetClocksFreq
</UL>
<BR>[Called By]<UL><LI><a href="#[127]">&gt;&gt;</a>&nbsp;&nbsp;&nbsp;USART6_Init
<LI><a href="#[119]">&gt;&gt;</a>&nbsp;&nbsp;&nbsp;RC522_Uart_init
</UL>

<P><STRONG><a name="[122]"></a>USART_ReceiveData</STRONG> (Thumb, 10 bytes, Stack size 0 bytes, stm32f4xx_usart.o(i.USART_ReceiveData))
<BR><BR>[Called By]<UL><LI><a href="#[30]">&gt;&gt;</a>&nbsp;&nbsp;&nbsp;USART2_IRQHandler
<LI><a href="#[2f]">&gt;&gt;</a>&nbsp;&nbsp;&nbsp;USART1_IRQHandler
<LI><a href="#[121]">&gt;&gt;</a>&nbsp;&nbsp;&nbsp;Rece_data
</UL>

<P><STRONG><a name="[129]"></a>USART_SendData</STRONG> (Thumb, 8 bytes, Stack size 0 bytes, stm32f4xx_usart.o(i.USART_SendData))
<BR><BR>[Called By]<UL><LI><a href="#[120]">&gt;&gt;</a>&nbsp;&nbsp;&nbsp;Send_data
</UL>

<P><STRONG><a name="[13c]"></a>Uart_Irq</STRONG> (Thumb, 230 bytes, Stack size 8 bytes, uart_drv.o(i.Uart_Irq))
<BR><BR>[Stack]<UL><LI>Max Depth = 28<LI>Call Chain = Uart_Irq &rArr; USART_ITConfig
</UL>
<BR>[Calls]<UL><LI><a href="#[c1]">&gt;&gt;</a>&nbsp;&nbsp;&nbsp;gt_get
<LI><a href="#[141]">&gt;&gt;</a>&nbsp;&nbsp;&nbsp;USART_ITConfig
<LI><a href="#[13d]">&gt;&gt;</a>&nbsp;&nbsp;&nbsp;USART_GetITStatus
<LI><a href="#[13e]">&gt;&gt;</a>&nbsp;&nbsp;&nbsp;USART_ClearITPendingBit
<LI><a href="#[142]">&gt;&gt;</a>&nbsp;&nbsp;&nbsp;USART_GetFlagStatus
</UL>
<BR>[Called By]<UL><LI><a href="#[3e]">&gt;&gt;</a>&nbsp;&nbsp;&nbsp;UART4_IRQHandler
</UL>

<P><STRONG><a name="[143]"></a>Ultrasonic_EXTI</STRONG> (Thumb, 86 bytes, Stack size 16 bytes, ultrasonic.o(i.Ultrasonic_EXTI))
<BR><BR>[Stack]<UL><LI>Max Depth = 32<LI>Call Chain = Ultrasonic_EXTI &rArr; NVIC_Init
</UL>
<BR>[Calls]<UL><LI><a href="#[f8]">&gt;&gt;</a>&nbsp;&nbsp;&nbsp;NVIC_PriorityGroupConfig
<LI><a href="#[c5]">&gt;&gt;</a>&nbsp;&nbsp;&nbsp;NVIC_Init
<LI><a href="#[144]">&gt;&gt;</a>&nbsp;&nbsp;&nbsp;SYSCFG_EXTILineConfig
<LI><a href="#[145]">&gt;&gt;</a>&nbsp;&nbsp;&nbsp;EXTI_Init
<LI><a href="#[7b]">&gt;&gt;</a>&nbsp;&nbsp;&nbsp;RCC_APB2PeriphClockCmd
</UL>
<BR>[Called By]<UL><LI><a href="#[fc]">&gt;&gt;</a>&nbsp;&nbsp;&nbsp;Ultrasonic_Init
</UL>

<P><STRONG><a name="[fc]"></a>Ultrasonic_Init</STRONG> (Thumb, 20 bytes, Stack size 8 bytes, ultrasonic.o(i.Ultrasonic_Init))
<BR><BR>[Stack]<UL><LI>Max Depth = 56<LI>Call Chain = Ultrasonic_Init &rArr; Ultrasonic_TIM &rArr; NVIC_Init
</UL>
<BR>[Calls]<UL><LI><a href="#[147]">&gt;&gt;</a>&nbsp;&nbsp;&nbsp;Ultrasonic_TIM
<LI><a href="#[146]">&gt;&gt;</a>&nbsp;&nbsp;&nbsp;Ultrasonic_Port
<LI><a href="#[143]">&gt;&gt;</a>&nbsp;&nbsp;&nbsp;Ultrasonic_EXTI
</UL>
<BR>[Called By]<UL><LI><a href="#[f7]">&gt;&gt;</a>&nbsp;&nbsp;&nbsp;Hardware_Init
</UL>

<P><STRONG><a name="[146]"></a>Ultrasonic_Port</STRONG> (Thumb, 94 bytes, Stack size 16 bytes, ultrasonic.o(i.Ultrasonic_Port))
<BR><BR>[Stack]<UL><LI>Max Depth = 36<LI>Call Chain = Ultrasonic_Port &rArr; GPIO_PinAFConfig
</UL>
<BR>[Calls]<UL><LI><a href="#[f0]">&gt;&gt;</a>&nbsp;&nbsp;&nbsp;GPIO_PinAFConfig
<LI><a href="#[7a]">&gt;&gt;</a>&nbsp;&nbsp;&nbsp;RCC_AHB1PeriphClockCmd
<LI><a href="#[7c]">&gt;&gt;</a>&nbsp;&nbsp;&nbsp;GPIO_Init
</UL>
<BR>[Called By]<UL><LI><a href="#[fc]">&gt;&gt;</a>&nbsp;&nbsp;&nbsp;Ultrasonic_Init
</UL>

<P><STRONG><a name="[147]"></a>Ultrasonic_TIM</STRONG> (Thumb, 84 bytes, Stack size 32 bytes, ultrasonic.o(i.Ultrasonic_TIM))
<BR><BR>[Stack]<UL><LI>Max Depth = 48<LI>Call Chain = Ultrasonic_TIM &rArr; NVIC_Init
</UL>
<BR>[Calls]<UL><LI><a href="#[c4]">&gt;&gt;</a>&nbsp;&nbsp;&nbsp;TIM_TimeBaseInit
<LI><a href="#[c6]">&gt;&gt;</a>&nbsp;&nbsp;&nbsp;TIM_ITConfig
<LI><a href="#[c7]">&gt;&gt;</a>&nbsp;&nbsp;&nbsp;TIM_Cmd
<LI><a href="#[c3]">&gt;&gt;</a>&nbsp;&nbsp;&nbsp;RCC_APB1PeriphClockCmd
<LI><a href="#[c5]">&gt;&gt;</a>&nbsp;&nbsp;&nbsp;NVIC_Init
</UL>
<BR>[Called By]<UL><LI><a href="#[fc]">&gt;&gt;</a>&nbsp;&nbsp;&nbsp;Ultrasonic_Init
</UL>

<P><STRONG><a name="[148]"></a>WifiRx_Check</STRONG> (Thumb, 396 bytes, Stack size 8 bytes, a72.o(i.WifiRx_Check))
<BR><BR>[Stack]<UL><LI>Max Depth = 104<LI>Call Chain = WifiRx_Check &rArr; Go_Back &rArr; Control &rArr; Send_UpMotor &rArr; CanDrv_TxData &rArr; CAN_TransmitStatus
</UL>
<BR>[Calls]<UL><LI><a href="#[12a]">&gt;&gt;</a>&nbsp;&nbsp;&nbsp;Set_tba_Beep
<LI><a href="#[128]">&gt;&gt;</a>&nbsp;&nbsp;&nbsp;Send_ZigbeeData_To_Fifo
<LI><a href="#[10b]">&gt;&gt;</a>&nbsp;&nbsp;&nbsp;Lu_Deng_Gears_3
<LI><a href="#[10a]">&gt;&gt;</a>&nbsp;&nbsp;&nbsp;Lu_Deng_Gears_2
<LI><a href="#[109]">&gt;&gt;</a>&nbsp;&nbsp;&nbsp;Lu_Deng_Gears_1
<LI><a href="#[d7]">&gt;&gt;</a>&nbsp;&nbsp;&nbsp;Feng_huo_Open
<LI><a href="#[74]">&gt;&gt;</a>&nbsp;&nbsp;&nbsp;A72_Control_LED
<LI><a href="#[149]">&gt;&gt;</a>&nbsp;&nbsp;&nbsp;Normal_data
<LI><a href="#[14a]">&gt;&gt;</a>&nbsp;&nbsp;&nbsp;Abnormal_data
<LI><a href="#[13b]">&gt;&gt;</a>&nbsp;&nbsp;&nbsp;Track_wheel_R
<LI><a href="#[13a]">&gt;&gt;</a>&nbsp;&nbsp;&nbsp;Track_wheel_L
<LI><a href="#[134]">&gt;&gt;</a>&nbsp;&nbsp;&nbsp;Track
<LI><a href="#[df]">&gt;&gt;</a>&nbsp;&nbsp;&nbsp;Stop
<LI><a href="#[ed]">&gt;&gt;</a>&nbsp;&nbsp;&nbsp;Go_Back
<LI><a href="#[bd]">&gt;&gt;</a>&nbsp;&nbsp;&nbsp;gt_get_sub
</UL>
<BR>[Called By]<UL><LI><a href="#[5c]">&gt;&gt;</a>&nbsp;&nbsp;&nbsp;main
</UL>

<P><STRONG><a name="[b6]"></a>WifiRx_Save</STRONG> (Thumb, 66 bytes, Stack size 8 bytes, a72.o(i.WifiRx_Save))
<BR><BR>[Stack]<UL><LI>Max Depth = 8<LI>Call Chain = WifiRx_Save
</UL>
<BR>[Calls]<UL><LI><a href="#[c1]">&gt;&gt;</a>&nbsp;&nbsp;&nbsp;gt_get
</UL>
<BR>[Called By]<UL><LI><a href="#[b4]">&gt;&gt;</a>&nbsp;&nbsp;&nbsp;CanP_Host_Main
</UL>

<P><STRONG><a name="[97]"></a>WriteRawRC_HDL</STRONG> (Thumb, 78 bytes, Stack size 24 bytes, rc522.o(i.WriteRawRC_HDL))
<BR><BR>[Stack]<UL><LI>Max Depth = 40<LI>Call Chain = WriteRawRC_HDL &rArr; Rece_data
</UL>
<BR>[Calls]<UL><LI><a href="#[120]">&gt;&gt;</a>&nbsp;&nbsp;&nbsp;Send_data
<LI><a href="#[121]">&gt;&gt;</a>&nbsp;&nbsp;&nbsp;Rece_data
</UL>
<BR>[Called By]<UL><LI><a href="#[98]">&gt;&gt;</a>&nbsp;&nbsp;&nbsp;SetBitMask
<LI><a href="#[102]">&gt;&gt;</a>&nbsp;&nbsp;&nbsp;PcdReset
<LI><a href="#[111]">&gt;&gt;</a>&nbsp;&nbsp;&nbsp;PcdRequest
<LI><a href="#[10e]">&gt;&gt;</a>&nbsp;&nbsp;&nbsp;PcdComMF522
<LI><a href="#[10d]">&gt;&gt;</a>&nbsp;&nbsp;&nbsp;PcdAnticoll
<LI><a href="#[105]">&gt;&gt;</a>&nbsp;&nbsp;&nbsp;M500PcdConfigISOType
<LI><a href="#[96]">&gt;&gt;</a>&nbsp;&nbsp;&nbsp;ClearBitMask
<LI><a href="#[95]">&gt;&gt;</a>&nbsp;&nbsp;&nbsp;CalulateCRC
</UL>

<P><STRONG><a name="[14b]"></a>__0printf$5</STRONG> (Thumb, 22 bytes, Stack size 24 bytes, printf5.o(i.__0printf$5), UNUSED)
<BR><BR>[Calls]<UL><LI><a href="#[14c]">&gt;&gt;</a>&nbsp;&nbsp;&nbsp;_printf_core
</UL>

<P><STRONG><a name="[165]"></a>__1printf$5</STRONG> (Thumb, 0 bytes, Stack size 24 bytes, printf5.o(i.__0printf$5), UNUSED)

<P><STRONG><a name="[88]"></a>__2printf</STRONG> (Thumb, 0 bytes, Stack size 24 bytes, printf5.o(i.__0printf$5))
<BR><BR>[Stack]<UL><LI>Max Depth = 24<LI>Call Chain = __2printf
</UL>
<BR>[Called By]<UL><LI><a href="#[86]">&gt;&gt;</a>&nbsp;&nbsp;&nbsp;AGV_Car_Zigbee
<LI><a href="#[107]">&gt;&gt;</a>&nbsp;&nbsp;&nbsp;KEY_Check
<LI><a href="#[30]">&gt;&gt;</a>&nbsp;&nbsp;&nbsp;USART2_IRQHandler
<LI><a href="#[11e]">&gt;&gt;</a>&nbsp;&nbsp;&nbsp;Read_Card
</UL>

<P><STRONG><a name="[166]"></a>__scatterload_copy</STRONG> (Thumb, 14 bytes, Stack size unknown bytes, handlers.o(i.__scatterload_copy), UNUSED)

<P><STRONG><a name="[167]"></a>__scatterload_null</STRONG> (Thumb, 2 bytes, Stack size unknown bytes, handlers.o(i.__scatterload_null), UNUSED)

<P><STRONG><a name="[168]"></a>__scatterload_zeroinit</STRONG> (Thumb, 14 bytes, Stack size unknown bytes, handlers.o(i.__scatterload_zeroinit), UNUSED)

<P><STRONG><a name="[75]"></a>close_tba_allLED</STRONG> (Thumb, 20 bytes, Stack size 8 bytes, tba.o(i.close_tba_allLED))
<BR><BR>[Stack]<UL><LI>Max Depth = 24<LI>Call Chain = close_tba_allLED &rArr; Set_tba_WheelLED
</UL>
<BR>[Calls]<UL><LI><a href="#[12b]">&gt;&gt;</a>&nbsp;&nbsp;&nbsp;Set_tba_WheelLED
</UL>
<BR>[Called By]<UL><LI><a href="#[74]">&gt;&gt;</a>&nbsp;&nbsp;&nbsp;A72_Control_LED
</UL>

<P><STRONG><a name="[f9]"></a>delay_init</STRONG> (Thumb, 52 bytes, Stack size 8 bytes, delay.o(i.delay_init))
<BR><BR>[Stack]<UL><LI>Max Depth = 8<LI>Call Chain = delay_init
</UL>
<BR>[Calls]<UL><LI><a href="#[14d]">&gt;&gt;</a>&nbsp;&nbsp;&nbsp;SysTick_CLKSourceConfig
</UL>
<BR>[Called By]<UL><LI><a href="#[f7]">&gt;&gt;</a>&nbsp;&nbsp;&nbsp;Hardware_Init
</UL>

<P><STRONG><a name="[87]"></a>delay_ms</STRONG> (Thumb, 72 bytes, Stack size 0 bytes, delay.o(i.delay_ms))
<BR><BR>[Called By]<UL><LI><a href="#[83]">&gt;&gt;</a>&nbsp;&nbsp;&nbsp;Send_To_AGV_Car
<LI><a href="#[14e]">&gt;&gt;</a>&nbsp;&nbsp;&nbsp;plan
<LI><a href="#[12d]">&gt;&gt;</a>&nbsp;&nbsp;&nbsp;Stop_Flag_Cheack
<LI><a href="#[100]">&gt;&gt;</a>&nbsp;&nbsp;&nbsp;Readcard_daivce_Init
<LI><a href="#[e3]">&gt;&gt;</a>&nbsp;&nbsp;&nbsp;Fun_Track_Go
<LI><a href="#[cd]">&gt;&gt;</a>&nbsp;&nbsp;&nbsp;Cba_Beep
<LI><a href="#[86]">&gt;&gt;</a>&nbsp;&nbsp;&nbsp;AGV_Car_Zigbee
<LI><a href="#[107]">&gt;&gt;</a>&nbsp;&nbsp;&nbsp;KEY_Check
<LI><a href="#[d8]">&gt;&gt;</a>&nbsp;&nbsp;&nbsp;Infrared_Send
<LI><a href="#[ec]">&gt;&gt;</a>&nbsp;&nbsp;&nbsp;Get_Electricity
<LI><a href="#[112]">&gt;&gt;</a>&nbsp;&nbsp;&nbsp;Rc522_OutSRst
<LI><a href="#[105]">&gt;&gt;</a>&nbsp;&nbsp;&nbsp;M500PcdConfigISOType
<LI><a href="#[101]">&gt;&gt;</a>&nbsp;&nbsp;&nbsp;InitRc522
<LI><a href="#[11c]">&gt;&gt;</a>&nbsp;&nbsp;&nbsp;RFID_Cheack
</UL>

<P><STRONG><a name="[113]"></a>delay_ns</STRONG> (Thumb, 34 bytes, Stack size 0 bytes, rc522.o(i.delay_ns))
<BR><BR>[Called By]<UL><LI><a href="#[102]">&gt;&gt;</a>&nbsp;&nbsp;&nbsp;PcdReset
</UL>

<P><STRONG><a name="[8e]"></a>delay_us</STRONG> (Thumb, 72 bytes, Stack size 0 bytes, delay.o(i.delay_us))
<BR><BR>[Called By]<UL><LI><a href="#[d8]">&gt;&gt;</a>&nbsp;&nbsp;&nbsp;Infrared_Send
<LI><a href="#[92]">&gt;&gt;</a>&nbsp;&nbsp;&nbsp;BH1750_Stop
<LI><a href="#[91]">&gt;&gt;</a>&nbsp;&nbsp;&nbsp;BH1750_Start
<LI><a href="#[8f]">&gt;&gt;</a>&nbsp;&nbsp;&nbsp;BH1750_SendByte
<LI><a href="#[8c]">&gt;&gt;</a>&nbsp;&nbsp;&nbsp;BH1750_RecvACK
</UL>

<P><STRONG><a name="[5f]"></a>fputc</STRONG> (Thumb, 16 bytes, Stack size 16 bytes, debug.o(i.fputc))
<BR><BR>[Stack]<UL><LI>Max Depth = 80<LI>Call Chain = fputc &rArr; Send_InfoData_To_Fifo &rArr; FifoDrv_BufWrite &rArr; FifoDrv_WriteOne &rArr; FifoDrv_CheckWriteEn
</UL>
<BR>[Calls]<UL><LI><a href="#[d0]">&gt;&gt;</a>&nbsp;&nbsp;&nbsp;Send_InfoData_To_Fifo
</UL>
<BR>[Address Reference Count : 1]<UL><LI> printf5.o(i.__0printf$5)
</UL>
<P><STRONG><a name="[c1]"></a>gt_get</STRONG> (Thumb, 6 bytes, Stack size 0 bytes, timer.o(i.gt_get))
<BR><BR>[Called By]<UL><LI><a href="#[b6]">&gt;&gt;</a>&nbsp;&nbsp;&nbsp;WifiRx_Save
<LI><a href="#[5c]">&gt;&gt;</a>&nbsp;&nbsp;&nbsp;main
<LI><a href="#[13c]">&gt;&gt;</a>&nbsp;&nbsp;&nbsp;Uart_Irq
<LI><a href="#[30]">&gt;&gt;</a>&nbsp;&nbsp;&nbsp;USART2_IRQHandler
<LI><a href="#[121]">&gt;&gt;</a>&nbsp;&nbsp;&nbsp;Rece_data
<LI><a href="#[b7]">&gt;&gt;</a>&nbsp;&nbsp;&nbsp;Can_ZigBeeRx_Save
</UL>

<P><STRONG><a name="[bd]"></a>gt_get_sub</STRONG> (Thumb, 20 bytes, Stack size 0 bytes, timer.o(i.gt_get_sub))
<BR><BR>[Called By]<UL><LI><a href="#[148]">&gt;&gt;</a>&nbsp;&nbsp;&nbsp;WifiRx_Check
<LI><a href="#[bc]">&gt;&gt;</a>&nbsp;&nbsp;&nbsp;Can_ZigBeeRx_Check
<LI><a href="#[5c]">&gt;&gt;</a>&nbsp;&nbsp;&nbsp;main
<LI><a href="#[121]">&gt;&gt;</a>&nbsp;&nbsp;&nbsp;Rece_data
</UL>

<P><STRONG><a name="[d1]"></a>itoa</STRONG> (Thumb, 100 bytes, Stack size 20 bytes, data_proce.o(i.itoa))
<BR><BR>[Stack]<UL><LI>Max Depth = 20<LI>Call Chain = itoa
</UL>
<BR>[Called By]<UL><LI><a href="#[cf]">&gt;&gt;</a>&nbsp;&nbsp;&nbsp;DEBUG_LOG
</UL>

<P><STRONG><a name="[5c]"></a>main</STRONG> (Thumb, 344 bytes, Stack size 0 bytes, main.o(i.main))
<BR><BR>[Stack]<UL><LI>Max Depth = 224<LI>Call Chain = main &rArr; Stop_Flag_Cheack &rArr; RFID_Cheack &rArr; Read_Card &rArr; PcdAuthState &rArr; PcdComMF522 &rArr; SetBitMask &rArr; WriteRawRC_HDL &rArr; Rece_data
</UL>
<BR>[Calls]<UL><LI><a href="#[14e]">&gt;&gt;</a>&nbsp;&nbsp;&nbsp;plan
<LI><a href="#[bd]">&gt;&gt;</a>&nbsp;&nbsp;&nbsp;gt_get_sub
<LI><a href="#[c1]">&gt;&gt;</a>&nbsp;&nbsp;&nbsp;gt_get
<LI><a href="#[148]">&gt;&gt;</a>&nbsp;&nbsp;&nbsp;WifiRx_Check
<LI><a href="#[12d]">&gt;&gt;</a>&nbsp;&nbsp;&nbsp;Stop_Flag_Cheack
<LI><a href="#[cb]">&gt;&gt;</a>&nbsp;&nbsp;&nbsp;Send_UpMotor
<LI><a href="#[100]">&gt;&gt;</a>&nbsp;&nbsp;&nbsp;Readcard_daivce_Init
<LI><a href="#[11f]">&gt;&gt;</a>&nbsp;&nbsp;&nbsp;Rc522_LinkTest
<LI><a href="#[14f]">&gt;&gt;</a>&nbsp;&nbsp;&nbsp;Rc522_GetLinkFlag
<LI><a href="#[115]">&gt;&gt;</a>&nbsp;&nbsp;&nbsp;Power_Check
<LI><a href="#[cd]">&gt;&gt;</a>&nbsp;&nbsp;&nbsp;Cba_Beep
<LI><a href="#[bc]">&gt;&gt;</a>&nbsp;&nbsp;&nbsp;Can_ZigBeeRx_Check
<LI><a href="#[86]">&gt;&gt;</a>&nbsp;&nbsp;&nbsp;AGV_Car_Zigbee
<LI><a href="#[107]">&gt;&gt;</a>&nbsp;&nbsp;&nbsp;KEY_Check
<LI><a href="#[f7]">&gt;&gt;</a>&nbsp;&nbsp;&nbsp;Hardware_Init
</UL>
<BR>[Address Reference Count : 1]<UL><LI> entry9a.o(.ARM.Collect$$$$0000000B)
</UL>
<P><STRONG><a name="[78]"></a>open_tba_allLED</STRONG> (Thumb, 20 bytes, Stack size 8 bytes, tba.o(i.open_tba_allLED))
<BR><BR>[Stack]<UL><LI>Max Depth = 24<LI>Call Chain = open_tba_allLED &rArr; Set_tba_WheelLED
</UL>
<BR>[Calls]<UL><LI><a href="#[12b]">&gt;&gt;</a>&nbsp;&nbsp;&nbsp;Set_tba_WheelLED
</UL>
<BR>[Called By]<UL><LI><a href="#[74]">&gt;&gt;</a>&nbsp;&nbsp;&nbsp;A72_Control_LED
</UL>

<P><STRONG><a name="[77]"></a>open_tba_leftLED</STRONG> (Thumb, 20 bytes, Stack size 8 bytes, tba.o(i.open_tba_leftLED))
<BR><BR>[Stack]<UL><LI>Max Depth = 24<LI>Call Chain = open_tba_leftLED &rArr; Set_tba_WheelLED
</UL>
<BR>[Calls]<UL><LI><a href="#[12b]">&gt;&gt;</a>&nbsp;&nbsp;&nbsp;Set_tba_WheelLED
</UL>
<BR>[Called By]<UL><LI><a href="#[74]">&gt;&gt;</a>&nbsp;&nbsp;&nbsp;A72_Control_LED
</UL>

<P><STRONG><a name="[76]"></a>open_tba_rightLED</STRONG> (Thumb, 20 bytes, Stack size 8 bytes, tba.o(i.open_tba_rightLED))
<BR><BR>[Stack]<UL><LI>Max Depth = 24<LI>Call Chain = open_tba_rightLED &rArr; Set_tba_WheelLED
</UL>
<BR>[Calls]<UL><LI><a href="#[12b]">&gt;&gt;</a>&nbsp;&nbsp;&nbsp;Set_tba_WheelLED
</UL>
<BR>[Called By]<UL><LI><a href="#[74]">&gt;&gt;</a>&nbsp;&nbsp;&nbsp;A72_Control_LED
</UL>

<P><STRONG><a name="[14e]"></a>plan</STRONG> (Thumb, 746 bytes, Stack size 8 bytes, plan.o(i.plan))
<BR><BR>[Stack]<UL><LI>Max Depth = 112<LI>Call Chain = plan &rArr; Fun_Track_Go &rArr; Fun_Go_Back &rArr; Control &rArr; Send_UpMotor &rArr; CanDrv_TxData &rArr; CAN_TransmitStatus
</UL>
<BR>[Calls]<UL><LI><a href="#[e6]">&gt;&gt;</a>&nbsp;&nbsp;&nbsp;Fun_Track_wheel_R
<LI><a href="#[e5]">&gt;&gt;</a>&nbsp;&nbsp;&nbsp;Fun_Track_wheel_L
<LI><a href="#[e4]">&gt;&gt;</a>&nbsp;&nbsp;&nbsp;Fun_Track_Mp
<LI><a href="#[e1]">&gt;&gt;</a>&nbsp;&nbsp;&nbsp;Fun_RightX
<LI><a href="#[87]">&gt;&gt;</a>&nbsp;&nbsp;&nbsp;delay_ms
<LI><a href="#[e3]">&gt;&gt;</a>&nbsp;&nbsp;&nbsp;Fun_Track_Go
<LI><a href="#[e2]">&gt;&gt;</a>&nbsp;&nbsp;&nbsp;Fun_Track
<LI><a href="#[de]">&gt;&gt;</a>&nbsp;&nbsp;&nbsp;Fun_Go_Back
</UL>
<BR>[Called By]<UL><LI><a href="#[5c]">&gt;&gt;</a>&nbsp;&nbsp;&nbsp;main
</UL>

<P><STRONG><a name="[136]"></a>reverse_bit</STRONG> (Thumb, 32 bytes, Stack size 8 bytes, data_proce.o(i.reverse_bit))
<BR><BR>[Stack]<UL><LI>Max Depth = 8<LI>Call Chain = reverse_bit
</UL>
<BR>[Called By]<UL><LI><a href="#[126]">&gt;&gt;</a>&nbsp;&nbsp;&nbsp;Track_Check
</UL>

<P><STRONG><a name="[fe]"></a>roadway_check_TimInit</STRONG> (Thumb, 92 bytes, Stack size 32 bytes, roadway_check.o(i.roadway_check_TimInit))
<BR><BR>[Stack]<UL><LI>Max Depth = 48<LI>Call Chain = roadway_check_TimInit &rArr; NVIC_Init
</UL>
<BR>[Calls]<UL><LI><a href="#[c4]">&gt;&gt;</a>&nbsp;&nbsp;&nbsp;TIM_TimeBaseInit
<LI><a href="#[c6]">&gt;&gt;</a>&nbsp;&nbsp;&nbsp;TIM_ITConfig
<LI><a href="#[c7]">&gt;&gt;</a>&nbsp;&nbsp;&nbsp;TIM_Cmd
<LI><a href="#[c5]">&gt;&gt;</a>&nbsp;&nbsp;&nbsp;NVIC_Init
<LI><a href="#[7b]">&gt;&gt;</a>&nbsp;&nbsp;&nbsp;RCC_APB2PeriphClockCmd
</UL>
<BR>[Called By]<UL><LI><a href="#[f7]">&gt;&gt;</a>&nbsp;&nbsp;&nbsp;Hardware_Init
</UL>

<P><STRONG><a name="[125]"></a>wheel_Nav_check</STRONG> (Thumb, 50 bytes, Stack size 8 bytes, roadway_check.o(i.wheel_Nav_check))
<BR><BR>[Stack]<UL><LI>Max Depth = 72<LI>Call Chain = wheel_Nav_check &rArr; Send_UpMotor &rArr; CanDrv_TxData &rArr; CAN_TransmitStatus
</UL>
<BR>[Calls]<UL><LI><a href="#[cb]">&gt;&gt;</a>&nbsp;&nbsp;&nbsp;Send_UpMotor
<LI><a href="#[ca]">&gt;&gt;</a>&nbsp;&nbsp;&nbsp;Roadway_mp_Get
</UL>
<BR>[Called By]<UL><LI><a href="#[123]">&gt;&gt;</a>&nbsp;&nbsp;&nbsp;Roadway_Check
</UL>

<P><STRONG><a name="[124]"></a>wheel_Track_check</STRONG> (Thumb, 150 bytes, Stack size 8 bytes, roadway_check.o(i.wheel_Track_check))
<BR><BR>[Stack]<UL><LI>Max Depth = 72<LI>Call Chain = wheel_Track_check &rArr; Send_UpMotor &rArr; CanDrv_TxData &rArr; CAN_TransmitStatus
</UL>
<BR>[Calls]<UL><LI><a href="#[cb]">&gt;&gt;</a>&nbsp;&nbsp;&nbsp;Send_UpMotor
<LI><a href="#[108]">&gt;&gt;</a>&nbsp;&nbsp;&nbsp;Get_Host_UpTrack
</UL>
<BR>[Called By]<UL><LI><a href="#[123]">&gt;&gt;</a>&nbsp;&nbsp;&nbsp;Roadway_Check
</UL>
<P>
<H3>
Local Symbols
</H3>
<P><STRONG><a name="[12e]"></a>SetSysClock</STRONG> (Thumb, 220 bytes, Stack size 12 bytes, system_stm32f4xx.o(i.SetSysClock))
<BR><BR>[Stack]<UL><LI>Max Depth = 12<LI>Call Chain = SetSysClock
</UL>
<BR>[Called By]<UL><LI><a href="#[5d]">&gt;&gt;</a>&nbsp;&nbsp;&nbsp;SystemInit
</UL>

<P><STRONG><a name="[9c]"></a>CanDrv_Fiter_Create16bit</STRONG> (Thumb, 52 bytes, Stack size 8 bytes, can_drv.o(i.CanDrv_Fiter_Create16bit))
<BR><BR>[Stack]<UL><LI>Max Depth = 8<LI>Call Chain = CanDrv_Fiter_Create16bit
</UL>
<BR>[Called By]<UL><LI><a href="#[9a]">&gt;&gt;</a>&nbsp;&nbsp;&nbsp;CanDrv_FiterUpdata
</UL>

<P><STRONG><a name="[9d]"></a>CanDrv_Fiter_Create32bit</STRONG> (Thumb, 50 bytes, Stack size 8 bytes, can_drv.o(i.CanDrv_Fiter_Create32bit))
<BR><BR>[Stack]<UL><LI>Max Depth = 8<LI>Call Chain = CanDrv_Fiter_Create32bit
</UL>
<BR>[Called By]<UL><LI><a href="#[9a]">&gt;&gt;</a>&nbsp;&nbsp;&nbsp;CanDrv_FiterUpdata
</UL>

<P><STRONG><a name="[14c]"></a>_printf_core</STRONG> (Thumb, 660 bytes, Stack size 104 bytes, printf5.o(i._printf_core), UNUSED)
<BR><BR>[Calls]<UL><LI><a href="#[71]">&gt;&gt;</a>&nbsp;&nbsp;&nbsp;__aeabi_uldivmod
</UL>
<BR>[Called By]<UL><LI><a href="#[14b]">&gt;&gt;</a>&nbsp;&nbsp;&nbsp;__0printf$5
</UL>
<P>
<H3>
Undefined Global Symbols
</H3><HR></body></html>
