<html>
<body>
<pre>
<h1>礦ision Build Log</h1>
<h2>Tool Versions:</h2>
IDE-Version: μVision V5.34.0.0
Copyright (C) 2021 ARM Ltd and ARM Germany GmbH. All rights reserved.
License Information: 00 0, 0, LIC=LSNXV-PSBSI-IIZ5V-P6SJJ-EBBK5-14ETP
 
Tool Versions:
Toolchain:       MDK-ARM Plus  Version: 5.34.0.0
Toolchain Path:  D:\software\Program Files (x86)\Keil_ARM\ARM\ARMCC\Bin
C Compiler:      Armcc.exe V5.06 update 7 (build 960)
Assembler:       Armasm.exe V5.06 update 7 (build 960)
Linker/Locator:  ArmLink.exe V5.06 update 7 (build 960)
Library Manager: ArmAr.exe V5.06 update 7 (build 960)
Hex Converter:   FromElf.exe V5.06 update 7 (build 960)
CPU DLL:         SARMCM3.DLL V5.34.0.0
Dialog DLL:      DCM.DLL V1.17.3.0
Target DLL:      Segger\JL2CM3.dll V2.99.38.0
Dialog DLL:      TCM.DLL V1.48.0.0
 
<h2>Project:</h2>
E:\嵌入式大赛\嵌入式2021\Host_Car\2021Car_Code_demo\Project\CarV1.uvprojx
Project File Date:  04/22/2022

<h2>Output:</h2>
*** Using Compiler 'V5.06 update 7 (build 960)', folder: 'D:\software\Program Files (x86)\Keil_ARM\ARM\ARMCC\Bin'
Build target 'CarV1.2'
compiling main.c...
..\USER\main.c(151): warning:  #177-D: variable "Light_Value"  was declared but never referenced
      uint16_t Light_Value = 0;				//光强度值
..\USER\main.c(152): warning:  #177-D: variable "CodedDisk_Value"  was declared but never referenced
      uint16_t CodedDisk_Value = 0;			//码盘
..\USER\main.c(153): warning:  #177-D: variable "Nav_Value"  was declared but never referenced
      uint16_t Nav_Value = 0;					//角度
..\USER\main.c(139): warning:  #550-D: variable "WIFI_Upload_data_times"  was set but never used
  static uint32_t WIFI_Upload_data_times;   //通过Wifi上传数据周期
..\USER\main.c: 4 warnings, 0 errors
linking...
Program Size: Code=23092 RO-data=696 RW-data=804 ZI-data=2460  
FromELF: creating hex file...
"..\OUTPUT\CarV1.3" - 0 Error(s), 4 Warning(s).

<h2>Software Packages used:</h2>

Package Vendor: Keil
                http://www.keil.com/pack/Keil.STM32F4xx_DFP.2.16.0.pack
                Keil.STM32F4xx_DFP.2.16.0
                STMicroelectronics STM32F4 Series Device Support, Drivers and Examples

<h2>Collection of Component include folders:</h2>
  D:\software\Program Files (x86)\Keil_ARM\ARM_Pack\Keil\STM32F4xx_DFP\2.16.0\Drivers\CMSIS\Device\ST\STM32F4xx\Include

<h2>Collection of Component Files used:</h2>
Build Time Elapsed:  00:00:03
</pre>
</body>
</html>
